******************************************************************************
               TMS320C6x Linker PC v8.3.3                      
******************************************************************************
>> Linked Tue Apr 23 22:49:27 2019

OUTPUT FILE NAME:   <key_gpio2.out>
ENTRY POINT SYMBOL: "_c_int00"  address: 80000000


MEMORY CONFIGURATION

         name            origin    length      used     unused   attr    fill
----------------------  --------  ---------  --------  --------  ----  --------
  DSPL2ROM              00700000   00100000  00000000  00100000  RWIX
  DSPL2RAM              00800000   00020000  000001e0  0001fe20  RWIX
  DSPL2RAM2             00820000   00020000  00000000  00020000  RWIX
  DSPL1PRAM             00e00000   00008000  00000000  00008000  RWIX
  DSPL1DRAM             00f00000   00008000  00000000  00008000  RWIX
  SHDSPL2ROM            11700000   00100000  00000000  00100000  RWIX
  SHDSPL2RAM            11800000   00040000  00000000  00040000  RWIX
  SHDSPL1PRAM           11e00000   00008000  00000000  00008000  RWIX
  SHDSPL1DRAM           11f00000   00008000  00000000  00008000  RWIX
  EMIFACS0              40000000   20000000  00000000  20000000  RWIX
  EMIFACS2              60000000   02000000  00000000  02000000  RWIX
  EMIFACS3              62000000   02000000  00000000  02000000  RWIX
  EMIFACS4              64000000   02000000  00000000  02000000  RWIX
  EMIFACS5              66000000   02000000  00000000  02000000  RWIX
  SHRAM                 80000000   00020000  00005398  0001ac68  RWIX
  DDR2                  c0000000   20000000  00000000  20000000  RWIX


SEGMENT ALLOCATION MAP

run origin  load origin   length   init length attrs members
----------  ----------- ---------- ----------- ----- -------
00800000    00800000    000001e0   00000000    rw-
  00800000    00800000    000001e0   00000000    rw- .datas
80000000    80000000    00003ea0   00003ea0    r-x
  80000000    80000000    00000080   00000080    r-x .text:_c_int00
  80000080    80000080    00003e20   00003e20    r-x .text
80003ea0    80003ea0    00001258   00000000    rw-
  80003ea0    80003ea0    00001000   00000000    rw- .stack
  80004ea0    80004ea0    00000240   00000000    rw- .far
  800050e0    800050e0    0000000c   00000000    rw- .fardata
  800050ec    800050ec    0000000c   00000000    rw- .neardata
800050f8    800050f8    000000a0   000000a0    r--
  800050f8    800050f8    000000a0   000000a0    r-- .cinit
80005400    80005400    00000200   00000200    r-x
  80005400    80005400    00000200   00000200    r-x .vecs


SECTION ALLOCATION MAP

 output                                  attributes/
section   page    origin      length       input sections
--------  ----  ----------  ----------   ----------------
.text:_c_int00 
*          0    80000000    00000080     
                  80000000    00000080     rts6740_elf.lib : boot.c.obj (.text:_c_int00)

.text      0    80000080    00003e20     
                  80000080    00001240     INTC.obj (.text:retain)
                  800012c0    00000ea0     Cache.obj (.text)
                  80002160    00000ae0     PSC.obj (.text)
                  80002c40    000007e0     INTC.obj (.text)
                  80003420    000003c0     main.obj (.text)
                  800037e0    00000100     IDMA.obj (.text)
                  800038e0    00000100     rts6740_elf.lib : copy_decompress_rle.c.obj (.text:__TI_decompress_rle_core)
                  800039e0    000000e0                     : exit.c.obj (.text:exit)
                  80003ac0    000000e0                     : memset.c.obj (.text:memset)
                  80003ba0    000000c0                     : autoinit.c.obj (.text:__TI_auto_init_nobinit_nopinit:__TI_auto_init_nobinit_nopinit)
                  80003c60    000000c0                     : tls.c.obj (.text:tls:init:__TI_tls_init)
                  80003d20    000000a0                     : memcpy64.asm.obj (.text:memcpy)
                  80003dc0    00000040                     : args_main.c.obj (.text:_args_main)
                  80003e00    00000020                     : startup.c.obj (.text:_system_post_cinit)
                  80003e20    00000020                     : pre_init.c.obj (.text:_system_pre_init)
                  80003e40    00000020                     : exit.c.obj (.text:abort)
                  80003e60    00000020                     : copy_decompress_none.c.obj (.text:decompress:none:__TI_decompress_none)
                  80003e80    00000020                     : copy_decompress_rle.c.obj (.text:decompress:rle24:__TI_decompress_rle24)

.cinit     0    800050f8    000000a0     
                  800050f8    0000004e     (.cinit..datas.load) [load image, compression = rle]
                  80005146    0000000d     (.cinit..fardata.load) [load image, compression = rle]
                  80005153    0000000d     (.cinit..neardata.load) [load image, compression = rle]
                  80005160    0000000b     (.cinit..far.load) [load image, compression = rle]
                  8000516b    00000001     --HOLE-- [fill = 0]
                  8000516c    00000008     (__TI_handler_table)
                  80005174    00000004     --HOLE-- [fill = 0]
                  80005178    00000020     (__TI_cinit_table)

.init_array 
*          0    80000000    00000000     UNINITIALIZED

.stack     0    80003ea0    00001000     UNINITIALIZED
                  80003ea0    00000008     rts6740_elf.lib : boot.c.obj (.stack)
                  80003ea8    00000ff8     --HOLE--

.far       0    80004ea0    00000240     UNINITIALIZED
                  80004ea0    00000200     INTC.obj (.far:ECMtable)
                  800050a0    00000040     INTC.obj (.far:ISRtable)

.neardata 
*          0    800050ec    0000000c     UNINITIALIZED
                  800050ec    0000000c     main.obj (.neardata)

.fardata   0    800050e0    0000000c     UNINITIALIZED
                  800050e0    0000000c     rts6740_elf.lib : exit.c.obj (.fardata)

.datas     0    00800000    000001e0     UNINITIALIZED
                  00800000    000001e0     main.obj (.datas)

.vecs      0    80005400    00000200     
                  80005400    00000200     intvecs.obj (.vecs)

MODULE SUMMARY

       Module                       code    ro data   rw data
       ------                       ----    -------   -------
    .\source\
       INTC.obj                     6688    0         576    
       Cache.obj                    3744    0         0      
       PSC.obj                      2784    0         0      
       main.obj                     960     0         492    
       intvecs.obj                  512     0         0      
       IDMA.obj                     256     0         0      
    +--+----------------------------+-------+---------+---------+
       Total:                       14944   0         1068   
                                                             
    C:\ti\ccsv8\tools\compiler\ti-cgt-c6000_8.3.3\lib\rts6740_elf.lib
       copy_decompress_rle.c.obj    288     0         0      
       exit.c.obj                   256     0         12     
       memset.c.obj                 224     0         0      
       autoinit.c.obj               192     0         0      
       tls.c.obj                    192     0         0      
       memcpy64.asm.obj             160     0         0      
       boot.c.obj                   128     0         0      
       args_main.c.obj              64      0         0      
       copy_decompress_none.c.obj   32      0         0      
       pre_init.c.obj               32      0         0      
       startup.c.obj                32      0         0      
    +--+----------------------------+-------+---------+---------+
       Total:                       1600    0         12     
                                                             
       Stack:                       0       0         4096   
       Linker Generated:            0       155       0      
    +--+----------------------------+-------+---------+---------+
       Grand Total:                 16544   155       5176   


LINKER GENERATED COPY TABLES

__TI_cinit_table @ 80005178 records: 4, size/record: 8, table size: 32
	.datas: load addr=800050f8, load size=0000004e bytes, run addr=00800000, run size=000001e0 bytes, compression=rle
	.fardata: load addr=80005146, load size=0000000d bytes, run addr=800050e0, run size=0000000c bytes, compression=rle
	.neardata: load addr=80005153, load size=0000000d bytes, run addr=800050ec, run size=0000000c bytes, compression=rle
	.far: load addr=80005160, load size=0000000b bytes, run addr=80004ea0, run size=00000240 bytes, compression=rle


LINKER GENERATED HANDLER TABLE

__TI_handler_table @ 8000516c records: 2, size/record: 4, table size: 8
	index: 0, handler: __TI_decompress_rle24
	index: 1, handler: __TI_decompress_none


GLOBAL SYMBOLS: SORTED ALPHABETICALLY BY Name 

address   name                               
-------   ----                               
80003e40  C$$EXIT                            
800014ec  Cache__enEnableL1D                 
800012c0  Cache__enEnableL1P                 
80001aa0  Cache__enEnableL2                  
800020cc  Cache__vDisableMARL2               
80002038  Cache__vEnableMARL2                
800015f4  Cache__vInvL1D                     
80001560  Cache__vInvL1DAll                  
800013c8  Cache__vInvL1P                     
80001330  Cache__vInvL1PAll                  
80001ba8  Cache__vInvL2                      
80001b10  Cache__vInvL2All                   
800017b4  Cache__vWbInvL1D                   
80001720  Cache__vWbInvL1DAll                
80001d60  Cache__vWbInvL2                    
80001ccc  Cache__vWbInvL2All                 
80001974  Cache__vWbL1D                      
800018e0  Cache__vWbL1DAll                   
80001f14  Cache__vWbL2                       
80001e84  Cache__vWbL2All                    
800037e0  IDMA1__enMem2Mem                   
80003850  IDMA1__enMemFill                   
800037ac  IDMA1_vIsr                         
800032e0  INTC__ExceptionCombineRemove       
80002d04  INTC__enCpuIntDisable              
80002ca8  INTC__enCpuIntEnable               
80002d90  INTC__enCpuIntRegisterRoutine      
80002d60  INTC__enCpuIntReset                
80002dd4  INTC__enCpuIntUnRegisterRoutine    
80002f24  INTC__enEventClear                 
80002f64  INTC__enEventCombineAdd            
80003088  INTC__enEventCombineInit           
80003044  INTC__enEventCombineRegisterRoutine
80002fd4  INTC__enEventCombineRemove         
80002e18  INTC__enEventMap2CpuInt            
80002ee4  INTC__enEventSet                   
80003288  INTC__enExceptionCombineAdd        
80002c40  INTC__vDspInit                     
80003264  INTC__vExceptionGlobalEnable       
80000b6c  INTC__vInt10Handler                
80000ca4  INTC__vInt11Handler                
80000dd8  INTC__vInt12Handler                
80000f10  INTC__vInt13Handler                
80001048  INTC__vInt14Handler                
8000117c  INTC__vInt15Handler                
80000424  INTC__vInt4Handler                 
80000558  INTC__vInt5Handler                 
80000690  INTC__vInt6Handler                 
800007c8  INTC__vInt7Handler                 
800008fc  INTC__vInt8Handler                 
80000a34  INTC__vInt9Handler                 
80000080  INTC__vNmiHandler                  
800001b4  INTC__vRsvd2Handler                
800002ec  INTC__vRsvd3Handler                
80005400  INTC__vVectorTable                 
80002460  PSC0__enEnableCore                 
80002160  PSC0__enEnableDsp                  
800026f4  PSC0__enEnableLPSC                 
800025b4  PSC0__enSyncReset                  
80002320  PSC1__enEnableLPSC                 
800021a0  PSC1__enForceLPSC                  
800021d8  PSC1__enSyncReset                  
80002830  PSC__enInit                        
80005178  __TI_CINIT_Base                    
80005198  __TI_CINIT_Limit                   
8000516c  __TI_Handler_Table_Base            
80005174  __TI_Handler_Table_Limit           
80004ea0  __TI_STACK_END                     
00001000  __TI_STACK_SIZE                    
800050ec  __TI_STATIC_BASE                   
UNDEFED   __TI_TLS_INIT_Base                 
UNDEFED   __TI_TLS_INIT_Limit                
80003ba0  __TI_auto_init_nobinit_nopinit     
800050e0  __TI_cleanup_ptr                   
80003e60  __TI_decompress_none               
80003e80  __TI_decompress_rle24              
800050e4  __TI_dtors_ptr                     
800050e8  __TI_enable_exit_profile_output    
ffffffff  __TI_pprof_out_hndl                
ffffffff  __TI_prof_data_size                
ffffffff  __TI_prof_data_start               
80003c60  __TI_tls_init                      
ffffffff  __binit__                          
ffffffff  __c_args__                         
80003dc0  _args_main                         
80000000  _c_int00                           
80003ea0  _stack                             
80003e00  _system_post_cinit                 
80003e20  _system_pre_init                   
80003e40  abort                              
ffffffff  binit                              
800050ec  counter1                           
800050f0  counter2                           
800039e0  exit                               
800050f4  filler                             
80003420  main                               
80003d20  memcpy                             
80003ac0  memset                             
00800000  u32Test                            
00800028  u32Test1                           
00800050  u32Test2                           


GLOBAL SYMBOLS: SORTED BY Symbol Address 

address   name                               
-------   ----                               
00001000  __TI_STACK_SIZE                    
00800000  u32Test                            
00800028  u32Test1                           
00800050  u32Test2                           
80000000  _c_int00                           
80000080  INTC__vNmiHandler                  
800001b4  INTC__vRsvd2Handler                
800002ec  INTC__vRsvd3Handler                
80000424  INTC__vInt4Handler                 
80000558  INTC__vInt5Handler                 
80000690  INTC__vInt6Handler                 
800007c8  INTC__vInt7Handler                 
800008fc  INTC__vInt8Handler                 
80000a34  INTC__vInt9Handler                 
80000b6c  INTC__vInt10Handler                
80000ca4  INTC__vInt11Handler                
80000dd8  INTC__vInt12Handler                
80000f10  INTC__vInt13Handler                
80001048  INTC__vInt14Handler                
8000117c  INTC__vInt15Handler                
800012c0  Cache__enEnableL1P                 
80001330  Cache__vInvL1PAll                  
800013c8  Cache__vInvL1P                     
800014ec  Cache__enEnableL1D                 
80001560  Cache__vInvL1DAll                  
800015f4  Cache__vInvL1D                     
80001720  Cache__vWbInvL1DAll                
800017b4  Cache__vWbInvL1D                   
800018e0  Cache__vWbL1DAll                   
80001974  Cache__vWbL1D                      
80001aa0  Cache__enEnableL2                  
80001b10  Cache__vInvL2All                   
80001ba8  Cache__vInvL2                      
80001ccc  Cache__vWbInvL2All                 
80001d60  Cache__vWbInvL2                    
80001e84  Cache__vWbL2All                    
80001f14  Cache__vWbL2                       
80002038  Cache__vEnableMARL2                
800020cc  Cache__vDisableMARL2               
80002160  PSC0__enEnableDsp                  
800021a0  PSC1__enForceLPSC                  
800021d8  PSC1__enSyncReset                  
80002320  PSC1__enEnableLPSC                 
80002460  PSC0__enEnableCore                 
800025b4  PSC0__enSyncReset                  
800026f4  PSC0__enEnableLPSC                 
80002830  PSC__enInit                        
80002c40  INTC__vDspInit                     
80002ca8  INTC__enCpuIntEnable               
80002d04  INTC__enCpuIntDisable              
80002d60  INTC__enCpuIntReset                
80002d90  INTC__enCpuIntRegisterRoutine      
80002dd4  INTC__enCpuIntUnRegisterRoutine    
80002e18  INTC__enEventMap2CpuInt            
80002ee4  INTC__enEventSet                   
80002f24  INTC__enEventClear                 
80002f64  INTC__enEventCombineAdd            
80002fd4  INTC__enEventCombineRemove         
80003044  INTC__enEventCombineRegisterRoutine
80003088  INTC__enEventCombineInit           
80003264  INTC__vExceptionGlobalEnable       
80003288  INTC__enExceptionCombineAdd        
800032e0  INTC__ExceptionCombineRemove       
80003420  main                               
800037ac  IDMA1_vIsr                         
800037e0  IDMA1__enMem2Mem                   
80003850  IDMA1__enMemFill                   
800039e0  exit                               
80003ac0  memset                             
80003ba0  __TI_auto_init_nobinit_nopinit     
80003c60  __TI_tls_init                      
80003d20  memcpy                             
80003dc0  _args_main                         
80003e00  _system_post_cinit                 
80003e20  _system_pre_init                   
80003e40  C$$EXIT                            
80003e40  abort                              
80003e60  __TI_decompress_none               
80003e80  __TI_decompress_rle24              
80003ea0  _stack                             
80004ea0  __TI_STACK_END                     
800050e0  __TI_cleanup_ptr                   
800050e4  __TI_dtors_ptr                     
800050e8  __TI_enable_exit_profile_output    
800050ec  __TI_STATIC_BASE                   
800050ec  counter1                           
800050f0  counter2                           
800050f4  filler                             
8000516c  __TI_Handler_Table_Base            
80005174  __TI_Handler_Table_Limit           
80005178  __TI_CINIT_Base                    
80005198  __TI_CINIT_Limit                   
80005400  INTC__vVectorTable                 
ffffffff  __TI_pprof_out_hndl                
ffffffff  __TI_prof_data_size                
ffffffff  __TI_prof_data_start               
ffffffff  __binit__                          
ffffffff  __c_args__                         
ffffffff  binit                              
UNDEFED   __TI_TLS_INIT_Base                 
UNDEFED   __TI_TLS_INIT_Limit                

[101 symbols]
