<?xml version="1.0" encoding="ISO-8859-1" ?>
<link_info>
   <banner>TMS320C6x Linker PC v8.3.3</banner>
   <copyright>Copyright (c) 1996-2018 Texas Instruments Incorporated</copyright>
   <link_time>0x5cb0502c</link_time>
   <link_errors>0x0</link_errors>
   <output_file>key_gpio.out</output_file>
   <entry_point>
      <name>_c_int00</name>
      <address>0x800000</address>
   </entry_point>
   <input_file_list>
      <input_file id="fl-2">
         <path>.\inc\</path>
         <kind>object</kind>
         <file>rk6748.obj</file>
         <name>rk6748.obj</name>
      </input_file>
      <input_file id="fl-3">
         <path>.\inc\</path>
         <kind>object</kind>
         <file>rk6748_gpio.obj</file>
         <name>rk6748_gpio.obj</name>
      </input_file>
      <input_file id="fl-4">
         <path>.\inc\</path>
         <kind>object</kind>
         <file>rk6748_timer.obj</file>
         <name>rk6748_timer.obj</name>
      </input_file>
      <input_file id="fl-5">
         <path>.\inc\</path>
         <kind>object</kind>
         <file>test_key_gpio.obj</file>
         <name>test_key_gpio.obj</name>
      </input_file>
      <input_file id="fl-6">
         <path>.\inc\</path>
         <kind>object</kind>
         <file>test_led.obj</file>
         <name>test_led.obj</name>
      </input_file>
      <input_file id="fl-7">
         <path>.\src\</path>
         <kind>object</kind>
         <file>main_key_gpio.obj</file>
         <name>main_key_gpio.obj</name>
      </input_file>
      <input_file id="fl-b">
         <kind>object</kind>
         <file>&lt;internal&gt;</file>
         <name>&lt;internal&gt;</name>
      </input_file>
      <input_file id="fl-25">
         <path>C:\ti\ccsv8\tools\compiler\ti-cgt-c6000_8.3.3\lib\</path>
         <kind>archive</kind>
         <file>rts6740_elf.lib</file>
         <name>printf.c.obj</name>
      </input_file>
      <input_file id="fl-26">
         <path>C:\ti\ccsv8\tools\compiler\ti-cgt-c6000_8.3.3\lib\</path>
         <kind>archive</kind>
         <file>rts6740_elf.lib</file>
         <name>_printfi.c.obj</name>
      </input_file>
      <input_file id="fl-27">
         <path>C:\ti\ccsv8\tools\compiler\ti-cgt-c6000_8.3.3\lib\</path>
         <kind>archive</kind>
         <file>rts6740_elf.lib</file>
         <name>fputc.c.obj</name>
      </input_file>
      <input_file id="fl-28">
         <path>C:\ti\ccsv8\tools\compiler\ti-cgt-c6000_8.3.3\lib\</path>
         <kind>archive</kind>
         <file>rts6740_elf.lib</file>
         <name>fputs.c.obj</name>
      </input_file>
      <input_file id="fl-29">
         <path>C:\ti\ccsv8\tools\compiler\ti-cgt-c6000_8.3.3\lib\</path>
         <kind>archive</kind>
         <file>rts6740_elf.lib</file>
         <name>_io_perm.c.obj</name>
      </input_file>
      <input_file id="fl-2a">
         <path>C:\ti\ccsv8\tools\compiler\ti-cgt-c6000_8.3.3\lib\</path>
         <kind>archive</kind>
         <file>rts6740_elf.lib</file>
         <name>setvbuf.c.obj</name>
      </input_file>
      <input_file id="fl-2b">
         <path>C:\ti\ccsv8\tools\compiler\ti-cgt-c6000_8.3.3\lib\</path>
         <kind>archive</kind>
         <file>rts6740_elf.lib</file>
         <name>push.asm.obj</name>
      </input_file>
      <input_file id="fl-2c">
         <path>C:\ti\ccsv8\tools\compiler\ti-cgt-c6000_8.3.3\lib\</path>
         <kind>archive</kind>
         <file>rts6740_elf.lib</file>
         <name>divu.asm.obj</name>
      </input_file>
      <input_file id="fl-2d">
         <path>C:\ti\ccsv8\tools\compiler\ti-cgt-c6000_8.3.3\lib\</path>
         <kind>archive</kind>
         <file>rts6740_elf.lib</file>
         <name>memcpy64.asm.obj</name>
      </input_file>
      <input_file id="fl-2e">
         <path>C:\ti\ccsv8\tools\compiler\ti-cgt-c6000_8.3.3\lib\</path>
         <kind>archive</kind>
         <file>rts6740_elf.lib</file>
         <name>boot.c.obj</name>
      </input_file>
      <input_file id="fl-2f">
         <path>C:\ti\ccsv8\tools\compiler\ti-cgt-c6000_8.3.3\lib\</path>
         <kind>archive</kind>
         <file>rts6740_elf.lib</file>
         <name>imath40.c.obj</name>
      </input_file>
      <input_file id="fl-30">
         <path>C:\ti\ccsv8\tools\compiler\ti-cgt-c6000_8.3.3\lib\</path>
         <kind>archive</kind>
         <file>rts6740_elf.lib</file>
         <name>imath64.c.obj</name>
      </input_file>
      <input_file id="fl-31">
         <path>C:\ti\ccsv8\tools\compiler\ti-cgt-c6000_8.3.3\lib\</path>
         <kind>archive</kind>
         <file>rts6740_elf.lib</file>
         <name>llshift.c.obj</name>
      </input_file>
      <input_file id="fl-32">
         <path>C:\ti\ccsv8\tools\compiler\ti-cgt-c6000_8.3.3\lib\</path>
         <kind>archive</kind>
         <file>rts6740_elf.lib</file>
         <name>memset.c.obj</name>
      </input_file>
      <input_file id="fl-33">
         <path>C:\ti\ccsv8\tools\compiler\ti-cgt-c6000_8.3.3\lib\</path>
         <kind>archive</kind>
         <file>rts6740_elf.lib</file>
         <name>autoinit.c.obj</name>
      </input_file>
      <input_file id="fl-34">
         <path>C:\ti\ccsv8\tools\compiler\ti-cgt-c6000_8.3.3\lib\</path>
         <kind>archive</kind>
         <file>rts6740_elf.lib</file>
         <name>pre_init.c.obj</name>
      </input_file>
      <input_file id="fl-35">
         <path>C:\ti\ccsv8\tools\compiler\ti-cgt-c6000_8.3.3\lib\</path>
         <kind>archive</kind>
         <file>rts6740_elf.lib</file>
         <name>startup.c.obj</name>
      </input_file>
      <input_file id="fl-36">
         <path>C:\ti\ccsv8\tools\compiler\ti-cgt-c6000_8.3.3\lib\</path>
         <kind>archive</kind>
         <file>rts6740_elf.lib</file>
         <name>cpy_tbl.c.obj</name>
      </input_file>
      <input_file id="fl-37">
         <path>C:\ti\ccsv8\tools\compiler\ti-cgt-c6000_8.3.3\lib\</path>
         <kind>archive</kind>
         <file>rts6740_elf.lib</file>
         <name>copy_zero_init.c.obj</name>
      </input_file>
      <input_file id="fl-38">
         <path>C:\ti\ccsv8\tools\compiler\ti-cgt-c6000_8.3.3\lib\</path>
         <kind>archive</kind>
         <file>rts6740_elf.lib</file>
         <name>copy_decompress_none.c.obj</name>
      </input_file>
      <input_file id="fl-39">
         <path>C:\ti\ccsv8\tools\compiler\ti-cgt-c6000_8.3.3\lib\</path>
         <kind>archive</kind>
         <file>rts6740_elf.lib</file>
         <name>copy_decompress_rle.c.obj</name>
      </input_file>
      <input_file id="fl-3a">
         <path>C:\ti\ccsv8\tools\compiler\ti-cgt-c6000_8.3.3\lib\</path>
         <kind>archive</kind>
         <file>rts6740_elf.lib</file>
         <name>frexp.c.obj</name>
      </input_file>
      <input_file id="fl-3b">
         <path>C:\ti\ccsv8\tools\compiler\ti-cgt-c6000_8.3.3\lib\</path>
         <kind>archive</kind>
         <file>rts6740_elf.lib</file>
         <name>isinf.c.obj</name>
      </input_file>
      <input_file id="fl-3c">
         <path>C:\ti\ccsv8\tools\compiler\ti-cgt-c6000_8.3.3\lib\</path>
         <kind>archive</kind>
         <file>rts6740_elf.lib</file>
         <name>ldexp.c.obj</name>
      </input_file>
      <input_file id="fl-3d">
         <path>C:\ti\ccsv8\tools\compiler\ti-cgt-c6000_8.3.3\lib\</path>
         <kind>archive</kind>
         <file>rts6740_elf.lib</file>
         <name>signbit.c.obj</name>
      </input_file>
      <input_file id="fl-3e">
         <path>C:\ti\ccsv8\tools\compiler\ti-cgt-c6000_8.3.3\lib\</path>
         <kind>archive</kind>
         <file>rts6740_elf.lib</file>
         <name>divd.c.obj</name>
      </input_file>
      <input_file id="fl-3f">
         <path>C:\ti\ccsv8\tools\compiler\ti-cgt-c6000_8.3.3\lib\</path>
         <kind>archive</kind>
         <file>rts6740_elf.lib</file>
         <name>frcmpyd_div.c.obj</name>
      </input_file>
      <input_file id="fl-40">
         <path>C:\ti\ccsv8\tools\compiler\ti-cgt-c6000_8.3.3\lib\</path>
         <kind>archive</kind>
         <file>rts6740_elf.lib</file>
         <name>exit.c.obj</name>
      </input_file>
      <input_file id="fl-41">
         <path>C:\ti\ccsv8\tools\compiler\ti-cgt-c6000_8.3.3\lib\</path>
         <kind>archive</kind>
         <file>rts6740_elf.lib</file>
         <name>memory.c.obj</name>
      </input_file>
      <input_file id="fl-42">
         <path>C:\ti\ccsv8\tools\compiler\ti-cgt-c6000_8.3.3\lib\</path>
         <kind>archive</kind>
         <file>rts6740_elf.lib</file>
         <name>_lock.c.obj</name>
      </input_file>
      <input_file id="fl-43">
         <path>C:\ti\ccsv8\tools\compiler\ti-cgt-c6000_8.3.3\lib\</path>
         <kind>archive</kind>
         <file>rts6740_elf.lib</file>
         <name>_ltoa.c.obj</name>
      </input_file>
      <input_file id="fl-44">
         <path>C:\ti\ccsv8\tools\compiler\ti-cgt-c6000_8.3.3\lib\</path>
         <kind>archive</kind>
         <file>rts6740_elf.lib</file>
         <name>args_main.c.obj</name>
      </input_file>
      <input_file id="fl-45">
         <path>C:\ti\ccsv8\tools\compiler\ti-cgt-c6000_8.3.3\lib\</path>
         <kind>archive</kind>
         <file>rts6740_elf.lib</file>
         <name>atoi.c.obj</name>
      </input_file>
      <input_file id="fl-46">
         <path>C:\ti\ccsv8\tools\compiler\ti-cgt-c6000_8.3.3\lib\</path>
         <kind>archive</kind>
         <file>rts6740_elf.lib</file>
         <name>ctype.c.obj</name>
      </input_file>
      <input_file id="fl-47">
         <path>C:\ti\ccsv8\tools\compiler\ti-cgt-c6000_8.3.3\lib\</path>
         <kind>archive</kind>
         <file>rts6740_elf.lib</file>
         <name>defs.c.obj</name>
      </input_file>
      <input_file id="fl-48">
         <path>C:\ti\ccsv8\tools\compiler\ti-cgt-c6000_8.3.3\lib\</path>
         <kind>archive</kind>
         <file>rts6740_elf.lib</file>
         <name>memccpy.c.obj</name>
      </input_file>
      <input_file id="fl-49">
         <path>C:\ti\ccsv8\tools\compiler\ti-cgt-c6000_8.3.3\lib\</path>
         <kind>archive</kind>
         <file>rts6740_elf.lib</file>
         <name>write.c.obj</name>
      </input_file>
      <input_file id="fl-4a">
         <path>C:\ti\ccsv8\tools\compiler\ti-cgt-c6000_8.3.3\lib\</path>
         <kind>archive</kind>
         <file>rts6740_elf.lib</file>
         <name>tls.c.obj</name>
      </input_file>
      <input_file id="fl-4b">
         <path>C:\ti\ccsv8\tools\compiler\ti-cgt-c6000_8.3.3\lib\</path>
         <kind>archive</kind>
         <file>rts6740_elf.lib</file>
         <name>llabs.c.obj</name>
      </input_file>
      <input_file id="fl-4c">
         <path>C:\ti\ccsv8\tools\compiler\ti-cgt-c6000_8.3.3\lib\</path>
         <kind>archive</kind>
         <file>rts6740_elf.lib</file>
         <name>errno.c.obj</name>
      </input_file>
      <input_file id="fl-4d">
         <path>C:\ti\ccsv8\tools\compiler\ti-cgt-c6000_8.3.3\lib\</path>
         <kind>archive</kind>
         <file>rts6740_elf.lib</file>
         <name>wcslen.c.obj</name>
      </input_file>
      <input_file id="fl-4e">
         <path>C:\ti\ccsv8\tools\compiler\ti-cgt-c6000_8.3.3\lib\</path>
         <kind>archive</kind>
         <file>rts6740_elf.lib</file>
         <name>fflush.c.obj</name>
      </input_file>
      <input_file id="fl-4f">
         <path>C:\ti\ccsv8\tools\compiler\ti-cgt-c6000_8.3.3\lib\</path>
         <kind>archive</kind>
         <file>rts6740_elf.lib</file>
         <name>fopen.c.obj</name>
      </input_file>
      <input_file id="fl-50">
         <path>C:\ti\ccsv8\tools\compiler\ti-cgt-c6000_8.3.3\lib\</path>
         <kind>archive</kind>
         <file>rts6740_elf.lib</file>
         <name>fseek.c.obj</name>
      </input_file>
      <input_file id="fl-51">
         <path>C:\ti\ccsv8\tools\compiler\ti-cgt-c6000_8.3.3\lib\</path>
         <kind>archive</kind>
         <file>rts6740_elf.lib</file>
         <name>tls_get_tp.asm.obj</name>
      </input_file>
      <input_file id="fl-52">
         <path>C:\ti\ccsv8\tools\compiler\ti-cgt-c6000_8.3.3\lib\</path>
         <kind>archive</kind>
         <file>rts6740_elf.lib</file>
         <name>lseek.c.obj</name>
      </input_file>
      <input_file id="fl-53">
         <path>C:\ti\ccsv8\tools\compiler\ti-cgt-c6000_8.3.3\lib\</path>
         <kind>archive</kind>
         <file>rts6740_elf.lib</file>
         <name>open.c.obj</name>
      </input_file>
      <input_file id="fl-54">
         <path>C:\ti\ccsv8\tools\compiler\ti-cgt-c6000_8.3.3\lib\</path>
         <kind>archive</kind>
         <file>rts6740_elf.lib</file>
         <name>hostclose.c.obj</name>
      </input_file>
      <input_file id="fl-55">
         <path>C:\ti\ccsv8\tools\compiler\ti-cgt-c6000_8.3.3\lib\</path>
         <kind>archive</kind>
         <file>rts6740_elf.lib</file>
         <name>hostlseek.c.obj</name>
      </input_file>
      <input_file id="fl-56">
         <path>C:\ti\ccsv8\tools\compiler\ti-cgt-c6000_8.3.3\lib\</path>
         <kind>archive</kind>
         <file>rts6740_elf.lib</file>
         <name>hostopen.c.obj</name>
      </input_file>
      <input_file id="fl-57">
         <path>C:\ti\ccsv8\tools\compiler\ti-cgt-c6000_8.3.3\lib\</path>
         <kind>archive</kind>
         <file>rts6740_elf.lib</file>
         <name>hostread.c.obj</name>
      </input_file>
      <input_file id="fl-58">
         <path>C:\ti\ccsv8\tools\compiler\ti-cgt-c6000_8.3.3\lib\</path>
         <kind>archive</kind>
         <file>rts6740_elf.lib</file>
         <name>hostrename.c.obj</name>
      </input_file>
      <input_file id="fl-59">
         <path>C:\ti\ccsv8\tools\compiler\ti-cgt-c6000_8.3.3\lib\</path>
         <kind>archive</kind>
         <file>rts6740_elf.lib</file>
         <name>hostunlink.c.obj</name>
      </input_file>
      <input_file id="fl-5a">
         <path>C:\ti\ccsv8\tools\compiler\ti-cgt-c6000_8.3.3\lib\</path>
         <kind>archive</kind>
         <file>rts6740_elf.lib</file>
         <name>hostwrite.c.obj</name>
      </input_file>
      <input_file id="fl-5b">
         <path>C:\ti\ccsv8\tools\compiler\ti-cgt-c6000_8.3.3\lib\</path>
         <kind>archive</kind>
         <file>rts6740_elf.lib</file>
         <name>trgmsg.c.obj</name>
      </input_file>
      <input_file id="fl-5c">
         <path>C:\ti\ccsv8\tools\compiler\ti-cgt-c6000_8.3.3\lib\</path>
         <kind>archive</kind>
         <file>rts6740_elf.lib</file>
         <name>fclose.c.obj</name>
      </input_file>
      <input_file id="fl-5d">
         <path>C:\ti\ccsv8\tools\compiler\ti-cgt-c6000_8.3.3\lib\</path>
         <kind>archive</kind>
         <file>rts6740_elf.lib</file>
         <name>getdevice.c.obj</name>
      </input_file>
      <input_file id="fl-5e">
         <path>C:\ti\ccsv8\tools\compiler\ti-cgt-c6000_8.3.3\lib\</path>
         <kind>archive</kind>
         <file>rts6740_elf.lib</file>
         <name>close.c.obj</name>
      </input_file>
      <input_file id="fl-5f">
         <path>C:\ti\ccsv8\tools\compiler\ti-cgt-c6000_8.3.3\lib\</path>
         <kind>archive</kind>
         <file>rts6740_elf.lib</file>
         <name>remove.c.obj</name>
      </input_file>
      <input_file id="fl-60">
         <path>C:\ti\ccsv8\tools\compiler\ti-cgt-c6000_8.3.3\lib\</path>
         <kind>archive</kind>
         <file>rts6740_elf.lib</file>
         <name>unlink.c.obj</name>
      </input_file>
   </input_file_list>
   <object_component_list>
      <object_component id="oc-25">
         <name>.text:_c_int00</name>
         <load_address>0x800000</load_address>
         <run_address>0x800000</run_address>
         <size>0x80</size>
         <input_file_ref idref="fl-2e"/>
      </object_component>
      <object_component id="oc-17f">
         <name>.text:__TI_printfi</name>
         <load_address>0x800080</load_address>
         <run_address>0x800080</run_address>
         <size>0x2040</size>
         <input_file_ref idref="fl-26"/>
      </object_component>
      <object_component id="oc-f1">
         <name>.text</name>
         <load_address>0x8020c0</load_address>
         <run_address>0x8020c0</run_address>
         <size>0xae0</size>
         <input_file_ref idref="fl-4"/>
      </object_component>
      <object_component id="oc-13b">
         <name>.text</name>
         <load_address>0x802ba0</load_address>
         <run_address>0x802ba0</run_address>
         <size>0x740</size>
         <input_file_ref idref="fl-2"/>
      </object_component>
      <object_component id="oc-201">
         <name>.text:_pconv_a</name>
         <load_address>0x8032e0</load_address>
         <run_address>0x8032e0</run_address>
         <size>0x660</size>
         <input_file_ref idref="fl-26"/>
      </object_component>
      <object_component id="oc-278">
         <name>.text:__c6xabi_divd</name>
         <load_address>0x803940</load_address>
         <run_address>0x803940</run_address>
         <size>0x5e0</size>
         <input_file_ref idref="fl-3e"/>
      </object_component>
      <object_component id="oc-1ef">
         <name>.text:_pconv_g</name>
         <load_address>0x803f20</load_address>
         <run_address>0x803f20</run_address>
         <size>0x400</size>
         <input_file_ref idref="fl-26"/>
      </object_component>
      <object_component id="oc-32a">
         <name>.text:free</name>
         <load_address>0x804320</load_address>
         <run_address>0x804320</run_address>
         <size>0x3c0</size>
         <input_file_ref idref="fl-41"/>
      </object_component>
      <object_component id="oc-1c5">
         <name>.text:fputs</name>
         <load_address>0x8046e0</load_address>
         <run_address>0x8046e0</run_address>
         <size>0x320</size>
         <input_file_ref idref="fl-28"/>
      </object_component>
      <object_component id="oc-1fb">
         <name>.text:_pconv_e</name>
         <load_address>0x804a00</load_address>
         <run_address>0x804a00</run_address>
         <size>0x2a0</size>
         <input_file_ref idref="fl-26"/>
      </object_component>
      <object_component id="oc-291">
         <name>.text:fcvt</name>
         <load_address>0x804ca0</load_address>
         <run_address>0x804ca0</run_address>
         <size>0x2a0</size>
         <input_file_ref idref="fl-26"/>
      </object_component>
      <object_component id="oc-135">
         <name>.text</name>
         <load_address>0x804f40</load_address>
         <run_address>0x804f40</run_address>
         <size>0x2a0</size>
         <input_file_ref idref="fl-3"/>
      </object_component>
      <object_component id="oc-263">
         <name>.text:__c6xabi_divull</name>
         <load_address>0x8051e0</load_address>
         <run_address>0x8051e0</run_address>
         <size>0x260</size>
         <input_file_ref idref="fl-30"/>
      </object_component>
      <object_component id="oc-f7">
         <name>.text</name>
         <load_address>0x805440</load_address>
         <run_address>0x805440</run_address>
         <size>0x220</size>
         <input_file_ref idref="fl-5"/>
      </object_component>
      <object_component id="oc-1d7">
         <name>.text:_ltostr</name>
         <load_address>0x805660</load_address>
         <run_address>0x805660</run_address>
         <size>0x200</size>
         <input_file_ref idref="fl-26"/>
      </object_component>
      <object_component id="oc-269">
         <name>.text:__c6xabi_divul</name>
         <load_address>0x805860</load_address>
         <run_address>0x805860</run_address>
         <size>0x1c0</size>
         <input_file_ref idref="fl-2f"/>
      </object_component>
      <object_component id="oc-1be">
         <name>.text:fputc</name>
         <load_address>0x805a20</load_address>
         <run_address>0x805a20</run_address>
         <size>0x1c0</size>
         <input_file_ref idref="fl-27"/>
      </object_component>
      <object_component id="oc-299">
         <name>.text:frexp</name>
         <load_address>0x805be0</load_address>
         <run_address>0x805be0</run_address>
         <size>0x1c0</size>
         <input_file_ref idref="fl-3a"/>
      </object_component>
      <object_component id="oc-330">
         <name>.text:malloc</name>
         <load_address>0x805da0</load_address>
         <run_address>0x805da0</run_address>
         <size>0x1c0</size>
         <input_file_ref idref="fl-41"/>
      </object_component>
      <object_component id="oc-2c7">
         <name>.text:setvbuf</name>
         <load_address>0x805f60</load_address>
         <run_address>0x805f60</run_address>
         <size>0x1c0</size>
         <input_file_ref idref="fl-2a"/>
      </object_component>
      <object_component id="oc-3c7">
         <name>.text:HOSTrename</name>
         <load_address>0x806120</load_address>
         <run_address>0x806120</run_address>
         <size>0x1a0</size>
         <input_file_ref idref="fl-58"/>
      </object_component>
      <object_component id="oc-29f">
         <name>.text:ldexp</name>
         <load_address>0x8062c0</load_address>
         <run_address>0x8062c0</run_address>
         <size>0x180</size>
         <input_file_ref idref="fl-3c"/>
      </object_component>
      <object_component id="oc-1f5">
         <name>.text:_pconv_f</name>
         <load_address>0x806440</load_address>
         <run_address>0x806440</run_address>
         <size>0x120</size>
         <input_file_ref idref="fl-26"/>
      </object_component>
      <object_component id="oc-415">
         <name>.text:getdevice</name>
         <load_address>0x806560</load_address>
         <run_address>0x806560</run_address>
         <size>0x120</size>
         <input_file_ref idref="fl-5d"/>
      </object_component>
      <object_component id="oc-39a">
         <name>.text:__TI_closefile</name>
         <load_address>0x806680</load_address>
         <run_address>0x806680</run_address>
         <size>0x100</size>
         <input_file_ref idref="fl-5c"/>
      </object_component>
      <object_component id="oc-3d">
         <name>.text:__TI_decompress_rle_core</name>
         <load_address>0x806780</load_address>
         <run_address>0x806780</run_address>
         <size>0x100</size>
         <input_file_ref idref="fl-39"/>
      </object_component>
      <object_component id="oc-28a">
         <name>.text:_mcpy</name>
         <load_address>0x806880</load_address>
         <run_address>0x806880</run_address>
         <size>0x100</size>
         <input_file_ref idref="fl-26"/>
      </object_component>
      <object_component id="oc-1d1">
         <name>.text:atoi</name>
         <load_address>0x806980</load_address>
         <run_address>0x806980</run_address>
         <size>0x100</size>
         <input_file_ref idref="fl-45"/>
      </object_component>
      <object_component id="oc-2c1">
         <name>.text:fseek</name>
         <load_address>0x806a80</load_address>
         <run_address>0x806a80</run_address>
         <size>0x100</size>
         <input_file_ref idref="fl-50"/>
      </object_component>
      <object_component id="oc-3bb">
         <name>.text:HOSTlseek</name>
         <load_address>0x806b80</load_address>
         <run_address>0x806b80</run_address>
         <size>0xe0</size>
         <input_file_ref idref="fl-55"/>
      </object_component>
      <object_component id="oc-3a3">
         <name>.text:HOSTopen</name>
         <load_address>0x806c60</load_address>
         <run_address>0x806c60</run_address>
         <size>0xe0</size>
         <input_file_ref idref="fl-56"/>
      </object_component>
      <object_component id="oc-3b5">
         <name>.text:HOSTwrite</name>
         <load_address>0x806d40</load_address>
         <run_address>0x806d40</run_address>
         <size>0xe0</size>
         <input_file_ref idref="fl-5a"/>
      </object_component>
      <object_component id="oc-27e">
         <name>.text:__TI_ltoa</name>
         <load_address>0x806e20</load_address>
         <run_address>0x806e20</run_address>
         <size>0xe0</size>
         <input_file_ref idref="fl-43"/>
      </object_component>
      <object_component id="oc-247">
         <name>.text:__TI_wrt_ok</name>
         <load_address>0x806f00</load_address>
         <run_address>0x806f00</run_address>
         <size>0xe0</size>
         <input_file_ref idref="fl-29"/>
      </object_component>
      <object_component id="oc-3e8">
         <name>.text:close</name>
         <load_address>0x806fe0</load_address>
         <run_address>0x806fe0</run_address>
         <size>0xe0</size>
         <input_file_ref idref="fl-5e"/>
      </object_component>
      <object_component id="oc-5b">
         <name>.text:exit</name>
         <load_address>0x8070c0</load_address>
         <run_address>0x8070c0</run_address>
         <size>0xe0</size>
         <input_file_ref idref="fl-40"/>
      </object_component>
      <object_component id="oc-7c">
         <name>.text:memset</name>
         <load_address>0x8071a0</load_address>
         <run_address>0x8071a0</run_address>
         <size>0xe0</size>
         <input_file_ref idref="fl-32"/>
      </object_component>
      <object_component id="oc-141">
         <name>.text:printf</name>
         <load_address>0x807280</load_address>
         <run_address>0x807280</run_address>
         <size>0xe0</size>
         <input_file_ref idref="fl-25"/>
      </object_component>
      <object_component id="oc-3af">
         <name>.text:HOSTread</name>
         <load_address>0x807360</load_address>
         <run_address>0x807360</run_address>
         <size>0xc0</size>
         <input_file_ref idref="fl-57"/>
      </object_component>
      <object_component id="oc-3c1">
         <name>.text:HOSTunlink</name>
         <load_address>0x807420</load_address>
         <run_address>0x807420</run_address>
         <size>0xc0</size>
         <input_file_ref idref="fl-59"/>
      </object_component>
      <object_component id="oc-a4">
         <name>.text:__TI_auto_init_nobinit_nopinit:__TI_auto_init_nobinit_nopinit</name>
         <load_address>0x8074e0</load_address>
         <run_address>0x8074e0</run_address>
         <size>0xc0</size>
         <input_file_ref idref="fl-33"/>
      </object_component>
      <object_component id="oc-24d">
         <name>.text:__TI_doflush</name>
         <load_address>0x8075a0</load_address>
         <run_address>0x8075a0</run_address>
         <size>0xc0</size>
         <input_file_ref idref="fl-4e"/>
      </object_component>
      <object_component id="oc-26f">
         <name>.text:__divu</name>
         <load_address>0x807660</load_address>
         <run_address>0x807660</run_address>
         <size>0xc0</size>
         <input_file_ref idref="fl-2c"/>
      </object_component>
      <object_component id="oc-38f">
         <name>.text:mremove</name>
         <load_address>0x807720</load_address>
         <run_address>0x807720</run_address>
         <size>0xc0</size>
         <input_file_ref idref="fl-41"/>
      </object_component>
      <object_component id="oc-110">
         <name>.text:tls:init:__TI_tls_init</name>
         <load_address>0x8077e0</load_address>
         <run_address>0x8077e0</run_address>
         <size>0xc0</size>
         <input_file_ref idref="fl-4a"/>
      </object_component>
      <object_component id="oc-3a9">
         <name>.text:HOSTclose</name>
         <load_address>0x8078a0</load_address>
         <run_address>0x8078a0</run_address>
         <size>0xa0</size>
         <input_file_ref idref="fl-54"/>
      </object_component>
      <object_component id="oc-336">
         <name>.text:__TI_cleanup</name>
         <load_address>0x807940</load_address>
         <run_address>0x807940</run_address>
         <size>0xa0</size>
         <input_file_ref idref="fl-4f"/>
      </object_component>
      <object_component id="oc-284">
         <name>.text:_ecpy</name>
         <load_address>0x8079e0</load_address>
         <run_address>0x8079e0</run_address>
         <size>0xa0</size>
         <input_file_ref idref="fl-26"/>
      </object_component>
      <object_component id="oc-435">
         <name>.text:finddevice</name>
         <load_address>0x807a80</load_address>
         <run_address>0x807a80</run_address>
         <size>0xa0</size>
         <input_file_ref idref="fl-5d"/>
      </object_component>
      <object_component id="oc-31">
         <name>.text:memcpy</name>
         <load_address>0x807b20</load_address>
         <run_address>0x807b20</run_address>
         <size>0xa0</size>
         <input_file_ref idref="fl-2d"/>
      </object_component>
      <object_component id="oc-389">
         <name>.text:minsert</name>
         <load_address>0x807bc0</load_address>
         <run_address>0x807bc0</run_address>
         <size>0xa0</size>
         <input_file_ref idref="fl-41"/>
      </object_component>
      <object_component id="oc-400">
         <name>.text:__TI_readmsg</name>
         <load_address>0x807c60</load_address>
         <run_address>0x807c60</run_address>
         <size>0x80</size>
         <input_file_ref idref="fl-5b"/>
      </object_component>
      <object_component id="oc-2df">
         <name>.text:__c6xabi_llshl</name>
         <load_address>0x807ce0</load_address>
         <run_address>0x807ce0</run_address>
         <size>0x80</size>
         <input_file_ref idref="fl-31"/>
      </object_component>
      <object_component id="oc-3ee">
         <name>.text:unlink</name>
         <load_address>0x807d60</load_address>
         <run_address>0x807d60</run_address>
         <size>0x80</size>
         <input_file_ref idref="fl-60"/>
      </object_component>
      <object_component id="oc-3fa">
         <name>.text:__TI_writemsg</name>
         <load_address>0x807de0</load_address>
         <run_address>0x807de0</run_address>
         <size>0x60</size>
         <input_file_ref idref="fl-5b"/>
      </object_component>
      <object_component id="oc-2eb">
         <name>.text:__c6xabi_llshru</name>
         <load_address>0x807e40</load_address>
         <run_address>0x807e40</run_address>
         <size>0x60</size>
         <input_file_ref idref="fl-31"/>
      </object_component>
      <object_component id="oc-2e5">
         <name>.text:_subcull</name>
         <load_address>0x807ea0</load_address>
         <run_address>0x807ea0</run_address>
         <size>0x60</size>
         <input_file_ref idref="fl-30"/>
      </object_component>
      <object_component id="oc-322">
         <name>.text:lseek</name>
         <load_address>0x807f00</load_address>
         <run_address>0x807f00</run_address>
         <size>0x60</size>
         <input_file_ref idref="fl-52"/>
      </object_component>
      <object_component id="oc-207">
         <name>.text:memccpy</name>
         <load_address>0x807f60</load_address>
         <run_address>0x807f60</run_address>
         <size>0x60</size>
         <input_file_ref idref="fl-48"/>
      </object_component>
      <object_component id="oc-253">
         <name>.text:write</name>
         <load_address>0x807fc0</load_address>
         <run_address>0x807fc0</run_address>
         <size>0x60</size>
         <input_file_ref idref="fl-49"/>
      </object_component>
      <object_component id="oc-2f6">
         <name>.text:__TI_frcmpyd_div</name>
         <load_address>0x808020</load_address>
         <run_address>0x808020</run_address>
         <size>0x40</size>
         <input_file_ref idref="fl-3f"/>
      </object_component>
      <object_component id="oc-1e3">
         <name>.text:__c6xabi_isinf</name>
         <load_address>0x808060</load_address>
         <run_address>0x808060</run_address>
         <size>0x40</size>
         <input_file_ref idref="fl-3b"/>
      </object_component>
      <object_component id="oc-1dd">
         <name>.text:__c6xabi_isnan</name>
         <load_address>0x8080a0</load_address>
         <run_address>0x8080a0</run_address>
         <size>0x40</size>
         <input_file_ref idref="fl-26"/>
      </object_component>
      <object_component id="oc-55">
         <name>.text:_args_main</name>
         <load_address>0x8080e0</load_address>
         <run_address>0x8080e0</run_address>
         <size>0x40</size>
         <input_file_ref idref="fl-44"/>
      </object_component>
      <object_component id="oc-20d">
         <name>.text:wcslen</name>
         <load_address>0x808120</load_address>
         <run_address>0x808120</run_address>
         <size>0x40</size>
         <input_file_ref idref="fl-4d"/>
      </object_component>
      <object_component id="oc-213">
         <name>.text:__c6xabi_errno_addr</name>
         <load_address>0x808160</load_address>
         <run_address>0x808160</run_address>
         <size>0x20</size>
         <input_file_ref idref="fl-4c"/>
      </object_component>
      <object_component id="oc-219">
         <name>.text:__pop_rts</name>
         <load_address>0x808180</load_address>
         <run_address>0x808180</run_address>
         <size>0x20</size>
         <input_file_ref idref="fl-2b"/>
      </object_component>
      <object_component id="oc-1cc">
         <name>.text:__push_rts</name>
         <load_address>0x8081a0</load_address>
         <run_address>0x8081a0</run_address>
         <size>0x20</size>
         <input_file_ref idref="fl-2b"/>
      </object_component>
      <object_component id="oc-1af">
         <name>.text:_nop</name>
         <load_address>0x8081c0</load_address>
         <run_address>0x8081c0</run_address>
         <size>0x20</size>
         <input_file_ref idref="fl-42"/>
      </object_component>
      <object_component id="oc-173">
         <name>.text:_outc</name>
         <load_address>0x8081e0</load_address>
         <run_address>0x8081e0</run_address>
         <size>0x20</size>
         <input_file_ref idref="fl-25"/>
      </object_component>
      <object_component id="oc-179">
         <name>.text:_outs</name>
         <load_address>0x808200</load_address>
         <run_address>0x808200</run_address>
         <size>0x20</size>
         <input_file_ref idref="fl-25"/>
      </object_component>
      <object_component id="oc-1e9">
         <name>.text:_signbit</name>
         <load_address>0x808220</load_address>
         <run_address>0x808220</run_address>
         <size>0x20</size>
         <input_file_ref idref="fl-3d"/>
      </object_component>
      <object_component id="oc-10a">
         <name>.text:_system_post_cinit</name>
         <load_address>0x808240</load_address>
         <run_address>0x808240</run_address>
         <size>0x20</size>
         <input_file_ref idref="fl-35"/>
      </object_component>
      <object_component id="oc-61">
         <name>.text:_system_pre_init</name>
         <load_address>0x808260</load_address>
         <run_address>0x808260</run_address>
         <size>0x20</size>
         <input_file_ref idref="fl-34"/>
      </object_component>
      <object_component id="oc-9b">
         <name>.text:abort</name>
         <load_address>0x808280</load_address>
         <run_address>0x808280</run_address>
         <size>0x20</size>
         <input_file_ref idref="fl-40"/>
      </object_component>
      <object_component id="oc-18">
         <name>.text:decompress:none:__TI_decompress_none</name>
         <load_address>0x8082a0</load_address>
         <run_address>0x8082a0</run_address>
         <size>0x20</size>
         <input_file_ref idref="fl-38"/>
      </object_component>
      <object_component id="oc-1e">
         <name>.text:decompress:rle24:__TI_decompress_rle24</name>
         <load_address>0x8082c0</load_address>
         <run_address>0x8082c0</run_address>
         <size>0x20</size>
         <input_file_ref idref="fl-39"/>
      </object_component>
      <object_component id="oc-90">
         <name>.text</name>
         <load_address>0x8082e0</load_address>
         <run_address>0x8082e0</run_address>
         <size>0x20</size>
         <input_file_ref idref="fl-7"/>
      </object_component>
      <object_component id="oc-21f">
         <name>.switch:__TI_printfi</name>
         <load_address>0x80a2e8</load_address>
         <run_address>0x80a2e8</run_address>
         <size>0x38</size>
         <input_file_ref idref="fl-26"/>
      </object_component>
      <object_component id="oc-162">
         <name>.switch:getRegisterBankAndBit</name>
         <load_address>0x80a320</load_address>
         <run_address>0x80a320</run_address>
         <size>0x24</size>
         <input_file_ref idref="fl-3"/>
      </object_component>
      <object_component id="oc-25e">
         <name>.const:.string:_ctypes_</name>
         <load_address>0x809e20</load_address>
         <run_address>0x809e20</run_address>
         <size>0x101</size>
         <input_file_ref idref="fl-46"/>
      </object_component>
      <object_component id="oc-163">
         <name>.const:bitval_u32</name>
         <load_address>0x809f28</load_address>
         <run_address>0x809f28</run_address>
         <size>0x80</size>
         <input_file_ref idref="fl-3"/>
      </object_component>
      <object_component id="oc-147">
         <name>.const:.string</name>
         <load_address>0x809fa8</load_address>
         <run_address>0x809fa8</run_address>
         <size>0x70</size>
         <input_file_ref idref="fl-5"/>
      </object_component>
      <object_component id="oc-168">
         <name>.const:.string</name>
         <load_address>0x80a018</load_address>
         <run_address>0x80a018</run_address>
         <size>0x40</size>
         <input_file_ref idref="fl-2"/>
      </object_component>
      <object_component id="oc-21e">
         <name>.const:.string</name>
         <load_address>0x80a058</load_address>
         <run_address>0x80a058</run_address>
         <size>0x24</size>
         <input_file_ref idref="fl-26"/>
      </object_component>
      <object_component id="oc-476">
         <name>.cinit..fardata.load</name>
         <load_address>0x80a348</load_address>
         <run_address>0x80a348</run_address>
         <size>0x6c</size>
      </object_component>
      <object_component id="oc-477">
         <name>.cinit..far.load</name>
         <load_address>0x80a3b4</load_address>
         <run_address>0x80a3b4</run_address>
         <size>0xb</size>
      </object_component>
      <object_component id="oc-474">
         <name>__TI_handler_table</name>
         <load_address>0x80a3c0</load_address>
         <run_address>0x80a3c0</run_address>
         <size>0x8</size>
      </object_component>
      <object_component id="oc-475">
         <name>__TI_cinit_table</name>
         <load_address>0x80a3c8</load_address>
         <run_address>0x80a3c8</run_address>
         <size>0x10</size>
      </object_component>
      <object_component id="oc-98">
         <name>.fardata</name>
         <load_address>0x809df8</load_address>
         <run_address>0x809df8</run_address>
         <size>0xc</size>
         <input_file_ref idref="fl-40"/>
      </object_component>
      <object_component id="oc-386">
         <name>.fardata</name>
         <load_address>0x809e04</load_address>
         <run_address>0x809e04</run_address>
         <size>0x8</size>
         <input_file_ref idref="fl-41"/>
      </object_component>
      <object_component id="oc-16a">
         <name>.fardata:_lock</name>
         <load_address>0x809e0c</load_address>
         <run_address>0x809e0c</run_address>
         <size>0x4</size>
         <input_file_ref idref="fl-42"/>
      </object_component>
      <object_component id="oc-170">
         <name>.fardata:_unlock</name>
         <load_address>0x809e10</load_address>
         <run_address>0x809e10</run_address>
         <size>0x4</size>
         <input_file_ref idref="fl-42"/>
      </object_component>
      <object_component id="oc-16d">
         <name>.fardata:_ftable</name>
         <load_address>0x809b00</load_address>
         <run_address>0x809b00</run_address>
         <size>0x1e0</size>
         <input_file_ref idref="fl-47"/>
      </object_component>
      <object_component id="oc-397">
         <name>.fardata</name>
         <load_address>0x809e14</load_address>
         <run_address>0x809e14</run_address>
         <size>0x4</size>
         <input_file_ref idref="fl-47"/>
      </object_component>
      <object_component id="oc-347">
         <name>.fardata:_device</name>
         <load_address>0x809d80</load_address>
         <run_address>0x809d80</run_address>
         <size>0x78</size>
         <input_file_ref idref="fl-49"/>
      </object_component>
      <object_component id="oc-2d1">
         <name>.fardata:_stream</name>
         <load_address>0x809ce0</load_address>
         <run_address>0x809ce0</run_address>
         <size>0xa0</size>
         <input_file_ref idref="fl-49"/>
      </object_component>
      <object_component id="oc-2af">
         <name>.fardata</name>
         <load_address>0x809e18</load_address>
         <run_address>0x809e18</run_address>
         <size>0x4</size>
         <input_file_ref idref="fl-4c"/>
      </object_component>
      <object_component id="oc-3f4">
         <name>.common:__TI_tmpnams</name>
         <uninitialized>true</uninitialized>
         <run_address>0x80a080</run_address>
         <size>0x140</size>
      </object_component>
      <object_component id="oc-3f7">
         <name>.common:parmbuf</name>
         <uninitialized>true</uninitialized>
         <run_address>0x80a1c0</run_address>
         <size>0x8</size>
      </object_component>
      <object_component id="oc-2b">
         <name>.stack</name>
         <uninitialized>true</uninitialized>
         <run_address>0x808300</run_address>
         <size>0x8</size>
         <input_file_ref idref="fl-2e"/>
      </object_component>
      <object_component id="oc-478">
         <name>.stack</name>
         <uninitialized>true</uninitialized>
         <run_address>0x808300</run_address>
         <size>0x0</size>
      </object_component>
      <object_component id="oc-2e">
         <name>.sysmem</name>
         <uninitialized>true</uninitialized>
         <run_address>0x809300</run_address>
         <size>0x8</size>
         <input_file_ref idref="fl-41"/>
      </object_component>
      <object_component id="oc-479">
         <name>.sysmem</name>
         <uninitialized>true</uninitialized>
         <run_address>0x809300</run_address>
         <size>0x0</size>
      </object_component>
      <object_component id="oc-421">
         <name>.cio</name>
         <uninitialized>true</uninitialized>
         <run_address>0x80a1c8</run_address>
         <size>0x120</size>
         <input_file_ref idref="fl-5b"/>
      </object_component>
      <object_component id="oc-15f">
         <name>.debug_info</name>
         <load_address>0x0</load_address>
         <run_address>0x0</run_address>
         <size>0x691</size>
         <input_file_ref idref="fl-2"/>
      </object_component>
      <object_component id="oc-13d">
         <name>.debug_info</name>
         <load_address>0x691</load_address>
         <run_address>0x691</run_address>
         <size>0xa4b</size>
         <input_file_ref idref="fl-2"/>
      </object_component>
      <object_component id="oc-19c">
         <name>.debug_info</name>
         <load_address>0x10dc</load_address>
         <run_address>0x10dc</run_address>
         <size>0x90f</size>
         <input_file_ref idref="fl-2"/>
      </object_component>
      <object_component id="oc-1a1">
         <name>.debug_info</name>
         <load_address>0x19eb</load_address>
         <run_address>0x19eb</run_address>
         <size>0x26b</size>
         <input_file_ref idref="fl-2"/>
      </object_component>
      <object_component id="oc-77">
         <name>.debug_info</name>
         <load_address>0x1c56</load_address>
         <run_address>0x1c56</run_address>
         <size>0xc0</size>
         <input_file_ref idref="fl-2"/>
      </object_component>
      <object_component id="oc-12f">
         <name>.debug_info</name>
         <load_address>0x1d16</load_address>
         <run_address>0x1d16</run_address>
         <size>0xbb</size>
         <input_file_ref idref="fl-2"/>
      </object_component>
      <object_component id="oc-23d">
         <name>.debug_info</name>
         <load_address>0x1dd1</load_address>
         <run_address>0x1dd1</run_address>
         <size>0x275</size>
         <input_file_ref idref="fl-2"/>
      </object_component>
      <object_component id="oc-222">
         <name>.debug_info</name>
         <load_address>0x2046</load_address>
         <run_address>0x2046</run_address>
         <size>0x2c</size>
         <input_file_ref idref="fl-2"/>
      </object_component>
      <object_component id="oc-167">
         <name>.debug_info</name>
         <load_address>0x2072</load_address>
         <run_address>0x2072</run_address>
         <size>0x664</size>
         <input_file_ref idref="fl-3"/>
      </object_component>
      <object_component id="oc-164">
         <name>.debug_info</name>
         <load_address>0x26d6</load_address>
         <run_address>0x26d6</run_address>
         <size>0xf2</size>
         <input_file_ref idref="fl-3"/>
      </object_component>
      <object_component id="oc-139">
         <name>.debug_info</name>
         <load_address>0x27c8</load_address>
         <run_address>0x27c8</run_address>
         <size>0x63e</size>
         <input_file_ref idref="fl-3"/>
      </object_component>
      <object_component id="oc-1aa">
         <name>.debug_info</name>
         <load_address>0x2e06</load_address>
         <run_address>0x2e06</run_address>
         <size>0xfe</size>
         <input_file_ref idref="fl-3"/>
      </object_component>
      <object_component id="oc-134">
         <name>.debug_info</name>
         <load_address>0x2f04</load_address>
         <run_address>0x2f04</run_address>
         <size>0x664</size>
         <input_file_ref idref="fl-4"/>
      </object_component>
      <object_component id="oc-f2">
         <name>.debug_info</name>
         <load_address>0x3568</load_address>
         <run_address>0x3568</run_address>
         <size>0x2051</size>
         <input_file_ref idref="fl-4"/>
      </object_component>
      <object_component id="oc-f8">
         <name>.debug_info</name>
         <load_address>0x55b9</load_address>
         <run_address>0x55b9</run_address>
         <size>0x603</size>
         <input_file_ref idref="fl-5"/>
      </object_component>
      <object_component id="oc-91">
         <name>.debug_info</name>
         <load_address>0x5bbc</load_address>
         <run_address>0x5bbc</run_address>
         <size>0x153</size>
         <input_file_ref idref="fl-7"/>
      </object_component>
      <object_component id="oc-186">
         <name>.debug_info</name>
         <load_address>0x5d0f</load_address>
         <run_address>0x5d0f</run_address>
         <size>0x6af</size>
         <input_file_ref idref="fl-25"/>
      </object_component>
      <object_component id="oc-174">
         <name>.debug_info</name>
         <load_address>0x63be</load_address>
         <run_address>0x63be</run_address>
         <size>0x151</size>
         <input_file_ref idref="fl-25"/>
      </object_component>
      <object_component id="oc-17a">
         <name>.debug_info</name>
         <load_address>0x650f</load_address>
         <run_address>0x650f</run_address>
         <size>0x160</size>
         <input_file_ref idref="fl-25"/>
      </object_component>
      <object_component id="oc-142">
         <name>.debug_info</name>
         <load_address>0x666f</load_address>
         <run_address>0x666f</run_address>
         <size>0x198</size>
         <input_file_ref idref="fl-25"/>
      </object_component>
      <object_component id="oc-238">
         <name>.debug_info</name>
         <load_address>0x6807</load_address>
         <run_address>0x6807</run_address>
         <size>0xb2</size>
         <input_file_ref idref="fl-25"/>
      </object_component>
      <object_component id="oc-221">
         <name>.debug_info</name>
         <load_address>0x68b9</load_address>
         <run_address>0x68b9</run_address>
         <size>0x80d</size>
         <input_file_ref idref="fl-26"/>
      </object_component>
      <object_component id="oc-1db">
         <name>.debug_info</name>
         <load_address>0x70c6</load_address>
         <run_address>0x70c6</run_address>
         <size>0x26a</size>
         <input_file_ref idref="fl-26"/>
      </object_component>
      <object_component id="oc-1e1">
         <name>.debug_info</name>
         <load_address>0x7330</load_address>
         <run_address>0x7330</run_address>
         <size>0x221</size>
         <input_file_ref idref="fl-26"/>
      </object_component>
      <object_component id="oc-288">
         <name>.debug_info</name>
         <load_address>0x7551</load_address>
         <run_address>0x7551</run_address>
         <size>0x1a8</size>
         <input_file_ref idref="fl-26"/>
      </object_component>
      <object_component id="oc-28e">
         <name>.debug_info</name>
         <load_address>0x76f9</load_address>
         <run_address>0x76f9</run_address>
         <size>0x219</size>
         <input_file_ref idref="fl-26"/>
      </object_component>
      <object_component id="oc-1f3">
         <name>.debug_info</name>
         <load_address>0x7912</load_address>
         <run_address>0x7912</run_address>
         <size>0x303</size>
         <input_file_ref idref="fl-26"/>
      </object_component>
      <object_component id="oc-295">
         <name>.debug_info</name>
         <load_address>0x7c15</load_address>
         <run_address>0x7c15</run_address>
         <size>0x245</size>
         <input_file_ref idref="fl-26"/>
      </object_component>
      <object_component id="oc-1f9">
         <name>.debug_info</name>
         <load_address>0x7e5a</load_address>
         <run_address>0x7e5a</run_address>
         <size>0x271</size>
         <input_file_ref idref="fl-26"/>
      </object_component>
      <object_component id="oc-1ff">
         <name>.debug_info</name>
         <load_address>0x80cb</load_address>
         <run_address>0x80cb</run_address>
         <size>0x2eb</size>
         <input_file_ref idref="fl-26"/>
      </object_component>
      <object_component id="oc-205">
         <name>.debug_info</name>
         <load_address>0x83b6</load_address>
         <run_address>0x83b6</run_address>
         <size>0x4ab</size>
         <input_file_ref idref="fl-26"/>
      </object_component>
      <object_component id="oc-183">
         <name>.debug_info</name>
         <load_address>0x8861</load_address>
         <run_address>0x8861</run_address>
         <size>0x6af</size>
         <input_file_ref idref="fl-26"/>
      </object_component>
      <object_component id="oc-227">
         <name>.debug_info</name>
         <load_address>0x8f10</load_address>
         <run_address>0x8f10</run_address>
         <size>0x86</size>
         <input_file_ref idref="fl-26"/>
      </object_component>
      <object_component id="oc-2b7">
         <name>.debug_info</name>
         <load_address>0x8f96</load_address>
         <run_address>0x8f96</run_address>
         <size>0x39</size>
         <input_file_ref idref="fl-26"/>
      </object_component>
      <object_component id="oc-31d">
         <name>.debug_info</name>
         <load_address>0x8fcf</load_address>
         <run_address>0x8fcf</run_address>
         <size>0x94</size>
         <input_file_ref idref="fl-26"/>
      </object_component>
      <object_component id="oc-2bc">
         <name>.debug_info</name>
         <load_address>0x9063</load_address>
         <run_address>0x9063</run_address>
         <size>0x46</size>
         <input_file_ref idref="fl-26"/>
      </object_component>
      <object_component id="oc-231">
         <name>.debug_info</name>
         <load_address>0x90a9</load_address>
         <run_address>0x90a9</run_address>
         <size>0x46</size>
         <input_file_ref idref="fl-26"/>
      </object_component>
      <object_component id="oc-22c">
         <name>.debug_info</name>
         <load_address>0x90ef</load_address>
         <run_address>0x90ef</run_address>
         <size>0x2c</size>
         <input_file_ref idref="fl-26"/>
      </object_component>
      <object_component id="oc-25a">
         <name>.debug_info</name>
         <load_address>0x911b</load_address>
         <run_address>0x911b</run_address>
         <size>0x64d</size>
         <input_file_ref idref="fl-27"/>
      </object_component>
      <object_component id="oc-1bf">
         <name>.debug_info</name>
         <load_address>0x9768</load_address>
         <run_address>0x9768</run_address>
         <size>0x212</size>
         <input_file_ref idref="fl-27"/>
      </object_component>
      <object_component id="oc-25c">
         <name>.debug_info</name>
         <load_address>0x997a</load_address>
         <run_address>0x997a</run_address>
         <size>0x65e</size>
         <input_file_ref idref="fl-28"/>
      </object_component>
      <object_component id="oc-1c6">
         <name>.debug_info</name>
         <load_address>0x9fd8</load_address>
         <run_address>0x9fd8</run_address>
         <size>0x30f</size>
         <input_file_ref idref="fl-28"/>
      </object_component>
      <object_component id="oc-e4">
         <name>.debug_info</name>
         <load_address>0xa2e7</load_address>
         <run_address>0xa2e7</run_address>
         <size>0x2c</size>
         <input_file_ref idref="fl-28"/>
      </object_component>
      <object_component id="oc-2ce">
         <name>.debug_info</name>
         <load_address>0xa313</load_address>
         <run_address>0xa313</run_address>
         <size>0x5c9</size>
         <input_file_ref idref="fl-29"/>
      </object_component>
      <object_component id="oc-248">
         <name>.debug_info</name>
         <load_address>0xa8dc</load_address>
         <run_address>0xa8dc</run_address>
         <size>0x18b</size>
         <input_file_ref idref="fl-29"/>
      </object_component>
      <object_component id="oc-33e">
         <name>.debug_info</name>
         <load_address>0xaa67</load_address>
         <run_address>0xaa67</run_address>
         <size>0xbf</size>
         <input_file_ref idref="fl-29"/>
      </object_component>
      <object_component id="oc-33d">
         <name>.debug_info</name>
         <load_address>0xab26</load_address>
         <run_address>0xab26</run_address>
         <size>0x633</size>
         <input_file_ref idref="fl-2a"/>
      </object_component>
      <object_component id="oc-2cb">
         <name>.debug_info</name>
         <load_address>0xb159</load_address>
         <run_address>0xb159</run_address>
         <size>0x22b</size>
         <input_file_ref idref="fl-2a"/>
      </object_component>
      <object_component id="oc-1ce">
         <name>.debug_info</name>
         <load_address>0xb384</load_address>
         <run_address>0xb384</run_address>
         <size>0x10e</size>
         <input_file_ref idref="fl-2b"/>
      </object_component>
      <object_component id="oc-21a">
         <name>.debug_info</name>
         <load_address>0xb492</load_address>
         <run_address>0xb492</run_address>
         <size>0x10c</size>
         <input_file_ref idref="fl-2b"/>
      </object_component>
      <object_component id="oc-270">
         <name>.debug_info</name>
         <load_address>0xb59e</load_address>
         <run_address>0xb59e</run_address>
         <size>0x114</size>
         <input_file_ref idref="fl-2c"/>
      </object_component>
      <object_component id="oc-34">
         <name>.debug_info</name>
         <load_address>0xb6b2</load_address>
         <run_address>0xb6b2</run_address>
         <size>0x121</size>
         <input_file_ref idref="fl-2d"/>
      </object_component>
      <object_component id="oc-6b">
         <name>.debug_info</name>
         <load_address>0xb7d3</load_address>
         <run_address>0xb7d3</run_address>
         <size>0x5de</size>
         <input_file_ref idref="fl-2e"/>
      </object_component>
      <object_component id="oc-2c">
         <name>.debug_info</name>
         <load_address>0xbdb1</load_address>
         <run_address>0xbdb1</run_address>
         <size>0xf5</size>
         <input_file_ref idref="fl-2e"/>
      </object_component>
      <object_component id="oc-29">
         <name>.debug_info</name>
         <load_address>0xbea6</load_address>
         <run_address>0xbea6</run_address>
         <size>0x182</size>
         <input_file_ref idref="fl-2e"/>
      </object_component>
      <object_component id="oc-2f4">
         <name>.debug_info</name>
         <load_address>0xc028</load_address>
         <run_address>0xc028</run_address>
         <size>0x553</size>
         <input_file_ref idref="fl-2f"/>
      </object_component>
      <object_component id="oc-26d">
         <name>.debug_info</name>
         <load_address>0xc57b</load_address>
         <run_address>0xc57b</run_address>
         <size>0x1d5</size>
         <input_file_ref idref="fl-2f"/>
      </object_component>
      <object_component id="oc-2f2">
         <name>.debug_info</name>
         <load_address>0xc750</load_address>
         <run_address>0xc750</run_address>
         <size>0x573</size>
         <input_file_ref idref="fl-30"/>
      </object_component>
      <object_component id="oc-2e6">
         <name>.debug_info</name>
         <load_address>0xccc3</load_address>
         <run_address>0xccc3</run_address>
         <size>0x183</size>
         <input_file_ref idref="fl-30"/>
      </object_component>
      <object_component id="oc-264">
         <name>.debug_info</name>
         <load_address>0xce46</load_address>
         <run_address>0xce46</run_address>
         <size>0x269</size>
         <input_file_ref idref="fl-30"/>
      </object_component>
      <object_component id="oc-360">
         <name>.debug_info</name>
         <load_address>0xd0af</load_address>
         <run_address>0xd0af</run_address>
         <size>0x553</size>
         <input_file_ref idref="fl-31"/>
      </object_component>
      <object_component id="oc-2ec">
         <name>.debug_info</name>
         <load_address>0xd602</load_address>
         <run_address>0xd602</run_address>
         <size>0x1a4</size>
         <input_file_ref idref="fl-31"/>
      </object_component>
      <object_component id="oc-2e0">
         <name>.debug_info</name>
         <load_address>0xd7a6</load_address>
         <run_address>0xd7a6</run_address>
         <size>0x18b</size>
         <input_file_ref idref="fl-31"/>
      </object_component>
      <object_component id="oc-35b">
         <name>.debug_info</name>
         <load_address>0xd931</load_address>
         <run_address>0xd931</run_address>
         <size>0x39</size>
         <input_file_ref idref="fl-31"/>
      </object_component>
      <object_component id="oc-3cf">
         <name>.debug_info</name>
         <load_address>0xd96a</load_address>
         <run_address>0xd96a</run_address>
         <size>0x2c</size>
         <input_file_ref idref="fl-31"/>
      </object_component>
      <object_component id="oc-e3">
         <name>.debug_info</name>
         <load_address>0xd996</load_address>
         <run_address>0xd996</run_address>
         <size>0x563</size>
         <input_file_ref idref="fl-32"/>
      </object_component>
      <object_component id="oc-7f">
         <name>.debug_info</name>
         <load_address>0xdef9</load_address>
         <run_address>0xdef9</run_address>
         <size>0x229</size>
         <input_file_ref idref="fl-32"/>
      </object_component>
      <object_component id="oc-117">
         <name>.debug_info</name>
         <load_address>0xe122</load_address>
         <run_address>0xe122</run_address>
         <size>0x7c3</size>
         <input_file_ref idref="fl-33"/>
      </object_component>
      <object_component id="oc-a5">
         <name>.debug_info</name>
         <load_address>0xe8e5</load_address>
         <run_address>0xe8e5</run_address>
         <size>0x1af</size>
         <input_file_ref idref="fl-33"/>
      </object_component>
      <object_component id="oc-14e">
         <name>.debug_info</name>
         <load_address>0xea94</load_address>
         <run_address>0xea94</run_address>
         <size>0x39</size>
         <input_file_ref idref="fl-33"/>
      </object_component>
      <object_component id="oc-15a">
         <name>.debug_info</name>
         <load_address>0xeacd</load_address>
         <run_address>0xeacd</run_address>
         <size>0x39</size>
         <input_file_ref idref="fl-33"/>
      </object_component>
      <object_component id="oc-122">
         <name>.debug_info</name>
         <load_address>0xeb06</load_address>
         <run_address>0xeb06</run_address>
         <size>0x39</size>
         <input_file_ref idref="fl-33"/>
      </object_component>
      <object_component id="oc-153">
         <name>.debug_info</name>
         <load_address>0xeb3f</load_address>
         <run_address>0xeb3f</run_address>
         <size>0xcd</size>
         <input_file_ref idref="fl-33"/>
      </object_component>
      <object_component id="oc-64">
         <name>.debug_info</name>
         <load_address>0xec0c</load_address>
         <run_address>0xec0c</run_address>
         <size>0x148</size>
         <input_file_ref idref="fl-34"/>
      </object_component>
      <object_component id="oc-10b">
         <name>.debug_info</name>
         <load_address>0xed54</load_address>
         <run_address>0xed54</run_address>
         <size>0x145</size>
         <input_file_ref idref="fl-35"/>
      </object_component>
      <object_component id="oc-3c">
         <name>.debug_info</name>
         <load_address>0xee99</load_address>
         <run_address>0xee99</run_address>
         <size>0x56c</size>
         <input_file_ref idref="fl-38"/>
      </object_component>
      <object_component id="oc-1a">
         <name>.debug_info</name>
         <load_address>0xf405</load_address>
         <run_address>0xf405</run_address>
         <size>0x1cc</size>
         <input_file_ref idref="fl-38"/>
      </object_component>
      <object_component id="oc-37">
         <name>.debug_info</name>
         <load_address>0xf5d1</load_address>
         <run_address>0xf5d1</run_address>
         <size>0x46</size>
         <input_file_ref idref="fl-38"/>
      </object_component>
      <object_component id="oc-70">
         <name>.debug_info</name>
         <load_address>0xf617</load_address>
         <run_address>0xf617</run_address>
         <size>0x2c</size>
         <input_file_ref idref="fl-38"/>
      </object_component>
      <object_component id="oc-83">
         <name>.debug_info</name>
         <load_address>0xf643</load_address>
         <run_address>0xf643</run_address>
         <size>0x59d</size>
         <input_file_ref idref="fl-39"/>
      </object_component>
      <object_component id="oc-3e">
         <name>.debug_info</name>
         <load_address>0xfbe0</load_address>
         <run_address>0xfbe0</run_address>
         <size>0x254</size>
         <input_file_ref idref="fl-39"/>
      </object_component>
      <object_component id="oc-1f">
         <name>.debug_info</name>
         <load_address>0xfe34</load_address>
         <run_address>0xfe34</run_address>
         <size>0x1b1</size>
         <input_file_ref idref="fl-39"/>
      </object_component>
      <object_component id="oc-44">
         <name>.debug_info</name>
         <load_address>0xffe5</load_address>
         <run_address>0xffe5</run_address>
         <size>0x46</size>
         <input_file_ref idref="fl-39"/>
      </object_component>
      <object_component id="oc-eb">
         <name>.debug_info</name>
         <load_address>0x1002b</load_address>
         <run_address>0x1002b</run_address>
         <size>0x39</size>
         <input_file_ref idref="fl-39"/>
      </object_component>
      <object_component id="oc-84">
         <name>.debug_info</name>
         <load_address>0x10064</load_address>
         <run_address>0x10064</run_address>
         <size>0x2c</size>
         <input_file_ref idref="fl-39"/>
      </object_component>
      <object_component id="oc-30d">
         <name>.debug_info</name>
         <load_address>0x10090</load_address>
         <run_address>0x10090</run_address>
         <size>0x58a</size>
         <input_file_ref idref="fl-3a"/>
      </object_component>
      <object_component id="oc-29c">
         <name>.debug_info</name>
         <load_address>0x1061a</load_address>
         <run_address>0x1061a</run_address>
         <size>0x1f1</size>
         <input_file_ref idref="fl-3a"/>
      </object_component>
      <object_component id="oc-1e4">
         <name>.debug_info</name>
         <load_address>0x1080b</load_address>
         <run_address>0x1080b</run_address>
         <size>0x146</size>
         <input_file_ref idref="fl-3b"/>
      </object_component>
      <object_component id="oc-2fd">
         <name>.debug_info</name>
         <load_address>0x10951</load_address>
         <run_address>0x10951</run_address>
         <size>0x7f</size>
         <input_file_ref idref="fl-3b"/>
      </object_component>
      <object_component id="oc-3db">
         <name>.debug_info</name>
         <load_address>0x109d0</load_address>
         <run_address>0x109d0</run_address>
         <size>0x53</size>
         <input_file_ref idref="fl-3b"/>
      </object_component>
      <object_component id="oc-372">
         <name>.debug_info</name>
         <load_address>0x10a23</load_address>
         <run_address>0x10a23</run_address>
         <size>0x2c</size>
         <input_file_ref idref="fl-3b"/>
      </object_component>
      <object_component id="oc-36d">
         <name>.debug_info</name>
         <load_address>0x10a4f</load_address>
         <run_address>0x10a4f</run_address>
         <size>0x39</size>
         <input_file_ref idref="fl-3b"/>
      </object_component>
      <object_component id="oc-30f">
         <name>.debug_info</name>
         <load_address>0x10a88</load_address>
         <run_address>0x10a88</run_address>
         <size>0x58a</size>
         <input_file_ref idref="fl-3c"/>
      </object_component>
      <object_component id="oc-2a0">
         <name>.debug_info</name>
         <load_address>0x11012</load_address>
         <run_address>0x11012</run_address>
         <size>0x1c3</size>
         <input_file_ref idref="fl-3c"/>
      </object_component>
      <object_component id="oc-1eb">
         <name>.debug_info</name>
         <load_address>0x111d5</load_address>
         <run_address>0x111d5</run_address>
         <size>0x140</size>
         <input_file_ref idref="fl-3d"/>
      </object_component>
      <object_component id="oc-27a">
         <name>.debug_info</name>
         <load_address>0x11315</load_address>
         <run_address>0x11315</run_address>
         <size>0x245</size>
         <input_file_ref idref="fl-3e"/>
      </object_component>
      <object_component id="oc-377">
         <name>.debug_info</name>
         <load_address>0x1155a</load_address>
         <run_address>0x1155a</run_address>
         <size>0x60</size>
         <input_file_ref idref="fl-3e"/>
      </object_component>
      <object_component id="oc-302">
         <name>.debug_info</name>
         <load_address>0x115ba</load_address>
         <run_address>0x115ba</run_address>
         <size>0x46</size>
         <input_file_ref idref="fl-3e"/>
      </object_component>
      <object_component id="oc-2f7">
         <name>.debug_info</name>
         <load_address>0x11600</load_address>
         <run_address>0x11600</run_address>
         <size>0x167</size>
         <input_file_ref idref="fl-3f"/>
      </object_component>
      <object_component id="oc-3d6">
         <name>.debug_info</name>
         <load_address>0x11767</load_address>
         <run_address>0x11767</run_address>
         <size>0x2c</size>
         <input_file_ref idref="fl-3f"/>
      </object_component>
      <object_component id="oc-368">
         <name>.debug_info</name>
         <load_address>0x11793</load_address>
         <run_address>0x11793</run_address>
         <size>0x2c</size>
         <input_file_ref idref="fl-3f"/>
      </object_component>
      <object_component id="oc-a2">
         <name>.debug_info</name>
         <load_address>0x117bf</load_address>
         <run_address>0x117bf</run_address>
         <size>0x59b</size>
         <input_file_ref idref="fl-40"/>
      </object_component>
      <object_component id="oc-99">
         <name>.debug_info</name>
         <load_address>0x11d5a</load_address>
         <run_address>0x11d5a</run_address>
         <size>0x185</size>
         <input_file_ref idref="fl-40"/>
      </object_component>
      <object_component id="oc-9d">
         <name>.debug_info</name>
         <load_address>0x11edf</load_address>
         <run_address>0x11edf</run_address>
         <size>0x117</size>
         <input_file_ref idref="fl-40"/>
      </object_component>
      <object_component id="oc-5d">
         <name>.debug_info</name>
         <load_address>0x11ff6</load_address>
         <run_address>0x11ff6</run_address>
         <size>0x177</size>
         <input_file_ref idref="fl-40"/>
      </object_component>
      <object_component id="oc-6e">
         <name>.debug_info</name>
         <load_address>0x1216d</load_address>
         <run_address>0x1216d</run_address>
         <size>0x60d</size>
         <input_file_ref idref="fl-41"/>
      </object_component>
      <object_component id="oc-2f">
         <name>.debug_info</name>
         <load_address>0x1277a</load_address>
         <run_address>0x1277a</run_address>
         <size>0x101</size>
         <input_file_ref idref="fl-41"/>
      </object_component>
      <object_component id="oc-387">
         <name>.debug_info</name>
         <load_address>0x1287b</load_address>
         <run_address>0x1287b</run_address>
         <size>0x124</size>
         <input_file_ref idref="fl-41"/>
      </object_component>
      <object_component id="oc-391">
         <name>.debug_info</name>
         <load_address>0x1299f</load_address>
         <run_address>0x1299f</run_address>
         <size>0x172</size>
         <input_file_ref idref="fl-41"/>
      </object_component>
      <object_component id="oc-38a">
         <name>.debug_info</name>
         <load_address>0x12b11</load_address>
         <run_address>0x12b11</run_address>
         <size>0x171</size>
         <input_file_ref idref="fl-41"/>
      </object_component>
      <object_component id="oc-332">
         <name>.debug_info</name>
         <load_address>0x12c82</load_address>
         <run_address>0x12c82</run_address>
         <size>0x1dc</size>
         <input_file_ref idref="fl-41"/>
      </object_component>
      <object_component id="oc-32c">
         <name>.debug_info</name>
         <load_address>0x12e5e</load_address>
         <run_address>0x12e5e</run_address>
         <size>0x28a</size>
         <input_file_ref idref="fl-41"/>
      </object_component>
      <object_component id="oc-d8">
         <name>.debug_info</name>
         <load_address>0x130e8</load_address>
         <run_address>0x130e8</run_address>
         <size>0x2c</size>
         <input_file_ref idref="fl-41"/>
      </object_component>
      <object_component id="oc-dd">
         <name>.debug_info</name>
         <load_address>0x13114</load_address>
         <run_address>0x13114</run_address>
         <size>0x62</size>
         <input_file_ref idref="fl-41"/>
      </object_component>
      <object_component id="oc-1b7">
         <name>.debug_info</name>
         <load_address>0x13176</load_address>
         <run_address>0x13176</run_address>
         <size>0x554</size>
         <input_file_ref idref="fl-42"/>
      </object_component>
      <object_component id="oc-16b">
         <name>.debug_info</name>
         <load_address>0x136ca</load_address>
         <run_address>0x136ca</run_address>
         <size>0xf4</size>
         <input_file_ref idref="fl-42"/>
      </object_component>
      <object_component id="oc-171">
         <name>.debug_info</name>
         <load_address>0x137be</load_address>
         <run_address>0x137be</run_address>
         <size>0xf8</size>
         <input_file_ref idref="fl-42"/>
      </object_component>
      <object_component id="oc-1b2">
         <name>.debug_info</name>
         <load_address>0x138b6</load_address>
         <run_address>0x138b6</run_address>
         <size>0x123</size>
         <input_file_ref idref="fl-42"/>
      </object_component>
      <object_component id="oc-308">
         <name>.debug_info</name>
         <load_address>0x139d9</load_address>
         <run_address>0x139d9</run_address>
         <size>0x560</size>
         <input_file_ref idref="fl-43"/>
      </object_component>
      <object_component id="oc-280">
         <name>.debug_info</name>
         <load_address>0x13f39</load_address>
         <run_address>0x13f39</run_address>
         <size>0x1c0</size>
         <input_file_ref idref="fl-43"/>
      </object_component>
      <object_component id="oc-97">
         <name>.debug_info</name>
         <load_address>0x140f9</load_address>
         <run_address>0x140f9</run_address>
         <size>0x5a8</size>
         <input_file_ref idref="fl-44"/>
      </object_component>
      <object_component id="oc-56">
         <name>.debug_info</name>
         <load_address>0x146a1</load_address>
         <run_address>0x146a1</run_address>
         <size>0x167</size>
         <input_file_ref idref="fl-44"/>
      </object_component>
      <object_component id="oc-100">
         <name>.debug_info</name>
         <load_address>0x14808</load_address>
         <run_address>0x14808</run_address>
         <size>0x5e</size>
         <input_file_ref idref="fl-44"/>
      </object_component>
      <object_component id="oc-262">
         <name>.debug_info</name>
         <load_address>0x14866</load_address>
         <run_address>0x14866</run_address>
         <size>0x582</size>
         <input_file_ref idref="fl-45"/>
      </object_component>
      <object_component id="oc-1d3">
         <name>.debug_info</name>
         <load_address>0x14de8</load_address>
         <run_address>0x14de8</run_address>
         <size>0x171</size>
         <input_file_ref idref="fl-45"/>
      </object_component>
      <object_component id="oc-2dc">
         <name>.debug_info</name>
         <load_address>0x14f59</load_address>
         <run_address>0x14f59</run_address>
         <size>0xee</size>
         <input_file_ref idref="fl-46"/>
      </object_component>
      <object_component id="oc-25f">
         <name>.debug_info</name>
         <load_address>0x15047</load_address>
         <run_address>0x15047</run_address>
         <size>0xfa</size>
         <input_file_ref idref="fl-46"/>
      </object_component>
      <object_component id="oc-1ba">
         <name>.debug_info</name>
         <load_address>0x15141</load_address>
         <run_address>0x15141</run_address>
         <size>0x135</size>
         <input_file_ref idref="fl-47"/>
      </object_component>
      <object_component id="oc-16e">
         <name>.debug_info</name>
         <load_address>0x15276</load_address>
         <run_address>0x15276</run_address>
         <size>0xf7</size>
         <input_file_ref idref="fl-47"/>
      </object_component>
      <object_component id="oc-398">
         <name>.debug_info</name>
         <load_address>0x1536d</load_address>
         <run_address>0x1536d</run_address>
         <size>0xff</size>
         <input_file_ref idref="fl-47"/>
      </object_component>
      <object_component id="oc-2a7">
         <name>.debug_info</name>
         <load_address>0x1546c</load_address>
         <run_address>0x1546c</run_address>
         <size>0x55f</size>
         <input_file_ref idref="fl-48"/>
      </object_component>
      <object_component id="oc-20a">
         <name>.debug_info</name>
         <load_address>0x159cb</load_address>
         <run_address>0x159cb</run_address>
         <size>0x1a2</size>
         <input_file_ref idref="fl-48"/>
      </object_component>
      <object_component id="oc-2d5">
         <name>.debug_info</name>
         <load_address>0x15b6d</load_address>
         <run_address>0x15b6d</run_address>
         <size>0x79e</size>
         <input_file_ref idref="fl-49"/>
      </object_component>
      <object_component id="oc-348">
         <name>.debug_info</name>
         <load_address>0x1630b</load_address>
         <run_address>0x1630b</run_address>
         <size>0xf8</size>
         <input_file_ref idref="fl-49"/>
      </object_component>
      <object_component id="oc-2d2">
         <name>.debug_info</name>
         <load_address>0x16403</load_address>
         <run_address>0x16403</run_address>
         <size>0xf8</size>
         <input_file_ref idref="fl-49"/>
      </object_component>
      <object_component id="oc-254">
         <name>.debug_info</name>
         <load_address>0x164fb</load_address>
         <run_address>0x164fb</run_address>
         <size>0x193</size>
         <input_file_ref idref="fl-49"/>
      </object_component>
      <object_component id="oc-34e">
         <name>.debug_info</name>
         <load_address>0x1668e</load_address>
         <run_address>0x1668e</run_address>
         <size>0x120</size>
         <input_file_ref idref="fl-49"/>
      </object_component>
      <object_component id="oc-353">
         <name>.debug_info</name>
         <load_address>0x167ae</load_address>
         <run_address>0x167ae</run_address>
         <size>0x2c</size>
         <input_file_ref idref="fl-49"/>
      </object_component>
      <object_component id="oc-14b">
         <name>.debug_info</name>
         <load_address>0x167da</load_address>
         <run_address>0x167da</run_address>
         <size>0x6f9</size>
         <input_file_ref idref="fl-4a"/>
      </object_component>
      <object_component id="oc-111">
         <name>.debug_info</name>
         <load_address>0x16ed3</load_address>
         <run_address>0x16ed3</run_address>
         <size>0x20f</size>
         <input_file_ref idref="fl-4a"/>
      </object_component>
      <object_component id="oc-189">
         <name>.debug_info</name>
         <load_address>0x170e2</load_address>
         <run_address>0x170e2</run_address>
         <size>0x2c</size>
         <input_file_ref idref="fl-4a"/>
      </object_component>
      <object_component id="oc-18e">
         <name>.debug_info</name>
         <load_address>0x1710e</load_address>
         <run_address>0x1710e</run_address>
         <size>0x39</size>
         <input_file_ref idref="fl-4a"/>
      </object_component>
      <object_component id="oc-2b3">
         <name>.debug_info</name>
         <load_address>0x17147</load_address>
         <run_address>0x17147</run_address>
         <size>0x54d</size>
         <input_file_ref idref="fl-4c"/>
      </object_component>
      <object_component id="oc-2b0">
         <name>.debug_info</name>
         <load_address>0x17694</load_address>
         <run_address>0x17694</run_address>
         <size>0xf8</size>
         <input_file_ref idref="fl-4c"/>
      </object_component>
      <object_component id="oc-216">
         <name>.debug_info</name>
         <load_address>0x1778c</load_address>
         <run_address>0x1778c</run_address>
         <size>0x145</size>
         <input_file_ref idref="fl-4c"/>
      </object_component>
      <object_component id="oc-2ae">
         <name>.debug_info</name>
         <load_address>0x178d1</load_address>
         <run_address>0x178d1</run_address>
         <size>0x558</size>
         <input_file_ref idref="fl-4d"/>
      </object_component>
      <object_component id="oc-20e">
         <name>.debug_info</name>
         <load_address>0x17e29</load_address>
         <run_address>0x17e29</run_address>
         <size>0x14f</size>
         <input_file_ref idref="fl-4d"/>
      </object_component>
      <object_component id="oc-312">
         <name>.debug_info</name>
         <load_address>0x17f78</load_address>
         <run_address>0x17f78</run_address>
         <size>0x46</size>
[...]
      <symbol id="sm-101">
         <name>TimerPreScalarCount34Set</name>
         <value>0x802770</value>
         <object_component_ref idref="oc-f1"/>
      </symbol>
      <symbol id="sm-102">
         <name>TimerReadResetDisable</name>
         <value>0x8028e0</value>
         <object_component_ref idref="oc-f1"/>
      </symbol>
      <symbol id="sm-103">
         <name>TimerInvertOUTDisable</name>
         <value>0x802b50</value>
         <object_component_ref idref="oc-f1"/>
      </symbol>
      <symbol id="sm-104">
         <name>TimerCaptureConfigure</name>
         <value>0x802848</value>
         <object_component_ref idref="oc-f1"/>
      </symbol>
      <symbol id="sm-105">
         <name>TimerClockModeSet</name>
         <value>0x8029f0</value>
         <object_component_ref idref="oc-f1"/>
      </symbol>
      <symbol id="sm-106">
         <name>TimerIntDisable</name>
         <value>0x8026e0</value>
         <object_component_ref idref="oc-f1"/>
      </symbol>
      <symbol id="sm-107">
         <name>TimerInputGateEnable</name>
         <value>0x802918</value>
         <object_component_ref idref="oc-f1"/>
      </symbol>
      <symbol id="sm-108">
         <name>TimerInvertOUTEnable</name>
         <value>0x802b14</value>
         <object_component_ref idref="oc-f1"/>
      </symbol>
      <symbol id="sm-109">
         <name>TimerCompareSet</name>
         <value>0x802668</value>
         <object_component_ref idref="oc-f1"/>
      </symbol>
      <symbol id="sm-10a">
         <name>TimerWatchdogActivate</name>
         <value>0x802450</value>
         <object_component_ref idref="oc-f1"/>
      </symbol>
      <symbol id="sm-10b">
         <name>USTIMER_set</name>
         <value>0x802328</value>
         <object_component_ref idref="oc-f1"/>
      </symbol>
      <symbol id="sm-10c">
         <name>TimerOUTStatusGet</name>
         <value>0x802a68</value>
         <object_component_ref idref="oc-f1"/>
      </symbol>
      <symbol id="sm-10d">
         <name>TimerPeriodGet</name>
         <value>0x802520</value>
         <object_component_ref idref="oc-f1"/>
      </symbol>
      <symbol id="sm-10e">
         <name>USTIMER_init</name>
         <value>0x802168</value>
         <object_component_ref idref="oc-f1"/>
      </symbol>
      <symbol id="sm-10f">
         <name>USTIMER_reset</name>
         <value>0x8022f4</value>
         <object_component_ref idref="oc-f1"/>
      </symbol>
      <symbol id="sm-110">
         <name>MsDelay</name>
         <value>0x8020c0</value>
         <object_component_ref idref="oc-f1"/>
      </symbol>
      <symbol id="sm-111">
         <name>TimerCounterGet</name>
         <value>0x802590</value>
         <object_component_ref idref="oc-f1"/>
      </symbol>
      <symbol id="sm-112">
         <name>TimerPulseModeSet</name>
         <value>0x802a2c</value>
         <object_component_ref idref="oc-f1"/>
      </symbol>
      <symbol id="sm-113">
         <name>TimerIntEnable</name>
         <value>0x8026ac</value>
         <object_component_ref idref="oc-f1"/>
      </symbol>
      <symbol id="sm-114">
         <name>TimerReloadGet</name>
         <value>0x802604</value>
         <object_component_ref idref="oc-f1"/>
      </symbol>
      <symbol id="sm-115">
         <name>TimerIntStatusClear</name>
         <value>0x802730</value>
         <object_component_ref idref="oc-f1"/>
      </symbol>
      <symbol id="sm-116">
         <name>TimerPulseWidthSet</name>
         <value>0x802990</value>
         <object_component_ref idref="oc-f1"/>
      </symbol>
      <symbol id="sm-117">
         <name>TimerIntStatusGet</name>
         <value>0x80270c</value>
         <object_component_ref idref="oc-f1"/>
      </symbol>
      <symbol id="sm-118">
         <name>TimerDivDwnRatio34Set</name>
         <value>0x8027e0</value>
         <object_component_ref idref="oc-f1"/>
      </symbol>
      <symbol id="sm-119">
         <name>TimerConfigure</name>
         <value>0x8023e0</value>
         <object_component_ref idref="oc-f1"/>
      </symbol>
      <symbol id="sm-11a">
         <name>TimerPreScalarCount34Get</name>
         <value>0x8027c4</value>
         <object_component_ref idref="oc-f1"/>
      </symbol>
      <symbol id="sm-11b">
         <name>TimerWatchdogReactivate</name>
         <value>0x802490</value>
         <object_component_ref idref="oc-f1"/>
      </symbol>
      <symbol id="sm-11c">
         <name>TimerCaptureGet</name>
         <value>0x802634</value>
         <object_component_ref idref="oc-f1"/>
      </symbol>
      <symbol id="sm-143">
         <name>LED3_overturn</name>
         <value>0x805464</value>
         <object_component_ref idref="oc-f7"/>
      </symbol>
      <symbol id="sm-144">
         <name>KEY_read</name>
         <value>0x8055c0</value>
         <object_component_ref idref="oc-f7"/>
      </symbol>
      <symbol id="sm-145">
         <name>LED4_overturn</name>
         <value>0x8054e4</value>
         <object_component_ref idref="oc-f7"/>
      </symbol>
      <symbol id="sm-146">
         <name>LED4_ON</name>
         <value>0x8054c0</value>
         <object_component_ref idref="oc-f7"/>
      </symbol>
      <symbol id="sm-147">
         <name>LED3_ON</name>
         <value>0x805440</value>
         <object_component_ref idref="oc-f7"/>
      </symbol>
      <symbol id="sm-148">
         <name>TEST_key_gpio</name>
         <value>0x8055f8</value>
         <object_component_ref idref="oc-f7"/>
      </symbol>
      <symbol id="sm-149">
         <name>LED3_OFF</name>
         <value>0x805450</value>
         <object_component_ref idref="oc-f7"/>
      </symbol>
      <symbol id="sm-14a">
         <name>KEY_init</name>
         <value>0x805540</value>
         <object_component_ref idref="oc-f7"/>
      </symbol>
      <symbol id="sm-14b">
         <name>LED4_OFF</name>
         <value>0x8054d0</value>
         <object_component_ref idref="oc-f7"/>
      </symbol>
      <symbol id="sm-157">
         <name>main</name>
         <value>0x8082e0</value>
         <object_component_ref idref="oc-90"/>
      </symbol>
      <symbol id="sm-17f">
         <name>printf</name>
         <value>0x807280</value>
         <object_component_ref idref="oc-141"/>
      </symbol>
      <symbol id="sm-395">
         <name>__TI_printfi</name>
         <value>0x800080</value>
         <object_component_ref idref="oc-17f"/>
      </symbol>
      <symbol id="sm-3b4">
         <name>putc</name>
         <value>0x805a20</value>
         <object_component_ref idref="oc-1be"/>
      </symbol>
      <symbol id="sm-3b5">
         <name>fputc</name>
         <value>0x805a20</value>
         <object_component_ref idref="oc-1be"/>
      </symbol>
      <symbol id="sm-3ec">
         <name>fputs</name>
         <value>0x8046e0</value>
         <object_component_ref idref="oc-1c5"/>
      </symbol>
      <symbol id="sm-402">
         <name>__TI_wrt_ok</name>
         <value>0x806f00</value>
         <object_component_ref idref="oc-247"/>
      </symbol>
      <symbol id="sm-41e">
         <name>setvbuf</name>
         <value>0x805f60</value>
         <object_component_ref idref="oc-2c7"/>
      </symbol>
      <symbol id="sm-42c">
         <name>__c6xabi_push_rts</name>
         <value>0x8081a0</value>
         <object_component_ref idref="oc-1cc"/>
      </symbol>
      <symbol id="sm-42d">
         <name>__pop_rts</name>
         <value>0x808180</value>
         <object_component_ref idref="oc-219"/>
      </symbol>
      <symbol id="sm-42e">
         <name>__c6xabi_pop_rts</name>
         <value>0x808180</value>
         <object_component_ref idref="oc-219"/>
      </symbol>
      <symbol id="sm-42f">
         <name>__push_rts</name>
         <value>0x8081a0</value>
         <object_component_ref idref="oc-1cc"/>
      </symbol>
      <symbol id="sm-438">
         <name>__c6xabi_divu</name>
         <value>0x807660</value>
         <object_component_ref idref="oc-26f"/>
      </symbol>
      <symbol id="sm-439">
         <name>__divu</name>
         <value>0x807660</value>
         <object_component_ref idref="oc-26f"/>
      </symbol>
      <symbol id="sm-442">
         <name>memcpy</name>
         <value>0x807b20</value>
         <object_component_ref idref="oc-31"/>
      </symbol>
      <symbol id="sm-458">
         <name>_c_int00</name>
         <value>0x800000</value>
         <object_component_ref idref="oc-25"/>
      </symbol>
      <symbol id="sm-459">
         <name>_stack</name>
         <value>0x808300</value>
         <object_component_ref idref="oc-2b"/>
      </symbol>
      <symbol id="sm-46a">
         <name>__c6xabi_divul</name>
         <value>0x805860</value>
         <object_component_ref idref="oc-269"/>
      </symbol>
      <symbol id="sm-486">
         <name>_subcull</name>
         <value>0x807ea0</value>
         <object_component_ref idref="oc-2e5"/>
      </symbol>
      <symbol id="sm-487">
         <name>__c6xabi_divull</name>
         <value>0x8051e0</value>
         <object_component_ref idref="oc-263"/>
      </symbol>
      <symbol id="sm-4a7">
         <name>__c6xabi_llshru</name>
         <value>0x807e40</value>
         <object_component_ref idref="oc-2eb"/>
      </symbol>
      <symbol id="sm-4a8">
         <name>__c6xabi_llshl</name>
         <value>0x807ce0</value>
         <object_component_ref idref="oc-2df"/>
      </symbol>
      <symbol id="sm-4b8">
         <name>memset</name>
         <value>0x8071a0</value>
         <object_component_ref idref="oc-7c"/>
      </symbol>
      <symbol id="sm-4dd">
         <name>__TI_auto_init_nobinit_nopinit</name>
         <value>0x8074e0</value>
         <object_component_ref idref="oc-a4"/>
      </symbol>
      <symbol id="sm-4e6">
         <name>_system_pre_init</name>
         <value>0x808260</value>
         <object_component_ref idref="oc-61"/>
      </symbol>
      <symbol id="sm-4ef">
         <name>_system_post_cinit</name>
         <value>0x808240</value>
         <object_component_ref idref="oc-10a"/>
      </symbol>
      <symbol id="sm-508">
         <name>__TI_decompress_none</name>
         <value>0x8082a0</value>
         <object_component_ref idref="oc-18"/>
      </symbol>
      <symbol id="sm-533">
         <name>__TI_decompress_rle24</name>
         <value>0x8082c0</value>
         <object_component_ref idref="oc-1e"/>
      </symbol>
      <symbol id="sm-547">
         <name>frexpl</name>
         <value>0x805be0</value>
         <object_component_ref idref="oc-299"/>
      </symbol>
      <symbol id="sm-548">
         <name>frexp</name>
         <value>0x805be0</value>
         <object_component_ref idref="oc-299"/>
      </symbol>
      <symbol id="sm-565">
         <name>__c6xabi_isinf</name>
         <value>0x808060</value>
         <object_component_ref idref="oc-1e3"/>
      </symbol>
      <symbol id="sm-578">
         <name>scalbn</name>
         <value>0x8062c0</value>
         <object_component_ref idref="oc-29f"/>
      </symbol>
      <symbol id="sm-579">
         <name>scalbnl</name>
         <value>0x8062c0</value>
         <object_component_ref idref="oc-29f"/>
      </symbol>
      <symbol id="sm-57a">
         <name>ldexpl</name>
         <value>0x8062c0</value>
         <object_component_ref idref="oc-29f"/>
      </symbol>
      <symbol id="sm-57b">
         <name>ldexp</name>
         <value>0x8062c0</value>
         <object_component_ref idref="oc-29f"/>
      </symbol>
      <symbol id="sm-584">
         <name>_signbit</name>
         <value>0x808220</value>
         <object_component_ref idref="oc-1e9"/>
      </symbol>
      <symbol id="sm-5a3">
         <name>__c6xabi_divd</name>
         <value>0x803940</value>
         <object_component_ref idref="oc-278"/>
      </symbol>
      <symbol id="sm-5b6">
         <name>__TI_frcmpyd_div</name>
         <value>0x808020</value>
         <object_component_ref idref="oc-2f6"/>
      </symbol>
      <symbol id="sm-5d7">
         <name>C$$EXIT</name>
         <value>0x808280</value>
         <object_component_ref idref="oc-9b"/>
      </symbol>
      <symbol id="sm-5d8">
         <name>abort</name>
         <value>0x808280</value>
         <object_component_ref idref="oc-9b"/>
      </symbol>
      <symbol id="sm-5d9">
         <name>exit</name>
         <value>0x8070c0</value>
         <object_component_ref idref="oc-5b"/>
      </symbol>
      <symbol id="sm-5da">
         <name>__TI_dtors_ptr</name>
         <value>0x809dfc</value>
         <object_component_ref idref="oc-98"/>
      </symbol>
      <symbol id="sm-5db">
         <name>__TI_cleanup_ptr</name>
         <value>0x809df8</value>
         <object_component_ref idref="oc-98"/>
      </symbol>
      <symbol id="sm-5dc">
         <name>__TI_enable_exit_profile_output</name>
         <value>0x809e00</value>
         <object_component_ref idref="oc-98"/>
      </symbol>
      <symbol id="sm-647">
         <name>_sys_memory</name>
         <value>0x809300</value>
         <object_component_ref idref="oc-2e"/>
      </symbol>
      <symbol id="sm-648">
         <name>free</name>
         <value>0x804320</value>
         <object_component_ref idref="oc-32a"/>
      </symbol>
      <symbol id="sm-649">
         <name>malloc</name>
         <value>0x805da0</value>
         <object_component_ref idref="oc-330"/>
      </symbol>
      <symbol id="sm-65f">
         <name>_nop</name>
         <value>0x8081c0</value>
         <object_component_ref idref="oc-1af"/>
      </symbol>
      <symbol id="sm-660">
         <name>_lock</name>
         <value>0x809e0c</value>
         <object_component_ref idref="oc-16a"/>
      </symbol>
      <symbol id="sm-661">
         <name>_unlock</name>
         <value>0x809e10</value>
         <object_component_ref idref="oc-170"/>
      </symbol>
      <symbol id="sm-671">
         <name>__TI_ltoa</name>
         <value>0x806e20</value>
         <object_component_ref idref="oc-27e"/>
      </symbol>
      <symbol id="sm-683">
         <name>_args_main</name>
         <value>0x8080e0</value>
         <object_component_ref idref="oc-55"/>
      </symbol>
      <symbol id="sm-697">
         <name>atoi</name>
         <value>0x806980</value>
         <object_component_ref idref="oc-1d1"/>
      </symbol>
      <symbol id="sm-6a1">
         <name>_ctypes_</name>
         <value>0x809e20</value>
         <object_component_ref idref="oc-25e"/>
      </symbol>
      <symbol id="sm-6b1">
         <name>__TI_tmpnams</name>
         <value>0x80a080</value>
      </symbol>
      <symbol id="sm-6b2">
         <name>_ftable</name>
         <value>0x809b00</value>
         <object_component_ref idref="oc-16d"/>
      </symbol>
      <symbol id="sm-6b3">
         <name>__TI_ft_end</name>
         <value>0x809e14</value>
         <object_component_ref idref="oc-397"/>
      </symbol>
      <symbol id="sm-6c4">
         <name>memccpy</name>
         <value>0x807f60</value>
         <object_component_ref idref="oc-207"/>
      </symbol>
      <symbol id="sm-6e7">
         <name>_stream</name>
         <value>0x809ce0</value>
         <object_component_ref idref="oc-2d1"/>
      </symbol>
      <symbol id="sm-6e8">
         <name>_device</name>
         <value>0x809d80</value>
         <object_component_ref idref="oc-347"/>
      </symbol>
      <symbol id="sm-6e9">
         <name>write</name>
         <value>0x807fc0</value>
         <object_component_ref idref="oc-253"/>
      </symbol>
      <symbol id="sm-702">
         <name>__TI_tls_init</name>
         <value>0x8077e0</value>
         <object_component_ref idref="oc-110"/>
      </symbol>
      <symbol id="sm-714">
         <name>__errno</name>
         <value>0x809e18</value>
         <object_component_ref idref="oc-2af"/>
      </symbol>
      <symbol id="sm-715">
         <name>errno</name>
         <value>0x809e18</value>
         <object_component_ref idref="oc-2af"/>
      </symbol>
      <symbol id="sm-716">
         <name>__c6xabi_errno_addr</name>
         <value>0x808160</value>
         <object_component_ref idref="oc-213"/>
      </symbol>
      <symbol id="sm-730">
         <name>wcslen</name>
         <value>0x808120</value>
         <object_component_ref idref="oc-20d"/>
      </symbol>
      <symbol id="sm-73f">
         <name>__TI_doflush</name>
         <value>0x8075a0</value>
         <object_component_ref idref="oc-24d"/>
      </symbol>
      <symbol id="sm-74d">
         <name>__TI_cleanup</name>
         <value>0x807940</value>
         <object_component_ref idref="oc-336"/>
      </symbol>
      <symbol id="sm-765">
         <name>fseek</name>
         <value>0x806a80</value>
         <object_component_ref idref="oc-2c1"/>
      </symbol>
      <symbol id="sm-775">
         <name>lseek</name>
         <value>0x807f00</value>
         <object_component_ref idref="oc-322"/>
      </symbol>
      <symbol id="sm-786">
         <name>HOSTclose</name>
         <value>0x8078a0</value>
         <object_component_ref idref="oc-3a9"/>
      </symbol>
      <symbol id="sm-796">
         <name>HOSTlseek</name>
         <value>0x806b80</value>
         <object_component_ref idref="oc-3bb"/>
      </symbol>
      <symbol id="sm-7aa">
         <name>parmbuf</name>
         <value>0x80a1c0</value>
      </symbol>
      <symbol id="sm-7ab">
         <name>HOSTopen</name>
         <value>0x806c60</value>
         <object_component_ref idref="oc-3a3"/>
      </symbol>
      <symbol id="sm-7bb">
         <name>HOSTread</name>
         <value>0x807360</value>
         <object_component_ref idref="oc-3af"/>
      </symbol>
      <symbol id="sm-7d9">
         <name>HOSTrename</name>
         <value>0x806120</value>
         <object_component_ref idref="oc-3c7"/>
      </symbol>
      <symbol id="sm-7ec">
         <name>HOSTunlink</name>
         <value>0x807420</value>
         <object_component_ref idref="oc-3c1"/>
      </symbol>
      <symbol id="sm-7fc">
         <name>HOSTwrite</name>
         <value>0x806d40</value>
         <object_component_ref idref="oc-3b5"/>
      </symbol>
      <symbol id="sm-822">
         <name>__TI_readmsg</name>
         <value>0x807c60</value>
         <object_component_ref idref="oc-400"/>
      </symbol>
      <symbol id="sm-823">
         <name>C$$IO$$</name>
         <value>0x807e38</value>
         <object_component_ref idref="oc-3fa"/>
      </symbol>
      <symbol id="sm-824">
         <name>__CIOBUF_</name>
         <value>0x80a1c8</value>
         <object_component_ref idref="oc-421"/>
      </symbol>
      <symbol id="sm-825">
         <name>__TI_writemsg</name>
         <value>0x807de0</value>
         <object_component_ref idref="oc-3fa"/>
      </symbol>
      <symbol id="sm-83e">
         <name>__TI_closefile</name>
         <value>0x806680</value>
         <object_component_ref idref="oc-39a"/>
      </symbol>
      <symbol id="sm-868">
         <name>finddevice</name>
         <value>0x807a80</value>
         <object_component_ref idref="oc-435"/>
      </symbol>
      <symbol id="sm-869">
         <name>getdevice</name>
         <value>0x806560</value>
         <object_component_ref idref="oc-415"/>
      </symbol>
      <symbol id="sm-87b">
         <name>close</name>
         <value>0x806fe0</value>
         <object_component_ref idref="oc-3e8"/>
      </symbol>
      <symbol id="sm-88c">
         <name>unlink</name>
         <value>0x807d60</value>
         <object_component_ref idref="oc-3ee"/>
      </symbol>
      <symbol id="sm-88d">
         <name>__TI_STATIC_BASE</name>
         <value>0x0</value>
      </symbol>
      <symbol id="sm-88f">
         <name>__TI_TLS_INIT_Base</name>
         <value>0x0</value>
      </symbol>
      <symbol id="sm-890">
         <name>__TI_TLS_INIT_Limit</name>
         <value>0x0</value>
      </symbol>
      <symbol id="sm-891">
         <name>remove</name>
         <value>0x807d60</value>
      </symbol>
   </symbol_table>
   <title>Link successful</title>
</link_info>
