<?xml version="1.0" encoding="ISO-8859-1" ?>
<link_info>
   <banner>TMS320C6x Linker Unix v8.3.5</banner>
   <copyright>Copyright (c) 1996-2018 Texas Instruments Incorporated</copyright>
   <link_time>0x5e3d12d1</link_time>
   <link_errors>0x0</link_errors>
   <output_file>IDMA_C6748.out</output_file>
   <entry_point>
      <name>_c_int00</name>
      <address>0x80000000</address>
   </entry_point>
   <input_file_list>
      <input_file id="fl-1">
         <path>./source/</path>
         <kind>object</kind>
         <file>Cache.obj</file>
         <name>Cache.obj</name>
      </input_file>
      <input_file id="fl-2">
         <path>./source/</path>
         <kind>object</kind>
         <file>DDR2.obj</file>
         <name>DDR2.obj</name>
      </input_file>
      <input_file id="fl-3">
         <path>./source/</path>
         <kind>object</kind>
         <file>IDMA.obj</file>
         <name>IDMA.obj</name>
      </input_file>
      <input_file id="fl-4">
         <path>./source/</path>
         <kind>object</kind>
         <file>INTC.obj</file>
         <name>INTC.obj</name>
      </input_file>
      <input_file id="fl-5">
         <path>./source/</path>
         <kind>object</kind>
         <file>PLLC.obj</file>
         <name>PLLC.obj</name>
      </input_file>
      <input_file id="fl-6">
         <path>./source/</path>
         <kind>object</kind>
         <file>PSC.obj</file>
         <name>PSC.obj</name>
      </input_file>
      <input_file id="fl-7">
         <path>./source/</path>
         <kind>object</kind>
         <file>SYSCFG.obj</file>
         <name>SYSCFG.obj</name>
      </input_file>
      <input_file id="fl-8">
         <path>./source/</path>
         <kind>object</kind>
         <file>intvecs.obj</file>
         <name>intvecs.obj</name>
      </input_file>
      <input_file id="fl-9">
         <path>./source/</path>
         <kind>object</kind>
         <file>main.obj</file>
         <name>main.obj</name>
      </input_file>
      <input_file id="fl-d">
         <kind>object</kind>
         <file>&lt;internal&gt;</file>
         <name>&lt;internal&gt;</name>
      </input_file>
      <input_file id="fl-27">
         <path>/home/vyldram/ti/ccs930/ccs/tools/compiler/ti-cgt-c6000_8.3.5/lib/</path>
         <kind>archive</kind>
         <file>rts6740_elf.lib</file>
         <name>printf.c.obj</name>
      </input_file>
      <input_file id="fl-28">
         <path>/home/vyldram/ti/ccs930/ccs/tools/compiler/ti-cgt-c6000_8.3.5/lib/</path>
         <kind>archive</kind>
         <file>rts6740_elf.lib</file>
         <name>_printfi.c.obj</name>
      </input_file>
      <input_file id="fl-29">
         <path>/home/vyldram/ti/ccs930/ccs/tools/compiler/ti-cgt-c6000_8.3.5/lib/</path>
         <kind>archive</kind>
         <file>rts6740_elf.lib</file>
         <name>fputc.c.obj</name>
      </input_file>
      <input_file id="fl-2a">
         <path>/home/vyldram/ti/ccs930/ccs/tools/compiler/ti-cgt-c6000_8.3.5/lib/</path>
         <kind>archive</kind>
         <file>rts6740_elf.lib</file>
         <name>fputs.c.obj</name>
      </input_file>
      <input_file id="fl-2b">
         <path>/home/vyldram/ti/ccs930/ccs/tools/compiler/ti-cgt-c6000_8.3.5/lib/</path>
         <kind>archive</kind>
         <file>rts6740_elf.lib</file>
         <name>_io_perm.c.obj</name>
      </input_file>
      <input_file id="fl-2c">
         <path>/home/vyldram/ti/ccs930/ccs/tools/compiler/ti-cgt-c6000_8.3.5/lib/</path>
         <kind>archive</kind>
         <file>rts6740_elf.lib</file>
         <name>setvbuf.c.obj</name>
      </input_file>
      <input_file id="fl-2d">
         <path>/home/vyldram/ti/ccs930/ccs/tools/compiler/ti-cgt-c6000_8.3.5/lib/</path>
         <kind>archive</kind>
         <file>rts6740_elf.lib</file>
         <name>divu.asm.obj</name>
      </input_file>
      <input_file id="fl-2e">
         <path>/home/vyldram/ti/ccs930/ccs/tools/compiler/ti-cgt-c6000_8.3.5/lib/</path>
         <kind>archive</kind>
         <file>rts6740_elf.lib</file>
         <name>memcpy64.asm.obj</name>
      </input_file>
      <input_file id="fl-2f">
         <path>/home/vyldram/ti/ccs930/ccs/tools/compiler/ti-cgt-c6000_8.3.5/lib/</path>
         <kind>archive</kind>
         <file>rts6740_elf.lib</file>
         <name>push.asm.obj</name>
      </input_file>
      <input_file id="fl-30">
         <path>/home/vyldram/ti/ccs930/ccs/tools/compiler/ti-cgt-c6000_8.3.5/lib/</path>
         <kind>archive</kind>
         <file>rts6740_elf.lib</file>
         <name>boot.c.obj</name>
      </input_file>
      <input_file id="fl-31">
         <path>/home/vyldram/ti/ccs930/ccs/tools/compiler/ti-cgt-c6000_8.3.5/lib/</path>
         <kind>archive</kind>
         <file>rts6740_elf.lib</file>
         <name>imath40.c.obj</name>
      </input_file>
      <input_file id="fl-32">
         <path>/home/vyldram/ti/ccs930/ccs/tools/compiler/ti-cgt-c6000_8.3.5/lib/</path>
         <kind>archive</kind>
         <file>rts6740_elf.lib</file>
         <name>imath64.c.obj</name>
      </input_file>
      <input_file id="fl-33">
         <path>/home/vyldram/ti/ccs930/ccs/tools/compiler/ti-cgt-c6000_8.3.5/lib/</path>
         <kind>archive</kind>
         <file>rts6740_elf.lib</file>
         <name>llshift.c.obj</name>
      </input_file>
      <input_file id="fl-34">
         <path>/home/vyldram/ti/ccs930/ccs/tools/compiler/ti-cgt-c6000_8.3.5/lib/</path>
         <kind>archive</kind>
         <file>rts6740_elf.lib</file>
         <name>memset.c.obj</name>
      </input_file>
      <input_file id="fl-35">
         <path>/home/vyldram/ti/ccs930/ccs/tools/compiler/ti-cgt-c6000_8.3.5/lib/</path>
         <kind>archive</kind>
         <file>rts6740_elf.lib</file>
         <name>autoinit.c.obj</name>
      </input_file>
      <input_file id="fl-36">
         <path>/home/vyldram/ti/ccs930/ccs/tools/compiler/ti-cgt-c6000_8.3.5/lib/</path>
         <kind>archive</kind>
         <file>rts6740_elf.lib</file>
         <name>pre_init.c.obj</name>
      </input_file>
      <input_file id="fl-37">
         <path>/home/vyldram/ti/ccs930/ccs/tools/compiler/ti-cgt-c6000_8.3.5/lib/</path>
         <kind>archive</kind>
         <file>rts6740_elf.lib</file>
         <name>startup.c.obj</name>
      </input_file>
      <input_file id="fl-38">
         <path>/home/vyldram/ti/ccs930/ccs/tools/compiler/ti-cgt-c6000_8.3.5/lib/</path>
         <kind>archive</kind>
         <file>rts6740_elf.lib</file>
         <name>cpy_tbl.c.obj</name>
      </input_file>
      <input_file id="fl-39">
         <path>/home/vyldram/ti/ccs930/ccs/tools/compiler/ti-cgt-c6000_8.3.5/lib/</path>
         <kind>archive</kind>
         <file>rts6740_elf.lib</file>
         <name>copy_zero_init.c.obj</name>
      </input_file>
      <input_file id="fl-3a">
         <path>/home/vyldram/ti/ccs930/ccs/tools/compiler/ti-cgt-c6000_8.3.5/lib/</path>
         <kind>archive</kind>
         <file>rts6740_elf.lib</file>
         <name>copy_decompress_none.c.obj</name>
      </input_file>
      <input_file id="fl-3b">
         <path>/home/vyldram/ti/ccs930/ccs/tools/compiler/ti-cgt-c6000_8.3.5/lib/</path>
         <kind>archive</kind>
         <file>rts6740_elf.lib</file>
         <name>copy_decompress_rle.c.obj</name>
      </input_file>
      <input_file id="fl-3c">
         <path>/home/vyldram/ti/ccs930/ccs/tools/compiler/ti-cgt-c6000_8.3.5/lib/</path>
         <kind>archive</kind>
         <file>rts6740_elf.lib</file>
         <name>frexp.c.obj</name>
      </input_file>
      <input_file id="fl-3d">
         <path>/home/vyldram/ti/ccs930/ccs/tools/compiler/ti-cgt-c6000_8.3.5/lib/</path>
         <kind>archive</kind>
         <file>rts6740_elf.lib</file>
         <name>isinf.c.obj</name>
      </input_file>
      <input_file id="fl-3e">
         <path>/home/vyldram/ti/ccs930/ccs/tools/compiler/ti-cgt-c6000_8.3.5/lib/</path>
         <kind>archive</kind>
         <file>rts6740_elf.lib</file>
         <name>ldexp.c.obj</name>
      </input_file>
      <input_file id="fl-3f">
         <path>/home/vyldram/ti/ccs930/ccs/tools/compiler/ti-cgt-c6000_8.3.5/lib/</path>
         <kind>archive</kind>
         <file>rts6740_elf.lib</file>
         <name>signbit.c.obj</name>
      </input_file>
      <input_file id="fl-40">
         <path>/home/vyldram/ti/ccs930/ccs/tools/compiler/ti-cgt-c6000_8.3.5/lib/</path>
         <kind>archive</kind>
         <file>rts6740_elf.lib</file>
         <name>divd.c.obj</name>
      </input_file>
      <input_file id="fl-41">
         <path>/home/vyldram/ti/ccs930/ccs/tools/compiler/ti-cgt-c6000_8.3.5/lib/</path>
         <kind>archive</kind>
         <file>rts6740_elf.lib</file>
         <name>frcmpyd_div.c.obj</name>
      </input_file>
      <input_file id="fl-42">
         <path>/home/vyldram/ti/ccs930/ccs/tools/compiler/ti-cgt-c6000_8.3.5/lib/</path>
         <kind>archive</kind>
         <file>rts6740_elf.lib</file>
         <name>tls.c.obj</name>
      </input_file>
      <input_file id="fl-43">
         <path>/home/vyldram/ti/ccs930/ccs/tools/compiler/ti-cgt-c6000_8.3.5/lib/</path>
         <kind>archive</kind>
         <file>rts6740_elf.lib</file>
         <name>exit.c.obj</name>
      </input_file>
      <input_file id="fl-44">
         <path>/home/vyldram/ti/ccs930/ccs/tools/compiler/ti-cgt-c6000_8.3.5/lib/</path>
         <kind>archive</kind>
         <file>rts6740_elf.lib</file>
         <name>memory.c.obj</name>
      </input_file>
      <input_file id="fl-45">
         <path>/home/vyldram/ti/ccs930/ccs/tools/compiler/ti-cgt-c6000_8.3.5/lib/</path>
         <kind>archive</kind>
         <file>rts6740_elf.lib</file>
         <name>_lock.c.obj</name>
      </input_file>
      <input_file id="fl-46">
         <path>/home/vyldram/ti/ccs930/ccs/tools/compiler/ti-cgt-c6000_8.3.5/lib/</path>
         <kind>archive</kind>
         <file>rts6740_elf.lib</file>
         <name>_ltoa.c.obj</name>
      </input_file>
      <input_file id="fl-47">
         <path>/home/vyldram/ti/ccs930/ccs/tools/compiler/ti-cgt-c6000_8.3.5/lib/</path>
         <kind>archive</kind>
         <file>rts6740_elf.lib</file>
         <name>args_main.c.obj</name>
      </input_file>
      <input_file id="fl-48">
         <path>/home/vyldram/ti/ccs930/ccs/tools/compiler/ti-cgt-c6000_8.3.5/lib/</path>
         <kind>archive</kind>
         <file>rts6740_elf.lib</file>
         <name>atoi.c.obj</name>
      </input_file>
      <input_file id="fl-49">
         <path>/home/vyldram/ti/ccs930/ccs/tools/compiler/ti-cgt-c6000_8.3.5/lib/</path>
         <kind>archive</kind>
         <file>rts6740_elf.lib</file>
         <name>ctype.c.obj</name>
      </input_file>
      <input_file id="fl-4a">
         <path>/home/vyldram/ti/ccs930/ccs/tools/compiler/ti-cgt-c6000_8.3.5/lib/</path>
         <kind>archive</kind>
         <file>rts6740_elf.lib</file>
         <name>defs.c.obj</name>
      </input_file>
      <input_file id="fl-4b">
         <path>/home/vyldram/ti/ccs930/ccs/tools/compiler/ti-cgt-c6000_8.3.5/lib/</path>
         <kind>archive</kind>
         <file>rts6740_elf.lib</file>
         <name>memccpy.c.obj</name>
      </input_file>
      <input_file id="fl-4c">
         <path>/home/vyldram/ti/ccs930/ccs/tools/compiler/ti-cgt-c6000_8.3.5/lib/</path>
         <kind>archive</kind>
         <file>rts6740_elf.lib</file>
         <name>write.c.obj</name>
      </input_file>
      <input_file id="fl-4d">
         <path>/home/vyldram/ti/ccs930/ccs/tools/compiler/ti-cgt-c6000_8.3.5/lib/</path>
         <kind>archive</kind>
         <file>rts6740_elf.lib</file>
         <name>errno.c.obj</name>
      </input_file>
      <input_file id="fl-4e">
         <path>/home/vyldram/ti/ccs930/ccs/tools/compiler/ti-cgt-c6000_8.3.5/lib/</path>
         <kind>archive</kind>
         <file>rts6740_elf.lib</file>
         <name>llabs.c.obj</name>
      </input_file>
      <input_file id="fl-4f">
         <path>/home/vyldram/ti/ccs930/ccs/tools/compiler/ti-cgt-c6000_8.3.5/lib/</path>
         <kind>archive</kind>
         <file>rts6740_elf.lib</file>
         <name>wcslen.c.obj</name>
      </input_file>
      <input_file id="fl-50">
         <path>/home/vyldram/ti/ccs930/ccs/tools/compiler/ti-cgt-c6000_8.3.5/lib/</path>
         <kind>archive</kind>
         <file>rts6740_elf.lib</file>
         <name>fflush.c.obj</name>
      </input_file>
      <input_file id="fl-51">
         <path>/home/vyldram/ti/ccs930/ccs/tools/compiler/ti-cgt-c6000_8.3.5/lib/</path>
         <kind>archive</kind>
         <file>rts6740_elf.lib</file>
         <name>fopen.c.obj</name>
      </input_file>
      <input_file id="fl-52">
         <path>/home/vyldram/ti/ccs930/ccs/tools/compiler/ti-cgt-c6000_8.3.5/lib/</path>
         <kind>archive</kind>
         <file>rts6740_elf.lib</file>
         <name>fseek.c.obj</name>
      </input_file>
      <input_file id="fl-53">
         <path>/home/vyldram/ti/ccs930/ccs/tools/compiler/ti-cgt-c6000_8.3.5/lib/</path>
         <kind>archive</kind>
         <file>rts6740_elf.lib</file>
         <name>tls_get_tp.asm.obj</name>
      </input_file>
      <input_file id="fl-54">
         <path>/home/vyldram/ti/ccs930/ccs/tools/compiler/ti-cgt-c6000_8.3.5/lib/</path>
         <kind>archive</kind>
         <file>rts6740_elf.lib</file>
         <name>lseek.c.obj</name>
      </input_file>
      <input_file id="fl-55">
         <path>/home/vyldram/ti/ccs930/ccs/tools/compiler/ti-cgt-c6000_8.3.5/lib/</path>
         <kind>archive</kind>
         <file>rts6740_elf.lib</file>
         <name>open.c.obj</name>
      </input_file>
      <input_file id="fl-56">
         <path>/home/vyldram/ti/ccs930/ccs/tools/compiler/ti-cgt-c6000_8.3.5/lib/</path>
         <kind>archive</kind>
         <file>rts6740_elf.lib</file>
         <name>hostclose.c.obj</name>
      </input_file>
      <input_file id="fl-57">
         <path>/home/vyldram/ti/ccs930/ccs/tools/compiler/ti-cgt-c6000_8.3.5/lib/</path>
         <kind>archive</kind>
         <file>rts6740_elf.lib</file>
         <name>hostlseek.c.obj</name>
      </input_file>
      <input_file id="fl-58">
         <path>/home/vyldram/ti/ccs930/ccs/tools/compiler/ti-cgt-c6000_8.3.5/lib/</path>
         <kind>archive</kind>
         <file>rts6740_elf.lib</file>
         <name>hostopen.c.obj</name>
      </input_file>
      <input_file id="fl-59">
         <path>/home/vyldram/ti/ccs930/ccs/tools/compiler/ti-cgt-c6000_8.3.5/lib/</path>
         <kind>archive</kind>
         <file>rts6740_elf.lib</file>
         <name>hostread.c.obj</name>
      </input_file>
      <input_file id="fl-5a">
         <path>/home/vyldram/ti/ccs930/ccs/tools/compiler/ti-cgt-c6000_8.3.5/lib/</path>
         <kind>archive</kind>
         <file>rts6740_elf.lib</file>
         <name>hostrename.c.obj</name>
      </input_file>
      <input_file id="fl-5b">
         <path>/home/vyldram/ti/ccs930/ccs/tools/compiler/ti-cgt-c6000_8.3.5/lib/</path>
         <kind>archive</kind>
         <file>rts6740_elf.lib</file>
         <name>hostunlink.c.obj</name>
      </input_file>
      <input_file id="fl-5c">
         <path>/home/vyldram/ti/ccs930/ccs/tools/compiler/ti-cgt-c6000_8.3.5/lib/</path>
         <kind>archive</kind>
         <file>rts6740_elf.lib</file>
         <name>hostwrite.c.obj</name>
      </input_file>
      <input_file id="fl-5d">
         <path>/home/vyldram/ti/ccs930/ccs/tools/compiler/ti-cgt-c6000_8.3.5/lib/</path>
         <kind>archive</kind>
         <file>rts6740_elf.lib</file>
         <name>trgmsg.c.obj</name>
      </input_file>
      <input_file id="fl-5e">
         <path>/home/vyldram/ti/ccs930/ccs/tools/compiler/ti-cgt-c6000_8.3.5/lib/</path>
         <kind>archive</kind>
         <file>rts6740_elf.lib</file>
         <name>fclose.c.obj</name>
      </input_file>
      <input_file id="fl-5f">
         <path>/home/vyldram/ti/ccs930/ccs/tools/compiler/ti-cgt-c6000_8.3.5/lib/</path>
         <kind>archive</kind>
         <file>rts6740_elf.lib</file>
         <name>getdevice.c.obj</name>
      </input_file>
      <input_file id="fl-60">
         <path>/home/vyldram/ti/ccs930/ccs/tools/compiler/ti-cgt-c6000_8.3.5/lib/</path>
         <kind>archive</kind>
         <file>rts6740_elf.lib</file>
         <name>close.c.obj</name>
      </input_file>
      <input_file id="fl-61">
         <path>/home/vyldram/ti/ccs930/ccs/tools/compiler/ti-cgt-c6000_8.3.5/lib/</path>
         <kind>archive</kind>
         <file>rts6740_elf.lib</file>
         <name>remove.c.obj</name>
      </input_file>
      <input_file id="fl-62">
         <path>/home/vyldram/ti/ccs930/ccs/tools/compiler/ti-cgt-c6000_8.3.5/lib/</path>
         <kind>archive</kind>
         <file>rts6740_elf.lib</file>
         <name>unlink.c.obj</name>
      </input_file>
   </input_file_list>
   <object_component_list>
      <object_component id="oc-26">
         <name>.text:_c_int00</name>
         <load_address>0x80000000</load_address>
         <run_address>0x80000000</run_address>
         <size>0x80</size>
         <input_file_ref idref="fl-30"/>
      </object_component>
      <object_component id="oc-19c">
         <name>.text:__TI_printfi</name>
         <load_address>0x80000080</load_address>
         <run_address>0x80000080</run_address>
         <size>0x1fe0</size>
         <input_file_ref idref="fl-28"/>
      </object_component>
      <object_component id="oc-31">
         <name>.text:retain</name>
         <load_address>0x80002060</load_address>
         <run_address>0x80002060</run_address>
         <size>0x12e0</size>
         <input_file_ref idref="fl-4"/>
      </object_component>
      <object_component id="oc-13a">
         <name>.text</name>
         <load_address>0x80003340</load_address>
         <run_address>0x80003340</run_address>
         <size>0xea0</size>
         <input_file_ref idref="fl-1"/>
      </object_component>
      <object_component id="oc-134">
         <name>.text</name>
         <load_address>0x800041e0</load_address>
         <run_address>0x800041e0</run_address>
         <size>0xb40</size>
         <input_file_ref idref="fl-6"/>
      </object_component>
      <object_component id="oc-32">
         <name>.text</name>
         <load_address>0x80004d20</load_address>
         <run_address>0x80004d20</run_address>
         <size>0x8a0</size>
         <input_file_ref idref="fl-4"/>
      </object_component>
      <object_component id="oc-259">
         <name>.text:_pconv_a</name>
         <load_address>0x800055c0</load_address>
         <run_address>0x800055c0</run_address>
         <size>0x660</size>
         <input_file_ref idref="fl-28"/>
      </object_component>
      <object_component id="oc-2e0">
         <name>.text:__c6xabi_divd</name>
         <load_address>0x80005c20</load_address>
         <run_address>0x80005c20</run_address>
         <size>0x600</size>
         <input_file_ref idref="fl-40"/>
      </object_component>
      <object_component id="oc-247">
         <name>.text:_pconv_g</name>
         <load_address>0x80006220</load_address>
         <run_address>0x80006220</run_address>
         <size>0x400</size>
         <input_file_ref idref="fl-28"/>
      </object_component>
      <object_component id="oc-3a0">
         <name>.text:free</name>
         <load_address>0x80006620</load_address>
         <run_address>0x80006620</run_address>
         <size>0x3c0</size>
         <input_file_ref idref="fl-44"/>
      </object_component>
      <object_component id="oc-21d">
         <name>.text:fputs</name>
         <load_address>0x800069e0</load_address>
         <run_address>0x800069e0</run_address>
         <size>0x2e0</size>
         <input_file_ref idref="fl-2a"/>
      </object_component>
      <object_component id="oc-253">
         <name>.text:_pconv_e</name>
         <load_address>0x80006cc0</load_address>
         <run_address>0x80006cc0</run_address>
         <size>0x2a0</size>
         <input_file_ref idref="fl-28"/>
      </object_component>
      <object_component id="oc-2f9">
         <name>.text:fcvt</name>
         <load_address>0x80006f60</load_address>
         <run_address>0x80006f60</run_address>
         <size>0x2a0</size>
         <input_file_ref idref="fl-28"/>
      </object_component>
      <object_component id="oc-2cb">
         <name>.text:__c6xabi_divull</name>
         <load_address>0x80007200</load_address>
         <run_address>0x80007200</run_address>
         <size>0x260</size>
         <input_file_ref idref="fl-32"/>
      </object_component>
      <object_component id="oc-b6">
         <name>.text</name>
         <load_address>0x80007460</load_address>
         <run_address>0x80007460</run_address>
         <size>0x240</size>
         <input_file_ref idref="fl-9"/>
      </object_component>
      <object_component id="oc-22f">
         <name>.text:_ltostr</name>
         <load_address>0x800076a0</load_address>
         <run_address>0x800076a0</run_address>
         <size>0x200</size>
         <input_file_ref idref="fl-28"/>
      </object_component>
      <object_component id="oc-2d1">
         <name>.text:__c6xabi_divul</name>
         <load_address>0x800078a0</load_address>
         <run_address>0x800078a0</run_address>
         <size>0x1c0</size>
         <input_file_ref idref="fl-31"/>
      </object_component>
      <object_component id="oc-216">
         <name>.text:fputc</name>
         <load_address>0x80007a60</load_address>
         <run_address>0x80007a60</run_address>
         <size>0x1c0</size>
         <input_file_ref idref="fl-29"/>
      </object_component>
      <object_component id="oc-301">
         <name>.text:frexp</name>
         <load_address>0x80007c20</load_address>
         <run_address>0x80007c20</run_address>
         <size>0x1c0</size>
         <input_file_ref idref="fl-3c"/>
      </object_component>
      <object_component id="oc-307">
         <name>.text:ldexp</name>
         <load_address>0x80007de0</load_address>
         <run_address>0x80007de0</run_address>
         <size>0x1c0</size>
         <input_file_ref idref="fl-3e"/>
      </object_component>
      <object_component id="oc-3a6">
         <name>.text:malloc</name>
         <load_address>0x80007fa0</load_address>
         <run_address>0x80007fa0</run_address>
         <size>0x1c0</size>
         <input_file_ref idref="fl-44"/>
      </object_component>
      <object_component id="oc-33d">
         <name>.text:setvbuf</name>
         <load_address>0x80008160</load_address>
         <run_address>0x80008160</run_address>
         <size>0x1c0</size>
         <input_file_ref idref="fl-2c"/>
      </object_component>
      <object_component id="oc-43d">
         <name>.text:HOSTrename</name>
         <load_address>0x80008320</load_address>
         <run_address>0x80008320</run_address>
         <size>0x1a0</size>
         <input_file_ref idref="fl-5a"/>
      </object_component>
      <object_component id="oc-24d">
         <name>.text:_pconv_f</name>
         <load_address>0x800084c0</load_address>
         <run_address>0x800084c0</run_address>
         <size>0x120</size>
         <input_file_ref idref="fl-28"/>
      </object_component>
      <object_component id="oc-48b">
         <name>.text:getdevice</name>
         <load_address>0x800085e0</load_address>
         <run_address>0x800085e0</run_address>
         <size>0x120</size>
         <input_file_ref idref="fl-5f"/>
      </object_component>
      <object_component id="oc-140">
         <name>.text</name>
         <load_address>0x80008700</load_address>
         <run_address>0x80008700</run_address>
         <size>0x100</size>
         <input_file_ref idref="fl-3"/>
      </object_component>
      <object_component id="oc-410">
         <name>.text:__TI_closefile</name>
         <load_address>0x80008800</load_address>
         <run_address>0x80008800</run_address>
         <size>0x100</size>
         <input_file_ref idref="fl-5e"/>
      </object_component>
      <object_component id="oc-4f">
         <name>.text:__TI_decompress_rle_core</name>
         <load_address>0x80008900</load_address>
         <run_address>0x80008900</run_address>
         <size>0x100</size>
         <input_file_ref idref="fl-3b"/>
      </object_component>
      <object_component id="oc-2f2">
         <name>.text:_mcpy</name>
         <load_address>0x80008a00</load_address>
         <run_address>0x80008a00</run_address>
         <size>0x100</size>
         <input_file_ref idref="fl-28"/>
      </object_component>
      <object_component id="oc-229">
         <name>.text:atoi</name>
         <load_address>0x80008b00</load_address>
         <run_address>0x80008b00</run_address>
         <size>0x100</size>
         <input_file_ref idref="fl-48"/>
      </object_component>
      <object_component id="oc-337">
         <name>.text:fseek</name>
         <load_address>0x80008c00</load_address>
         <run_address>0x80008c00</run_address>
         <size>0x100</size>
         <input_file_ref idref="fl-52"/>
      </object_component>
      <object_component id="oc-431">
         <name>.text:HOSTlseek</name>
         <load_address>0x80008d00</load_address>
         <run_address>0x80008d00</run_address>
         <size>0xe0</size>
         <input_file_ref idref="fl-57"/>
      </object_component>
      <object_component id="oc-419">
         <name>.text:HOSTopen</name>
         <load_address>0x80008de0</load_address>
         <run_address>0x80008de0</run_address>
         <size>0xe0</size>
         <input_file_ref idref="fl-58"/>
      </object_component>
      <object_component id="oc-42b">
         <name>.text:HOSTwrite</name>
         <load_address>0x80008ec0</load_address>
         <run_address>0x80008ec0</run_address>
         <size>0xe0</size>
         <input_file_ref idref="fl-5c"/>
      </object_component>
      <object_component id="oc-2e6">
         <name>.text:__TI_ltoa</name>
         <load_address>0x80008fa0</load_address>
         <run_address>0x80008fa0</run_address>
         <size>0xe0</size>
         <input_file_ref idref="fl-46"/>
      </object_component>
      <object_component id="oc-2af">
         <name>.text:__TI_wrt_ok</name>
         <load_address>0x80009080</load_address>
         <run_address>0x80009080</run_address>
         <size>0xe0</size>
         <input_file_ref idref="fl-2b"/>
      </object_component>
      <object_component id="oc-45e">
         <name>.text:close</name>
         <load_address>0x80009160</load_address>
         <run_address>0x80009160</run_address>
         <size>0xe0</size>
         <input_file_ref idref="fl-60"/>
      </object_component>
      <object_component id="oc-6d">
         <name>.text:exit</name>
         <load_address>0x80009240</load_address>
         <run_address>0x80009240</run_address>
         <size>0xe0</size>
         <input_file_ref idref="fl-43"/>
      </object_component>
      <object_component id="oc-a2">
         <name>.text:memset</name>
         <load_address>0x80009320</load_address>
         <run_address>0x80009320</run_address>
         <size>0xe0</size>
         <input_file_ref idref="fl-34"/>
      </object_component>
      <object_component id="oc-12e">
         <name>.text:printf</name>
         <load_address>0x80009400</load_address>
         <run_address>0x80009400</run_address>
         <size>0xe0</size>
         <input_file_ref idref="fl-27"/>
      </object_component>
      <object_component id="oc-425">
         <name>.text:HOSTread</name>
         <load_address>0x800094e0</load_address>
         <run_address>0x800094e0</run_address>
         <size>0xc0</size>
         <input_file_ref idref="fl-59"/>
      </object_component>
      <object_component id="oc-437">
         <name>.text:HOSTunlink</name>
         <load_address>0x800095a0</load_address>
         <run_address>0x800095a0</run_address>
         <size>0xc0</size>
         <input_file_ref idref="fl-5b"/>
      </object_component>
      <object_component id="oc-ca">
         <name>.text:__TI_auto_init_nobinit_nopinit:__TI_auto_init_nobinit_nopinit</name>
         <load_address>0x80009660</load_address>
         <run_address>0x80009660</run_address>
         <size>0xc0</size>
         <input_file_ref idref="fl-35"/>
      </object_component>
      <object_component id="oc-2d7">
         <name>.text:__divu</name>
         <load_address>0x80009720</load_address>
         <run_address>0x80009720</run_address>
         <size>0xc0</size>
         <input_file_ref idref="fl-2d"/>
      </object_component>
      <object_component id="oc-405">
         <name>.text:mremove</name>
         <load_address>0x800097e0</load_address>
         <run_address>0x800097e0</run_address>
         <size>0xc0</size>
         <input_file_ref idref="fl-44"/>
      </object_component>
      <object_component id="oc-163">
         <name>.text:tls:init:__TI_tls_init</name>
         <load_address>0x800098a0</load_address>
         <run_address>0x800098a0</run_address>
         <size>0xc0</size>
         <input_file_ref idref="fl-42"/>
      </object_component>
      <object_component id="oc-41f">
         <name>.text:HOSTclose</name>
         <load_address>0x80009960</load_address>
         <run_address>0x80009960</run_address>
         <size>0xa0</size>
         <input_file_ref idref="fl-56"/>
      </object_component>
      <object_component id="oc-3ac">
         <name>.text:__TI_cleanup</name>
         <load_address>0x80009a00</load_address>
         <run_address>0x80009a00</run_address>
         <size>0xa0</size>
         <input_file_ref idref="fl-51"/>
      </object_component>
      <object_component id="oc-2b5">
         <name>.text:__TI_doflush</name>
         <load_address>0x80009aa0</load_address>
         <run_address>0x80009aa0</run_address>
         <size>0xa0</size>
         <input_file_ref idref="fl-50"/>
      </object_component>
      <object_component id="oc-2ec">
         <name>.text:_ecpy</name>
         <load_address>0x80009b40</load_address>
         <run_address>0x80009b40</run_address>
         <size>0xa0</size>
         <input_file_ref idref="fl-28"/>
      </object_component>
      <object_component id="oc-4ab">
         <name>.text:finddevice</name>
         <load_address>0x80009be0</load_address>
         <run_address>0x80009be0</run_address>
         <size>0xa0</size>
         <input_file_ref idref="fl-5f"/>
      </object_component>
      <object_component id="oc-43">
         <name>.text:memcpy</name>
         <load_address>0x80009c80</load_address>
         <run_address>0x80009c80</run_address>
         <size>0xa0</size>
         <input_file_ref idref="fl-2e"/>
      </object_component>
      <object_component id="oc-3ff">
         <name>.text:minsert</name>
         <load_address>0x80009d20</load_address>
         <run_address>0x80009d20</run_address>
         <size>0xa0</size>
         <input_file_ref idref="fl-44"/>
      </object_component>
      <object_component id="oc-476">
         <name>.text:__TI_readmsg</name>
         <load_address>0x80009dc0</load_address>
         <run_address>0x80009dc0</run_address>
         <size>0x80</size>
         <input_file_ref idref="fl-5d"/>
      </object_component>
      <object_component id="oc-355">
         <name>.text:__c6xabi_llshl</name>
         <load_address>0x80009e40</load_address>
         <run_address>0x80009e40</run_address>
         <size>0x80</size>
         <input_file_ref idref="fl-33"/>
      </object_component>
      <object_component id="oc-464">
         <name>.text:unlink</name>
         <load_address>0x80009ec0</load_address>
         <run_address>0x80009ec0</run_address>
         <size>0x80</size>
         <input_file_ref idref="fl-62"/>
      </object_component>
      <object_component id="oc-470">
         <name>.text:__TI_writemsg</name>
         <load_address>0x80009f40</load_address>
         <run_address>0x80009f40</run_address>
         <size>0x60</size>
         <input_file_ref idref="fl-5d"/>
      </object_component>
      <object_component id="oc-361">
         <name>.text:__c6xabi_llshru</name>
         <load_address>0x80009fa0</load_address>
         <run_address>0x80009fa0</run_address>
         <size>0x60</size>
         <input_file_ref idref="fl-33"/>
      </object_component>
      <object_component id="oc-35b">
         <name>.text:_subcull</name>
         <load_address>0x8000a000</load_address>
         <run_address>0x8000a000</run_address>
         <size>0x60</size>
         <input_file_ref idref="fl-32"/>
      </object_component>
      <object_component id="oc-398">
         <name>.text:lseek</name>
         <load_address>0x8000a060</load_address>
         <run_address>0x8000a060</run_address>
         <size>0x60</size>
         <input_file_ref idref="fl-54"/>
      </object_component>
      <object_component id="oc-25f">
         <name>.text:memccpy</name>
         <load_address>0x8000a0c0</load_address>
         <run_address>0x8000a0c0</run_address>
         <size>0x60</size>
         <input_file_ref idref="fl-4b"/>
      </object_component>
      <object_component id="oc-2bb">
         <name>.text:write</name>
         <load_address>0x8000a120</load_address>
         <run_address>0x8000a120</run_address>
         <size>0x60</size>
         <input_file_ref idref="fl-4c"/>
      </object_component>
      <object_component id="oc-36c">
         <name>.text:__TI_frcmpyd_div</name>
         <load_address>0x8000a180</load_address>
         <run_address>0x8000a180</run_address>
         <size>0x40</size>
         <input_file_ref idref="fl-41"/>
      </object_component>
      <object_component id="oc-23b">
         <name>.text:__c6xabi_isinf</name>
         <load_address>0x8000a1c0</load_address>
         <run_address>0x8000a1c0</run_address>
         <size>0x40</size>
         <input_file_ref idref="fl-3d"/>
      </object_component>
      <object_component id="oc-235">
         <name>.text:__c6xabi_isnan</name>
         <load_address>0x8000a200</load_address>
         <run_address>0x8000a200</run_address>
         <size>0x40</size>
         <input_file_ref idref="fl-28"/>
      </object_component>
      <object_component id="oc-67">
         <name>.text:_args_main</name>
         <load_address>0x8000a240</load_address>
         <run_address>0x8000a240</run_address>
         <size>0x40</size>
         <input_file_ref idref="fl-47"/>
      </object_component>
      <object_component id="oc-265">
         <name>.text:wcslen</name>
         <load_address>0x8000a280</load_address>
         <run_address>0x8000a280</run_address>
         <size>0x40</size>
         <input_file_ref idref="fl-4f"/>
      </object_component>
      <object_component id="oc-26b">
         <name>.text:__c6xabi_errno_addr</name>
         <load_address>0x8000a2c0</load_address>
         <run_address>0x8000a2c0</run_address>
         <size>0x20</size>
         <input_file_ref idref="fl-4d"/>
      </object_component>
      <object_component id="oc-271">
         <name>.text:__pop_rts</name>
         <load_address>0x8000a2e0</load_address>
         <run_address>0x8000a2e0</run_address>
         <size>0x20</size>
         <input_file_ref idref="fl-2f"/>
      </object_component>
      <object_component id="oc-224">
         <name>.text:__push_rts</name>
         <load_address>0x8000a300</load_address>
         <run_address>0x8000a300</run_address>
         <size>0x20</size>
         <input_file_ref idref="fl-2f"/>
      </object_component>
      <object_component id="oc-207">
         <name>.text:_nop</name>
         <load_address>0x8000a320</load_address>
         <run_address>0x8000a320</run_address>
         <size>0x20</size>
         <input_file_ref idref="fl-45"/>
      </object_component>
      <object_component id="oc-190">
         <name>.text:_outc</name>
         <load_address>0x8000a340</load_address>
         <run_address>0x8000a340</run_address>
         <size>0x20</size>
         <input_file_ref idref="fl-27"/>
      </object_component>
      <object_component id="oc-196">
         <name>.text:_outs</name>
         <load_address>0x8000a360</load_address>
         <run_address>0x8000a360</run_address>
         <size>0x20</size>
         <input_file_ref idref="fl-27"/>
      </object_component>
      <object_component id="oc-241">
         <name>.text:_signbit</name>
         <load_address>0x8000a380</load_address>
         <run_address>0x8000a380</run_address>
         <size>0x20</size>
         <input_file_ref idref="fl-3f"/>
      </object_component>
      <object_component id="oc-15d">
         <name>.text:_system_post_cinit</name>
         <load_address>0x8000a3a0</load_address>
         <run_address>0x8000a3a0</run_address>
         <size>0x20</size>
         <input_file_ref idref="fl-37"/>
      </object_component>
      <object_component id="oc-73">
         <name>.text:_system_pre_init</name>
         <load_address>0x8000a3c0</load_address>
         <run_address>0x8000a3c0</run_address>
         <size>0x20</size>
         <input_file_ref idref="fl-36"/>
      </object_component>
      <object_component id="oc-c1">
         <name>.text:abort</name>
         <load_address>0x8000a3e0</load_address>
         <run_address>0x8000a3e0</run_address>
         <size>0x20</size>
         <input_file_ref idref="fl-43"/>
      </object_component>
      <object_component id="oc-19">
         <name>.text:decompress:none:__TI_decompress_none</name>
         <load_address>0x8000a400</load_address>
         <run_address>0x8000a400</run_address>
         <size>0x20</size>
         <input_file_ref idref="fl-3a"/>
      </object_component>
      <object_component id="oc-1f">
         <name>.text:decompress:rle24:__TI_decompress_rle24</name>
         <load_address>0x8000a420</load_address>
         <run_address>0x8000a420</run_address>
         <size>0x20</size>
         <input_file_ref idref="fl-3b"/>
      </object_component>
      <object_component id="oc-277">
         <name>.switch:__TI_printfi</name>
         <load_address>0x800126d0</load_address>
         <run_address>0x800126d0</run_address>
         <size>0x38</size>
         <input_file_ref idref="fl-28"/>
      </object_component>
      <object_component id="oc-127">
         <name>.const:.string</name>
         <load_address>0x800122e8</load_address>
         <run_address>0x800122e8</run_address>
         <size>0x1a0</size>
         <input_file_ref idref="fl-9"/>
      </object_component>
      <object_component id="oc-2c6">
         <name>.const:.string:_ctypes_</name>
         <load_address>0x80012488</load_address>
         <run_address>0x80012488</run_address>
         <size>0x101</size>
         <input_file_ref idref="fl-49"/>
      </object_component>
      <object_component id="oc-276">
         <name>.const:.string</name>
         <load_address>0x8001258c</load_address>
         <run_address>0x8001258c</run_address>
         <size>0x24</size>
         <input_file_ref idref="fl-28"/>
      </object_component>
      <object_component id="oc-4ee">
         <name>.cinit..fardata.load</name>
         <load_address>0x80012a00</load_address>
         <run_address>0x80012a00</run_address>
         <size>0x6f</size>
      </object_component>
      <object_component id="oc-4f0">
         <name>.cinit..datas.load</name>
         <load_address>0x80012a6f</load_address>
         <run_address>0x80012a6f</run_address>
         <size>0x4e</size>
      </object_component>
      <object_component id="oc-4ef">
         <name>.cinit..far.load</name>
         <load_address>0x80012abd</load_address>
         <run_address>0x80012abd</run_address>
         <size>0xb</size>
      </object_component>
      <object_component id="oc-4ed">
         <name>.cinit..neardata.load</name>
         <load_address>0x80012ac8</load_address>
         <run_address>0x80012ac8</run_address>
         <size>0xa</size>
      </object_component>
      <object_component id="oc-4eb">
         <name>__TI_handler_table</name>
         <load_address>0x80012ad4</load_address>
         <run_address>0x80012ad4</run_address>
         <size>0x8</size>
      </object_component>
      <object_component id="oc-4ec">
         <name>__TI_cinit_table</name>
         <load_address>0x80012ae0</load_address>
         <run_address>0x80012ae0</run_address>
         <size>0x20</size>
      </object_component>
      <object_component id="oc-12b">
         <name>.neardata</name>
         <load_address>0x800122e4</load_address>
         <run_address>0x800122e4</run_address>
         <size>0x4</size>
         <input_file_ref idref="fl-9"/>
      </object_component>
      <object_component id="oc-be">
         <name>.fardata</name>
         <load_address>0x800122c0</load_address>
         <run_address>0x800122c0</run_address>
         <size>0xc</size>
         <input_file_ref idref="fl-43"/>
      </object_component>
      <object_component id="oc-3fc">
         <name>.fardata</name>
         <load_address>0x800122cc</load_address>
         <run_address>0x800122cc</run_address>
         <size>0x8</size>
         <input_file_ref idref="fl-44"/>
      </object_component>
      <object_component id="oc-187">
         <name>.fardata:_lock</name>
         <load_address>0x800122d4</load_address>
         <run_address>0x800122d4</run_address>
         <size>0x4</size>
         <input_file_ref idref="fl-45"/>
      </object_component>
      <object_component id="oc-18d">
         <name>.fardata:_unlock</name>
         <load_address>0x800122d8</load_address>
         <run_address>0x800122d8</run_address>
         <size>0x4</size>
         <input_file_ref idref="fl-45"/>
      </object_component>
      <object_component id="oc-18a">
         <name>.fardata:_ftable</name>
         <load_address>0x80011fc8</load_address>
         <run_address>0x80011fc8</run_address>
         <size>0x1e0</size>
         <input_file_ref idref="fl-4a"/>
      </object_component>
      <object_component id="oc-40d">
         <name>.fardata</name>
         <load_address>0x800122dc</load_address>
         <run_address>0x800122dc</run_address>
         <size>0x4</size>
         <input_file_ref idref="fl-4a"/>
      </object_component>
      <object_component id="oc-3bd">
         <name>.fardata:_device</name>
         <load_address>0x80012248</load_address>
         <run_address>0x80012248</run_address>
         <size>0x78</size>
         <input_file_ref idref="fl-4c"/>
      </object_component>
      <object_component id="oc-347">
         <name>.fardata:_stream</name>
         <load_address>0x800121a8</load_address>
         <run_address>0x800121a8</run_address>
         <size>0xa0</size>
         <input_file_ref idref="fl-4c"/>
      </object_component>
      <object_component id="oc-317">
         <name>.fardata</name>
         <load_address>0x800122e0</load_address>
         <run_address>0x800122e0</run_address>
         <size>0x4</size>
         <input_file_ref idref="fl-4d"/>
      </object_component>
      <object_component id="oc-7c">
         <name>.far:ISRtable</name>
         <uninitialized>true</uninitialized>
         <run_address>0x80011f80</run_address>
         <size>0x40</size>
         <input_file_ref idref="fl-4"/>
      </object_component>
      <object_component id="oc-7f">
         <name>.far:ECMtable</name>
         <uninitialized>true</uninitialized>
         <run_address>0x80011c40</run_address>
         <size>0x200</size>
         <input_file_ref idref="fl-4"/>
      </object_component>
      <object_component id="oc-46a">
         <name>.common:__TI_tmpnams</name>
         <uninitialized>true</uninitialized>
         <run_address>0x80011e40</run_address>
         <size>0x140</size>
      </object_component>
      <object_component id="oc-46d">
         <name>.common:parmbuf</name>
         <uninitialized>true</uninitialized>
         <run_address>0x80011fc0</run_address>
         <size>0x8</size>
      </object_component>
      <object_component id="oc-3d">
         <name>.stack</name>
         <uninitialized>true</uninitialized>
         <run_address>0x8000a440</run_address>
         <size>0x8</size>
         <input_file_ref idref="fl-30"/>
      </object_component>
      <object_component id="oc-4f1">
         <name>.stack</name>
         <uninitialized>true</uninitialized>
         <run_address>0x8000a440</run_address>
         <size>0x0</size>
      </object_component>
      <object_component id="oc-40">
         <name>.sysmem</name>
         <uninitialized>true</uninitialized>
         <run_address>0x80011440</run_address>
         <size>0x8</size>
         <input_file_ref idref="fl-44"/>
      </object_component>
      <object_component id="oc-4f2">
         <name>.sysmem</name>
         <uninitialized>true</uninitialized>
         <run_address>0x80011440</run_address>
         <size>0x0</size>
      </object_component>
      <object_component id="oc-497">
         <name>.cio</name>
         <uninitialized>true</uninitialized>
         <run_address>0x800125b0</run_address>
         <size>0x120</size>
         <input_file_ref idref="fl-5d"/>
      </object_component>
      <object_component id="oc-27">
         <name>.vecs</name>
         <load_address>0x80012800</load_address>
         <run_address>0x80012800</run_address>
         <size>0x200</size>
         <input_file_ref idref="fl-8"/>
      </object_component>
      <object_component id="oc-128">
         <name>.datas</name>
         <load_address>0x800000</load_address>
         <run_address>0x800000</run_address>
         <size>0x1e0</size>
         <input_file_ref idref="fl-9"/>
      </object_component>
      <object_component id="oc-17d">
         <name>.debug_info</name>
         <load_address>0x0</load_address>
         <run_address>0x0</run_address>
         <size>0x7f9</size>
         <input_file_ref idref="fl-1"/>
      </object_component>
      <object_component id="oc-13b">
         <name>.debug_info</name>
         <load_address>0x7f9</load_address>
         <run_address>0x7f9</run_address>
         <size>0x1250</size>
         <input_file_ref idref="fl-1"/>
      </object_component>
      <object_component id="oc-14c">
         <name>.debug_info</name>
         <load_address>0x1a49</load_address>
         <run_address>0x1a49</run_address>
         <size>0xe2</size>
         <input_file_ref idref="fl-1"/>
      </object_component>
      <object_component id="oc-105">
         <name>.debug_info</name>
         <load_address>0x1b2b</load_address>
         <run_address>0x1b2b</run_address>
         <size>0x26b</size>
         <input_file_ref idref="fl-1"/>
      </object_component>
      <object_component id="oc-1c9">
         <name>.debug_info</name>
         <load_address>0x1d96</load_address>
         <run_address>0x1d96</run_address>
         <size>0xc49</size>
         <input_file_ref idref="fl-1"/>
      </object_component>
      <object_component id="oc-1ce">
         <name>.debug_info</name>
         <load_address>0x29df</load_address>
         <run_address>0x29df</run_address>
         <size>0x91d</size>
         <input_file_ref idref="fl-1"/>
      </object_component>
      <object_component id="oc-1d3">
         <name>.debug_info</name>
         <load_address>0x32fc</load_address>
         <run_address>0x32fc</run_address>
         <size>0xf32</size>
         <input_file_ref idref="fl-1"/>
      </object_component>
      <object_component id="oc-9d">
         <name>.debug_info</name>
         <load_address>0x422e</load_address>
         <run_address>0x422e</run_address>
         <size>0xc0</size>
         <input_file_ref idref="fl-1"/>
      </object_component>
      <object_component id="oc-fe">
         <name>.debug_info</name>
         <load_address>0x42ee</load_address>
         <run_address>0x42ee</run_address>
         <size>0x275</size>
         <input_file_ref idref="fl-1"/>
      </object_component>
      <object_component id="oc-83">
         <name>.debug_info</name>
         <load_address>0x4563</load_address>
         <run_address>0x4563</run_address>
         <size>0xbb</size>
         <input_file_ref idref="fl-1"/>
      </object_component>
      <object_component id="oc-295">
         <name>.debug_info</name>
         <load_address>0x461e</load_address>
         <run_address>0x461e</run_address>
         <size>0x843</size>
         <input_file_ref idref="fl-2"/>
      </object_component>
      <object_component id="oc-1a5">
         <name>.debug_info</name>
         <load_address>0x4e61</load_address>
         <run_address>0x4e61</run_address>
         <size>0x14b3</size>
         <input_file_ref idref="fl-2"/>
      </object_component>
      <object_component id="oc-330">
         <name>.debug_info</name>
         <load_address>0x6314</load_address>
         <run_address>0x6314</run_address>
         <size>0xfa0</size>
         <input_file_ref idref="fl-2"/>
      </object_component>
      <object_component id="oc-32b">
         <name>.debug_info</name>
         <load_address>0x72b4</load_address>
         <run_address>0x72b4</run_address>
         <size>0x260e</size>
         <input_file_ref idref="fl-2"/>
      </object_component>
      <object_component id="oc-296">
         <name>.debug_info</name>
         <load_address>0x98c2</load_address>
         <run_address>0x98c2</run_address>
         <size>0x562</size>
         <input_file_ref idref="fl-3"/>
      </object_component>
      <object_component id="oc-141">
         <name>.debug_info</name>
         <load_address>0x9e24</load_address>
         <run_address>0x9e24</run_address>
         <size>0x2bf</size>
         <input_file_ref idref="fl-3"/>
      </object_component>
      <object_component id="oc-1ac">
         <name>.debug_info</name>
         <load_address>0xa0e3</load_address>
         <run_address>0xa0e3</run_address>
         <size>0x7ce</size>
         <input_file_ref idref="fl-3"/>
      </object_component>
      <object_component id="oc-8d">
         <name>.debug_info</name>
         <load_address>0xa8b1</load_address>
         <run_address>0xa8b1</run_address>
         <size>0x6a6</size>
         <input_file_ref idref="fl-4"/>
      </object_component>
      <object_component id="oc-7d">
         <name>.debug_info</name>
         <load_address>0xaf57</load_address>
         <run_address>0xaf57</run_address>
         <size>0xcb</size>
         <input_file_ref idref="fl-4"/>
      </object_component>
      <object_component id="oc-80">
         <name>.debug_info</name>
         <load_address>0xb022</load_address>
         <run_address>0xb022</run_address>
         <size>0xcb</size>
         <input_file_ref idref="fl-4"/>
      </object_component>
      <object_component id="oc-33">
         <name>.debug_info</name>
         <load_address>0xb0ed</load_address>
         <run_address>0xb0ed</run_address>
         <size>0x1362</size>
         <input_file_ref idref="fl-4"/>
      </object_component>
      <object_component id="oc-38">
         <name>.debug_info</name>
         <load_address>0xc44f</load_address>
         <run_address>0xc44f</run_address>
         <size>0x7b2</size>
         <input_file_ref idref="fl-4"/>
      </object_component>
      <object_component id="oc-88">
         <name>.debug_info</name>
         <load_address>0xcc01</load_address>
         <run_address>0xcc01</run_address>
         <size>0x2489</size>
         <input_file_ref idref="fl-4"/>
      </object_component>
      <object_component id="oc-135">
         <name>.debug_info</name>
         <load_address>0xf08a</load_address>
         <run_address>0xf08a</run_address>
         <size>0xad0</size>
         <input_file_ref idref="fl-6"/>
      </object_component>
      <object_component id="oc-28">
         <name>.debug_info</name>
         <load_address>0xfb5a</load_address>
         <run_address>0xfb5a</run_address>
         <size>0xdf</size>
         <input_file_ref idref="fl-8"/>
      </object_component>
      <object_component id="oc-184">
         <name>.debug_info</name>
         <load_address>0xfc39</load_address>
         <run_address>0xfc39</run_address>
         <size>0xfec</size>
         <input_file_ref idref="fl-9"/>
      </object_component>
      <object_component id="oc-129">
         <name>.debug_info</name>
         <load_address>0x10c25</load_address>
         <run_address>0x10c25</run_address>
         <size>0x10c</size>
         <input_file_ref idref="fl-9"/>
      </object_component>
      <object_component id="oc-12c">
         <name>.debug_info</name>
         <load_address>0x10d31</load_address>
         <run_address>0x10d31</run_address>
         <size>0xc8</size>
         <input_file_ref idref="fl-9"/>
      </object_component>
      <object_component id="oc-b7">
         <name>.debug_info</name>
         <load_address>0x10df9</load_address>
         <run_address>0x10df9</run_address>
         <size>0x2b5</size>
         <input_file_ref idref="fl-9"/>
      </object_component>
      <object_component id="oc-1da">
         <name>.debug_info</name>
         <load_address>0x110ae</load_address>
         <run_address>0x110ae</run_address>
         <size>0x7ce</size>
         <input_file_ref idref="fl-9"/>
      </object_component>
      <object_component id="oc-147">
         <name>.debug_info</name>
         <load_address>0x1187c</load_address>
         <run_address>0x1187c</run_address>
         <size>0x14b3</size>
         <input_file_ref idref="fl-9"/>
      </object_component>
      <object_component id="oc-1e4">
         <name>.debug_info</name>
         <load_address>0x12d2f</load_address>
         <run_address>0x12d2f</run_address>
         <size>0x2489</size>
         <input_file_ref idref="fl-9"/>
      </object_component>
      <object_component id="oc-1f8">
         <name>.debug_info</name>
         <load_address>0x151b8</load_address>
         <run_address>0x151b8</run_address>
         <size>0xfa0</size>
         <input_file_ref idref="fl-9"/>
      </object_component>
      <object_component id="oc-1df">
         <name>.debug_info</name>
         <load_address>0x16158</load_address>
         <run_address>0x16158</run_address>
         <size>0x53c</size>
         <input_file_ref idref="fl-9"/>
      </object_component>
      <object_component id="oc-1e9">
         <name>.debug_info</name>
         <load_address>0x16694</load_address>
         <run_address>0x16694</run_address>
         <size>0x1fd0</size>
         <input_file_ref idref="fl-9"/>
      </object_component>
      <object_component id="oc-1ee">
         <name>.debug_info</name>
         <load_address>0x18664</load_address>
         <run_address>0x18664</run_address>
         <size>0x260e</size>
         <input_file_ref idref="fl-9"/>
      </object_component>
      <object_component id="oc-1f3">
         <name>.debug_info</name>
         <load_address>0x1ac72</load_address>
         <run_address>0x1ac72</run_address>
         <size>0x1b68</size>
         <input_file_ref idref="fl-9"/>
      </object_component>
      <object_component id="oc-1fd">
         <name>.debug_info</name>
         <load_address>0x1c7da</load_address>
         <run_address>0x1c7da</run_address>
         <size>0x2812</size>
         <input_file_ref idref="fl-9"/>
      </object_component>
      <object_component id="oc-202">
         <name>.debug_info</name>
         <load_address>0x1efec</load_address>
         <run_address>0x1efec</run_address>
         <size>0xe36</size>
         <input_file_ref idref="fl-9"/>
      </object_component>
      <object_component id="oc-27a">
         <name>.debug_info</name>
         <load_address>0x1fe22</load_address>
         <run_address>0x1fe22</run_address>
         <size>0x2c</size>
         <input_file_ref idref="fl-9"/>
      </object_component>
      <object_component id="oc-1a3">
         <name>.debug_info</name>
         <load_address>0x1fe4e</load_address>
         <run_address>0x1fe4e</run_address>
         <size>0x6ad</size>
         <input_file_ref idref="fl-27"/>
      </object_component>
      <object_component id="oc-191">
         <name>.debug_info</name>
         <load_address>0x204fb</load_address>
         <run_address>0x204fb</run_address>
         <size>0x14f</size>
         <input_file_ref idref="fl-27"/>
      </object_component>
      <object_component id="oc-197">
         <name>.debug_info</name>
         <load_address>0x2064a</load_address>
         <run_address>0x2064a</run_address>
         <size>0x15e</size>
         <input_file_ref idref="fl-27"/>
      </object_component>
      <object_component id="oc-12f">
         <name>.debug_info</name>
         <load_address>0x207a8</load_address>
         <run_address>0x207a8</run_address>
         <size>0x196</size>
         <input_file_ref idref="fl-27"/>
      </object_component>
      <object_component id="oc-290">
         <name>.debug_info</name>
         <load_address>0x2093e</load_address>
         <run_address>0x2093e</run_address>
         <size>0xb2</size>
         <input_file_ref idref="fl-27"/>
      </object_component>
      <object_component id="oc-279">
         <name>.debug_info</name>
         <load_address>0x209f0</load_address>
         <run_address>0x209f0</run_address>
         <size>0x80b</size>
         <input_file_ref idref="fl-28"/>
      </object_component>
      <object_component id="oc-230">
         <name>.debug_info</name>
         <load_address>0x211fb</load_address>
         <run_address>0x211fb</run_address>
         <size>0x268</size>
         <input_file_ref idref="fl-28"/>
      </object_component>
      <object_component id="oc-236">
         <name>.debug_info</name>
         <load_address>0x21463</load_address>
         <run_address>0x21463</run_address>
         <size>0x21b</size>
         <input_file_ref idref="fl-28"/>
      </object_component>
      <object_component id="oc-2ed">
         <name>.debug_info</name>
         <load_address>0x2167e</load_address>
         <run_address>0x2167e</run_address>
         <size>0x1a6</size>
         <input_file_ref idref="fl-28"/>
      </object_component>
      <object_component id="oc-2f3">
         <name>.debug_info</name>
         <load_address>0x21824</load_address>
         <run_address>0x21824</run_address>
         <size>0x217</size>
         <input_file_ref idref="fl-28"/>
      </object_component>
      <object_component id="oc-248">
         <name>.debug_info</name>
         <load_address>0x21a3b</load_address>
         <run_address>0x21a3b</run_address>
         <size>0x301</size>
         <input_file_ref idref="fl-28"/>
      </object_component>
      <object_component id="oc-2fa">
         <name>.debug_info</name>
         <load_address>0x21d3c</load_address>
         <run_address>0x21d3c</run_address>
         <size>0x243</size>
         <input_file_ref idref="fl-28"/>
      </object_component>
      <object_component id="oc-24e">
         <name>.debug_info</name>
         <load_address>0x21f7f</load_address>
         <run_address>0x21f7f</run_address>
         <size>0x26f</size>
         <input_file_ref idref="fl-28"/>
      </object_component>
      <object_component id="oc-254">
         <name>.debug_info</name>
         <load_address>0x221ee</load_address>
         <run_address>0x221ee</run_address>
         <size>0x2e9</size>
         <input_file_ref idref="fl-28"/>
      </object_component>
      <object_component id="oc-25a">
         <name>.debug_info</name>
         <load_address>0x224d7</load_address>
         <run_address>0x224d7</run_address>
         <size>0x4a9</size>
         <input_file_ref idref="fl-28"/>
      </object_component>
      <object_component id="oc-19d">
         <name>.debug_info</name>
         <load_address>0x22980</load_address>
         <run_address>0x22980</run_address>
         <size>0x6ad</size>
         <input_file_ref idref="fl-28"/>
      </object_component>
      <object_component id="oc-27f">
         <name>.debug_info</name>
         <load_address>0x2302d</load_address>
         <run_address>0x2302d</run_address>
         <size>0x86</size>
         <input_file_ref idref="fl-28"/>
      </object_component>
      <object_component id="oc-31f">
         <name>.debug_info</name>
         <load_address>0x230b3</load_address>
         <run_address>0x230b3</run_address>
         <size>0x39</size>
         <input_file_ref idref="fl-28"/>
      </object_component>
      <object_component id="oc-393">
         <name>.debug_info</name>
         <load_address>0x230ec</load_address>
         <run_address>0x230ec</run_address>
         <size>0x94</size>
         <input_file_ref idref="fl-28"/>
      </object_component>
      <object_component id="oc-324">
         <name>.debug_info</name>
         <load_address>0x23180</load_address>
         <run_address>0x23180</run_address>
         <size>0x46</size>
         <input_file_ref idref="fl-28"/>
      </object_component>
      <object_component id="oc-289">
         <name>.debug_info</name>
         <load_address>0x231c6</load_address>
         <run_address>0x231c6</run_address>
         <size>0x46</size>
         <input_file_ref idref="fl-28"/>
      </object_component>
      <object_component id="oc-284">
         <name>.debug_info</name>
         <load_address>0x2320c</load_address>
         <run_address>0x2320c</run_address>
         <size>0x2c</size>
         <input_file_ref idref="fl-28"/>
      </object_component>
      <object_component id="oc-2c2">
         <name>.debug_info</name>
         <load_address>0x23238</load_address>
         <run_address>0x23238</run_address>
         <size>0x64b</size>
         <input_file_ref idref="fl-29"/>
      </object_component>
      <object_component id="oc-217">
         <name>.debug_info</name>
         <load_address>0x23883</load_address>
         <run_address>0x23883</run_address>
         <size>0x210</size>
         <input_file_ref idref="fl-29"/>
      </object_component>
      <object_component id="oc-2c4">
         <name>.debug_info</name>
         <load_address>0x23a93</load_address>
         <run_address>0x23a93</run_address>
         <size>0x65c</size>
         <input_file_ref idref="fl-2a"/>
      </object_component>
      <object_component id="oc-21e">
         <name>.debug_info</name>
         <load_address>0x240ef</load_address>
         <run_address>0x240ef</run_address>
         <size>0x323</size>
         <input_file_ref idref="fl-2a"/>
      </object_component>
      <object_component id="oc-11a">
         <name>.debug_info</name>
         <load_address>0x24412</load_address>
         <run_address>0x24412</run_address>
         <size>0x2c</size>
         <input_file_ref idref="fl-2a"/>
      </object_component>
      <object_component id="oc-344">
         <name>.debug_info</name>
         <load_address>0x2443e</load_address>
         <run_address>0x2443e</run_address>
         <size>0x5c7</size>
         <input_file_ref idref="fl-2b"/>
      </object_component>
      <object_component id="oc-2b0">
         <name>.debug_info</name>
         <load_address>0x24a05</load_address>
         <run_address>0x24a05</run_address>
         <size>0x189</size>
         <input_file_ref idref="fl-2b"/>
      </object_component>
      <object_component id="oc-3b4">
         <name>.debug_info</name>
         <load_address>0x24b8e</load_address>
         <run_address>0x24b8e</run_address>
         <size>0xbf</size>
         <input_file_ref idref="fl-2b"/>
      </object_component>
      <object_component id="oc-3b3">
         <name>.debug_info</name>
         <load_address>0x24c4d</load_address>
         <run_address>0x24c4d</run_address>
         <size>0x631</size>
         <input_file_ref idref="fl-2c"/>
      </object_component>
      <object_component id="oc-33e">
         <name>.debug_info</name>
         <load_address>0x2527e</load_address>
         <run_address>0x2527e</run_address>
         <size>0x229</size>
         <input_file_ref idref="fl-2c"/>
      </object_component>
      <object_component id="oc-2d8">
         <name>.debug_info</name>
         <load_address>0x254a7</load_address>
         <run_address>0x254a7</run_address>
         <size>0x112</size>
         <input_file_ref idref="fl-2d"/>
      </object_component>
      <object_component id="oc-44">
         <name>.debug_info</name>
         <load_address>0x255b9</load_address>
         <run_address>0x255b9</run_address>
         <size>0x11f</size>
         <input_file_ref idref="fl-2e"/>
      </object_component>
      <object_component id="oc-225">
         <name>.debug_info</name>
         <load_address>0x256d8</load_address>
         <run_address>0x256d8</run_address>
         <size>0x10c</size>
         <input_file_ref idref="fl-2f"/>
      </object_component>
      <object_component id="oc-272">
         <name>.debug_info</name>
         <load_address>0x257e4</load_address>
         <run_address>0x257e4</run_address>
         <size>0x10a</size>
         <input_file_ref idref="fl-2f"/>
      </object_component>
      <object_component id="oc-91">
         <name>.debug_info</name>
         <load_address>0x258ee</load_address>
         <run_address>0x258ee</run_address>
         <size>0x5dc</size>
         <input_file_ref idref="fl-30"/>
      </object_component>
      <object_component id="oc-3e">
         <name>.debug_info</name>
         <load_address>0x25eca</load_address>
         <run_address>0x25eca</run_address>
         <size>0xf3</size>
         <input_file_ref idref="fl-30"/>
      </object_component>
      <object_component id="oc-2c">
         <name>.debug_info</name>
         <load_address>0x25fbd</load_address>
         <run_address>0x25fbd</run_address>
         <size>0x180</size>
         <input_file_ref idref="fl-30"/>
      </object_component>
      <object_component id="oc-36a">
         <name>.debug_info</name>
         <load_address>0x2613d</load_address>
         <run_address>0x2613d</run_address>
         <size>0x551</size>
         <input_file_ref idref="fl-31"/>
      </object_component>
      <object_component id="oc-2d2">
         <name>.debug_info</name>
         <load_address>0x2668e</load_address>
         <run_address>0x2668e</run_address>
         <size>0x1d3</size>
         <input_file_ref idref="fl-31"/>
      </object_component>
      <object_component id="oc-368">
         <name>.debug_info</name>
         <load_address>0x26861</load_address>
         <run_address>0x26861</run_address>
         <size>0x571</size>
         <input_file_ref idref="fl-32"/>
      </object_component>
      <object_component id="oc-35c">
         <name>.debug_info</name>
         <load_address>0x26dd2</load_address>
         <run_address>0x26dd2</run_address>
         <size>0x181</size>
         <input_file_ref idref="fl-32"/>
      </object_component>
      <object_component id="oc-2cc">
         <name>.debug_info</name>
         <load_address>0x26f53</load_address>
         <run_address>0x26f53</run_address>
         <size>0x267</size>
         <input_file_ref idref="fl-32"/>
      </object_component>
      <object_component id="oc-3d6">
         <name>.debug_info</name>
         <load_address>0x271ba</load_address>
         <run_address>0x271ba</run_address>
         <size>0x551</size>
         <input_file_ref idref="fl-33"/>
      </object_component>
      <object_component id="oc-362">
         <name>.debug_info</name>
         <load_address>0x2770b</load_address>
         <run_address>0x2770b</run_address>
         <size>0x1a2</size>
         <input_file_ref idref="fl-33"/>
      </object_component>
      <object_component id="oc-356">
         <name>.debug_info</name>
         <load_address>0x278ad</load_address>
         <run_address>0x278ad</run_address>
         <size>0x189</size>
         <input_file_ref idref="fl-33"/>
      </object_component>
      <object_component id="oc-3d1">
         <name>.debug_info</name>
         <load_address>0x27a36</load_address>
         <run_address>0x27a36</run_address>
         <size>0x39</size>
         <input_file_ref idref="fl-33"/>
      </object_component>
      <object_component id="oc-445">
         <name>.debug_info</name>
         <load_address>0x27a6f</load_address>
         <run_address>0x27a6f</run_address>
         <size>0x2c</size>
         <input_file_ref idref="fl-33"/>
      </object_component>
      <object_component id="oc-119">
         <name>.debug_info</name>
         <load_address>0x27a9b</load_address>
         <run_address>0x27a9b</run_address>
         <size>0x561</size>
         <input_file_ref idref="fl-34"/>
      </object_component>
      <object_component id="oc-a3">
         <name>.debug_info</name>
         <load_address>0x27ffc</load_address>
         <run_address>0x27ffc</run_address>
         <size>0x227</size>
         <input_file_ref idref="fl-34"/>
      </object_component>
      <object_component id="oc-16a">
         <name>.debug_info</name>
         <load_address>0x28223</load_address>
         <run_address>0x28223</run_address>
         <size>0x7c1</size>
         <input_file_ref idref="fl-35"/>
      </object_component>
      <object_component id="oc-cb">
         <name>.debug_info</name>
         <load_address>0x289e4</load_address>
         <run_address>0x289e4</run_address>
         <size>0x1ad</size>
         <input_file_ref idref="fl-35"/>
      </object_component>
      <object_component id="oc-1b6">
         <name>.debug_info</name>
         <load_address>0x28b91</load_address>
         <run_address>0x28b91</run_address>
         <size>0x39</size>
         <input_file_ref idref="fl-35"/>
      </object_component>
      <object_component id="oc-1c2">
         <name>.debug_info</name>
         <load_address>0x28bca</load_address>
         <run_address>0x28bca</run_address>
         <size>0x39</size>
         <input_file_ref idref="fl-35"/>
      </object_component>
      <object_component id="oc-175">
         <name>.debug_info</name>
         <load_address>0x28c03</load_address>
         <run_address>0x28c03</run_address>
         <size>0x39</size>
         <input_file_ref idref="fl-35"/>
      </object_component>
      <object_component id="oc-1bb">
         <name>.debug_info</name>
         <load_address>0x28c3c</load_address>
         <run_address>0x28c3c</run_address>
         <size>0xcd</size>
         <input_file_ref idref="fl-35"/>
      </object_component>
      <object_component id="oc-74">
         <name>.debug_info</name>
         <load_address>0x28d09</load_address>
         <run_address>0x28d09</run_address>
         <size>0x146</size>
         <input_file_ref idref="fl-36"/>
      </object_component>
      <object_component id="oc-15e">
         <name>.debug_info</name>
         <load_address>0x28e4f</load_address>
         <run_address>0x28e4f</run_address>
         <size>0x143</size>
         <input_file_ref idref="fl-37"/>
      </object_component>
      <object_component id="oc-4e">
         <name>.debug_info</name>
         <load_address>0x28f92</load_address>
         <run_address>0x28f92</run_address>
         <size>0x56a</size>
         <input_file_ref idref="fl-3a"/>
      </object_component>
      <object_component id="oc-1a">
         <name>.debug_info</name>
         <load_address>0x294fc</load_address>
         <run_address>0x294fc</run_address>
         <size>0x1ca</size>
         <input_file_ref idref="fl-3a"/>
      </object_component>
      <object_component id="oc-49">
         <name>.debug_info</name>
         <load_address>0x296c6</load_address>
         <run_address>0x296c6</run_address>
         <size>0x46</size>
         <input_file_ref idref="fl-3a"/>
      </object_component>
      <object_component id="oc-96">
         <name>.debug_info</name>
         <load_address>0x2970c</load_address>
         <run_address>0x2970c</run_address>
         <size>0x2c</size>
         <input_file_ref idref="fl-3a"/>
      </object_component>
      <object_component id="oc-a9">
         <name>.debug_info</name>
         <load_address>0x29738</load_address>
         <run_address>0x29738</run_address>
         <size>0x59b</size>
         <input_file_ref idref="fl-3b"/>
      </object_component>
      <object_component id="oc-50">
         <name>.debug_info</name>
         <load_address>0x29cd3</load_address>
         <run_address>0x29cd3</run_address>
         <size>0x252</size>
         <input_file_ref idref="fl-3b"/>
      </object_component>
      <object_component id="oc-20">
         <name>.debug_info</name>
         <load_address>0x29f25</load_address>
         <run_address>0x29f25</run_address>
         <size>0x1af</size>
         <input_file_ref idref="fl-3b"/>
      </object_component>
      <object_component id="oc-56">
         <name>.debug_info</name>
         <load_address>0x2a0d4</load_address>
         <run_address>0x2a0d4</run_address>
         <size>0x46</size>
         <input_file_ref idref="fl-3b"/>
      </object_component>
      <object_component id="oc-121">
         <name>.debug_info</name>
         <load_address>0x2a11a</load_address>
         <run_address>0x2a11a</run_address>
         <size>0x39</size>
         <input_file_ref idref="fl-3b"/>
      </object_component>
      <object_component id="oc-aa">
         <name>.debug_info</name>
         <load_address>0x2a153</load_address>
         <run_address>0x2a153</run_address>
         <size>0x2c</size>
         <input_file_ref idref="fl-3b"/>
      </object_component>
      <object_component id="oc-383">
         <name>.debug_info</name>
         <load_address>0x2a17f</load_address>
         <run_address>0x2a17f</run_address>
         <size>0x588</size>
         <input_file_ref idref="fl-3c"/>
      </object_component>
      <object_component id="oc-302">
         <name>.debug_info</name>
         <load_address>0x2a707</load_address>
         <run_address>0x2a707</run_address>
         <size>0x1ef</size>
         <input_file_ref idref="fl-3c"/>
      </object_component>
      <object_component id="oc-23c">
         <name>.debug_info</name>
         <load_address>0x2a8f6</load_address>
         <run_address>0x2a8f6</run_address>
         <size>0x144</size>
         <input_file_ref idref="fl-3d"/>
      </object_component>
      <object_component id="oc-373">
         <name>.debug_info</name>
         <load_address>0x2aa3a</load_address>
         <run_address>0x2aa3a</run_address>
         <size>0x7f</size>
         <input_file_ref idref="fl-3d"/>
      </object_component>
      <object_component id="oc-451">
         <name>.debug_info</name>
         <load_address>0x2aab9</load_address>
         <run_address>0x2aab9</run_address>
         <size>0x53</size>
         <input_file_ref idref="fl-3d"/>
      </object_component>
      <object_component id="oc-3e8">
         <name>.debug_info</name>
         <load_address>0x2ab0c</load_address>
         <run_address>0x2ab0c</run_address>
         <size>0x2c</size>
         <input_file_ref idref="fl-3d"/>
      </object_component>
      <object_component id="oc-3e3">
         <name>.debug_info</name>
         <load_address>0x2ab38</load_address>
         <run_address>0x2ab38</run_address>
         <size>0x39</size>
         <input_file_ref idref="fl-3d"/>
      </object_component>
      <object_component id="oc-385">
         <name>.debug_info</name>
         <load_address>0x2ab71</load_address>
         <run_address>0x2ab71</run_address>
         <size>0x588</size>
         <input_file_ref idref="fl-3e"/>
      </object_component>
      <object_component id="oc-308">
         <name>.debug_info</name>
         <load_address>0x2b0f9</load_address>
         <run_address>0x2b0f9</run_address>
         <size>0x1c8</size>
         <input_file_ref idref="fl-3e"/>
      </object_component>
      <object_component id="oc-242">
         <name>.debug_info</name>
         <load_address>0x2b2c1</load_address>
         <run_address>0x2b2c1</run_address>
         <size>0x13e</size>
         <input_file_ref idref="fl-3f"/>
      </object_component>
      <object_component id="oc-2e1">
         <name>.debug_info</name>
         <load_address>0x2b3ff</load_address>
         <run_address>0x2b3ff</run_address>
         <size>0x243</size>
         <input_file_ref idref="fl-40"/>
      </object_component>
      <object_component id="oc-3ed">
         <name>.debug_info</name>
         <load_address>0x2b642</load_address>
         <run_address>0x2b642</run_address>
         <size>0x60</size>
         <input_file_ref idref="fl-40"/>
      </object_component>
      <object_component id="oc-378">
         <name>.debug_info</name>
         <load_address>0x2b6a2</load_address>
         <run_address>0x2b6a2</run_address>
         <size>0x46</size>
         <input_file_ref idref="fl-40"/>
      </object_component>
      <object_component id="oc-36e">
         <name>.debug_info</name>
         <load_address>0x2b6e8</load_address>
         <run_address>0x2b6e8</run_address>
         <size>0x165</size>
         <input_file_ref idref="fl-41"/>
      </object_component>
      <object_component id="oc-44c">
         <name>.debug_info</name>
         <load_address>0x2b84d</load_address>
         <run_address>0x2b84d</run_address>
         <size>0x2c</size>
         <input_file_ref idref="fl-41"/>
      </object_component>
      <object_component id="oc-3de">
         <name>.debug_info</name>
         <load_address>0x2b879</load_address>
         <run_address>0x2b879</run_address>
         <size>0x2c</size>
         <input_file_ref idref="fl-41"/>
      </object_component>
      <object_component id="oc-1b3">
         <name>.debug_info</name>
         <load_address>0x2b8a5</load_address>
         <run_address>0x2b8a5</run_address>
         <size>0x6f7</size>
         <input_file_ref idref="fl-42"/>
      </object_component>
      <object_component id="oc-164">
         <name>.debug_info</name>
         <load_address>0x2bf9c</load_address>
         <run_address>0x2bf9c</run_address>
         <size>0x20d</size>
         <input_file_ref idref="fl-42"/>
      </object_component>
      <object_component id="oc-299">
         <name>.debug_info</name>
         <load_address>0x2c1a9</load_address>
         <run_address>0x2c1a9</run_address>
         <size>0x2c</size>
         <input_file_ref idref="fl-42"/>
      </object_component>
      <object_component id="oc-29e">
         <name>.debug_info</name>
         <load_address>0x2c1d5</load_address>
         <run_address>0x2c1d5</run_address>
         <size>0x39</size>
         <input_file_ref idref="fl-42"/>
      </object_component>
      <object_component id="oc-c8">
         <name>.debug_info</name>
         <load_address>0x2c20e</load_address>
         <run_address>0x2c20e</run_address>
         <size>0x599</size>
         <input_file_ref idref="fl-43"/>
      </object_component>
      <object_component id="oc-bf">
         <name>.debug_info</name>
         <load_address>0x2c7a7</load_address>
         <run_address>0x2c7a7</run_address>
         <size>0x183</size>
         <input_file_ref idref="fl-43"/>
      </object_component>
      <object_component id="oc-c2">
         <name>.debug_info</name>
         <load_address>0x2c92a</load_address>
         <run_address>0x2c92a</run_address>
         <size>0x115</size>
         <input_file_ref idref="fl-43"/>
      </object_component>
      <object_component id="oc-6e">
         <name>.debug_info</name>
         <load_address>0x2ca3f</load_address>
         <run_address>0x2ca3f</run_address>
         <size>0x175</size>
         <input_file_ref idref="fl-43"/>
      </object_component>
      <object_component id="oc-94">
         <name>.debug_info</name>
         <load_address>0x2cbb4</load_address>
         <run_address>0x2cbb4</run_address>
         <size>0x60b</size>
         <input_file_ref idref="fl-44"/>
      </object_component>
      <object_component id="oc-41">
         <name>.debug_info</name>
         <load_address>0x2d1bf</load_address>
         <run_address>0x2d1bf</run_address>
         <size>0xff</size>
         <input_file_ref idref="fl-44"/>
      </object_component>
      <object_component id="oc-3fd">
         <name>.debug_info</name>
         <load_address>0x2d2be</load_address>
[...]
         <value>0x800051d0</value>
         <object_component_ref idref="oc-32"/>
      </symbol>
      <symbol id="sm-198">
         <name>INTC__enExceptionCombineAdd</name>
         <value>0x80005414</value>
         <object_component_ref idref="oc-32"/>
      </symbol>
      <symbol id="sm-199">
         <name>INTC__enEventCombineAdd</name>
         <value>0x800050f0</value>
         <object_component_ref idref="oc-32"/>
      </symbol>
      <symbol id="sm-19a">
         <name>INTC__enCpuIntRegisterRoutine</name>
         <value>0x80004f20</value>
         <object_component_ref idref="oc-32"/>
      </symbol>
      <symbol id="sm-19b">
         <name>INTC__vInt12Handler</name>
         <value>0x80002e18</value>
         <object_component_ref idref="oc-31"/>
      </symbol>
      <symbol id="sm-19c">
         <name>INTC__vInt15Handler</name>
         <value>0x800031e4</value>
         <object_component_ref idref="oc-31"/>
      </symbol>
      <symbol id="sm-19d">
         <name>INTC__vInt7Handler</name>
         <value>0x800027c8</value>
         <object_component_ref idref="oc-31"/>
      </symbol>
      <symbol id="sm-19e">
         <name>INTC__enEventCombineInit</name>
         <value>0x80005214</value>
         <object_component_ref idref="oc-32"/>
      </symbol>
      <symbol id="sm-19f">
         <name>INTC__vInt9Handler</name>
         <value>0x80002a4c</value>
         <object_component_ref idref="oc-31"/>
      </symbol>
      <symbol id="sm-1a0">
         <name>INTC__enCpuNmiEnable</name>
         <value>0x80004de4</value>
         <object_component_ref idref="oc-32"/>
      </symbol>
      <symbol id="sm-1a1">
         <name>INTC__vNmiHandler</name>
         <value>0x80002064</value>
         <object_component_ref idref="oc-31"/>
      </symbol>
      <symbol id="sm-1a2">
         <name>INTC__vInt13Handler</name>
         <value>0x80002f5c</value>
         <object_component_ref idref="oc-31"/>
      </symbol>
      <symbol id="sm-1a3">
         <name>INTC__enCpuIntUnRegisterRoutine</name>
         <value>0x80004f64</value>
         <object_component_ref idref="oc-32"/>
      </symbol>
      <symbol id="sm-1a4">
         <name>INTC__vInt4Handler</name>
         <value>0x80002408</value>
         <object_component_ref idref="oc-31"/>
      </symbol>
      <symbol id="sm-1a5">
         <name>INTC__vInt5Handler</name>
         <value>0x80002548</value>
         <object_component_ref idref="oc-31"/>
      </symbol>
      <symbol id="sm-1a6">
         <name>INTC__vRsvd3Handler</name>
         <value>0x800022d0</value>
         <object_component_ref idref="oc-31"/>
      </symbol>
      <symbol id="sm-1a7">
         <name>INTC__vExceptionGlobalEnable</name>
         <value>0x800053f0</value>
         <object_component_ref idref="oc-32"/>
      </symbol>
      <symbol id="sm-1a8">
         <name>INTC__enCpuIntDisable</name>
         <value>0x80004e34</value>
         <object_component_ref idref="oc-32"/>
      </symbol>
      <symbol id="sm-1a9">
         <name>INTC__enEventClear</name>
         <value>0x800050b0</value>
         <object_component_ref idref="oc-32"/>
      </symbol>
      <symbol id="sm-1aa">
         <name>INTC__ExceptionCombineRemove</name>
         <value>0x80005468</value>
         <object_component_ref idref="oc-32"/>
      </symbol>
      <symbol id="sm-1ab">
         <name>INTC__enEventMap2CpuInt</name>
         <value>0x80004fa8</value>
         <object_component_ref idref="oc-32"/>
      </symbol>
      <symbol id="sm-1ac">
         <name>INTC__vInt10Handler</name>
         <value>0x80002b90</value>
         <object_component_ref idref="oc-31"/>
      </symbol>
      <symbol id="sm-241">
         <name>PSC1__enSyncReset</name>
         <value>0x80004258</value>
         <object_component_ref idref="oc-134"/>
      </symbol>
      <symbol id="sm-242">
         <name>PSC0__enEnableLPSC</name>
         <value>0x80004778</value>
         <object_component_ref idref="oc-134"/>
      </symbol>
      <symbol id="sm-243">
         <name>PSC1__enEnableLPSC</name>
         <value>0x800043a0</value>
         <object_component_ref idref="oc-134"/>
      </symbol>
      <symbol id="sm-244">
         <name>PSC0__enEnableCore</name>
         <value>0x800044e0</value>
         <object_component_ref idref="oc-134"/>
      </symbol>
      <symbol id="sm-245">
         <name>PSC1__enForceLPSC</name>
         <value>0x80004220</value>
         <object_component_ref idref="oc-134"/>
      </symbol>
      <symbol id="sm-246">
         <name>PSC__enInit</name>
         <value>0x800048b8</value>
         <object_component_ref idref="oc-134"/>
      </symbol>
      <symbol id="sm-247">
         <name>PSC0__enSyncReset</name>
         <value>0x80004634</value>
         <object_component_ref idref="oc-134"/>
      </symbol>
      <symbol id="sm-248">
         <name>PSC0__enEnableDsp</name>
         <value>0x800041e0</value>
         <object_component_ref idref="oc-134"/>
      </symbol>
      <symbol id="sm-251">
         <name>INTC__vVectorTable</name>
         <value>0x80012800</value>
         <object_component_ref idref="oc-27"/>
      </symbol>
      <symbol id="sm-2cd">
         <name>u32Test2</name>
         <value>0x800050</value>
         <object_component_ref idref="oc-128"/>
      </symbol>
      <symbol id="sm-2ce">
         <name>u32Test1</name>
         <value>0x800028</value>
         <object_component_ref idref="oc-128"/>
      </symbol>
      <symbol id="sm-2cf">
         <name>u32Test</name>
         <value>0x800000</value>
         <object_component_ref idref="oc-128"/>
      </symbol>
      <symbol id="sm-2d0">
         <name>main</name>
         <value>0x80007460</value>
         <object_component_ref idref="oc-b6"/>
      </symbol>
      <symbol id="sm-2d1">
         <name>filler</name>
         <value>0x800122e4</value>
         <object_component_ref idref="oc-12b"/>
      </symbol>
      <symbol id="sm-2f9">
         <name>printf</name>
         <value>0x80009400</value>
         <object_component_ref idref="oc-12e"/>
      </symbol>
      <symbol id="sm-514">
         <name>__TI_printfi</name>
         <value>0x80000080</value>
         <object_component_ref idref="oc-19c"/>
      </symbol>
      <symbol id="sm-533">
         <name>putc</name>
         <value>0x80007a60</value>
         <object_component_ref idref="oc-216"/>
      </symbol>
      <symbol id="sm-534">
         <name>fputc</name>
         <value>0x80007a60</value>
         <object_component_ref idref="oc-216"/>
      </symbol>
      <symbol id="sm-568">
         <name>fputs</name>
         <value>0x800069e0</value>
         <object_component_ref idref="oc-21d"/>
      </symbol>
      <symbol id="sm-57e">
         <name>__TI_wrt_ok</name>
         <value>0x80009080</value>
         <object_component_ref idref="oc-2af"/>
      </symbol>
      <symbol id="sm-59a">
         <name>setvbuf</name>
         <value>0x80008160</value>
         <object_component_ref idref="oc-33d"/>
      </symbol>
      <symbol id="sm-5a3">
         <name>__c6xabi_divu</name>
         <value>0x80009720</value>
         <object_component_ref idref="oc-2d7"/>
      </symbol>
      <symbol id="sm-5a4">
         <name>__divu</name>
         <value>0x80009720</value>
         <object_component_ref idref="oc-2d7"/>
      </symbol>
      <symbol id="sm-5ad">
         <name>memcpy</name>
         <value>0x80009c80</value>
         <object_component_ref idref="oc-43"/>
      </symbol>
      <symbol id="sm-5bb">
         <name>__c6xabi_push_rts</name>
         <value>0x8000a300</value>
         <object_component_ref idref="oc-224"/>
      </symbol>
      <symbol id="sm-5bc">
         <name>__pop_rts</name>
         <value>0x8000a2e0</value>
         <object_component_ref idref="oc-271"/>
      </symbol>
      <symbol id="sm-5bd">
         <name>__c6xabi_pop_rts</name>
         <value>0x8000a2e0</value>
         <object_component_ref idref="oc-271"/>
      </symbol>
      <symbol id="sm-5be">
         <name>__push_rts</name>
         <value>0x8000a300</value>
         <object_component_ref idref="oc-224"/>
      </symbol>
      <symbol id="sm-5d4">
         <name>_c_int00</name>
         <value>0x80000000</value>
         <object_component_ref idref="oc-26"/>
      </symbol>
      <symbol id="sm-5d5">
         <name>_stack</name>
         <value>0x8000a440</value>
         <object_component_ref idref="oc-3d"/>
      </symbol>
      <symbol id="sm-5e6">
         <name>__c6xabi_divul</name>
         <value>0x800078a0</value>
         <object_component_ref idref="oc-2d1"/>
      </symbol>
      <symbol id="sm-602">
         <name>_subcull</name>
         <value>0x8000a000</value>
         <object_component_ref idref="oc-35b"/>
      </symbol>
      <symbol id="sm-603">
         <name>__c6xabi_divull</name>
         <value>0x80007200</value>
         <object_component_ref idref="oc-2cb"/>
      </symbol>
      <symbol id="sm-623">
         <name>__c6xabi_llshru</name>
         <value>0x80009fa0</value>
         <object_component_ref idref="oc-361"/>
      </symbol>
      <symbol id="sm-624">
         <name>__c6xabi_llshl</name>
         <value>0x80009e40</value>
         <object_component_ref idref="oc-355"/>
      </symbol>
      <symbol id="sm-634">
         <name>memset</name>
         <value>0x80009320</value>
         <object_component_ref idref="oc-a2"/>
      </symbol>
      <symbol id="sm-659">
         <name>__TI_auto_init_nobinit_nopinit</name>
         <value>0x80009660</value>
         <object_component_ref idref="oc-ca"/>
      </symbol>
      <symbol id="sm-662">
         <name>_system_pre_init</name>
         <value>0x8000a3c0</value>
         <object_component_ref idref="oc-73"/>
      </symbol>
      <symbol id="sm-66b">
         <name>_system_post_cinit</name>
         <value>0x8000a3a0</value>
         <object_component_ref idref="oc-15d"/>
      </symbol>
      <symbol id="sm-684">
         <name>__TI_decompress_none</name>
         <value>0x8000a400</value>
         <object_component_ref idref="oc-19"/>
      </symbol>
      <symbol id="sm-6af">
         <name>__TI_decompress_rle24</name>
         <value>0x8000a420</value>
         <object_component_ref idref="oc-1f"/>
      </symbol>
      <symbol id="sm-6c3">
         <name>frexpl</name>
         <value>0x80007c20</value>
         <object_component_ref idref="oc-301"/>
      </symbol>
      <symbol id="sm-6c4">
         <name>frexp</name>
         <value>0x80007c20</value>
         <object_component_ref idref="oc-301"/>
      </symbol>
      <symbol id="sm-6e1">
         <name>__c6xabi_isinf</name>
         <value>0x8000a1c0</value>
         <object_component_ref idref="oc-23b"/>
      </symbol>
      <symbol id="sm-6f6">
         <name>scalbn</name>
         <value>0x80007de0</value>
         <object_component_ref idref="oc-307"/>
      </symbol>
      <symbol id="sm-6f7">
         <name>scalbnl</name>
         <value>0x80007de0</value>
         <object_component_ref idref="oc-307"/>
      </symbol>
      <symbol id="sm-6f8">
         <name>ldexpl</name>
         <value>0x80007de0</value>
         <object_component_ref idref="oc-307"/>
      </symbol>
      <symbol id="sm-6f9">
         <name>ldexp</name>
         <value>0x80007de0</value>
         <object_component_ref idref="oc-307"/>
      </symbol>
      <symbol id="sm-702">
         <name>_signbit</name>
         <value>0x8000a380</value>
         <object_component_ref idref="oc-241"/>
      </symbol>
      <symbol id="sm-721">
         <name>__c6xabi_divd</name>
         <value>0x80005c20</value>
         <object_component_ref idref="oc-2e0"/>
      </symbol>
      <symbol id="sm-734">
         <name>__TI_frcmpyd_div</name>
         <value>0x8000a180</value>
         <object_component_ref idref="oc-36c"/>
      </symbol>
      <symbol id="sm-74d">
         <name>__TI_tls_init</name>
         <value>0x800098a0</value>
         <object_component_ref idref="oc-163"/>
      </symbol>
      <symbol id="sm-76e">
         <name>C$$EXIT</name>
         <value>0x8000a3e0</value>
         <object_component_ref idref="oc-c1"/>
      </symbol>
      <symbol id="sm-76f">
         <name>abort</name>
         <value>0x8000a3e0</value>
         <object_component_ref idref="oc-c1"/>
      </symbol>
      <symbol id="sm-770">
         <name>exit</name>
         <value>0x80009240</value>
         <object_component_ref idref="oc-6d"/>
      </symbol>
      <symbol id="sm-771">
         <name>__TI_dtors_ptr</name>
         <value>0x800122c4</value>
         <object_component_ref idref="oc-be"/>
      </symbol>
      <symbol id="sm-772">
         <name>__TI_cleanup_ptr</name>
         <value>0x800122c0</value>
         <object_component_ref idref="oc-be"/>
      </symbol>
      <symbol id="sm-773">
         <name>__TI_enable_exit_profile_output</name>
         <value>0x800122c8</value>
         <object_component_ref idref="oc-be"/>
      </symbol>
      <symbol id="sm-7de">
         <name>_sys_memory</name>
         <value>0x80011440</value>
         <object_component_ref idref="oc-40"/>
      </symbol>
      <symbol id="sm-7df">
         <name>free</name>
         <value>0x80006620</value>
         <object_component_ref idref="oc-3a0"/>
      </symbol>
      <symbol id="sm-7e0">
         <name>malloc</name>
         <value>0x80007fa0</value>
         <object_component_ref idref="oc-3a6"/>
      </symbol>
      <symbol id="sm-7f6">
         <name>_nop</name>
         <value>0x8000a320</value>
         <object_component_ref idref="oc-207"/>
      </symbol>
      <symbol id="sm-7f7">
         <name>_lock</name>
         <value>0x800122d4</value>
         <object_component_ref idref="oc-187"/>
      </symbol>
      <symbol id="sm-7f8">
         <name>_unlock</name>
         <value>0x800122d8</value>
         <object_component_ref idref="oc-18d"/>
      </symbol>
      <symbol id="sm-808">
         <name>__TI_ltoa</name>
         <value>0x80008fa0</value>
         <object_component_ref idref="oc-2e6"/>
      </symbol>
      <symbol id="sm-81a">
         <name>_args_main</name>
         <value>0x8000a240</value>
         <object_component_ref idref="oc-67"/>
      </symbol>
      <symbol id="sm-82e">
         <name>atoi</name>
         <value>0x80008b00</value>
         <object_component_ref idref="oc-229"/>
      </symbol>
      <symbol id="sm-838">
         <name>_ctypes_</name>
         <value>0x80012488</value>
         <object_component_ref idref="oc-2c6"/>
      </symbol>
      <symbol id="sm-848">
         <name>__TI_tmpnams</name>
         <value>0x80011e40</value>
      </symbol>
      <symbol id="sm-849">
         <name>_ftable</name>
         <value>0x80011fc8</value>
         <object_component_ref idref="oc-18a"/>
      </symbol>
      <symbol id="sm-84a">
         <name>__TI_ft_end</name>
         <value>0x800122dc</value>
         <object_component_ref idref="oc-40d"/>
      </symbol>
      <symbol id="sm-85b">
         <name>memccpy</name>
         <value>0x8000a0c0</value>
         <object_component_ref idref="oc-25f"/>
      </symbol>
      <symbol id="sm-87e">
         <name>_stream</name>
         <value>0x800121a8</value>
         <object_component_ref idref="oc-347"/>
      </symbol>
      <symbol id="sm-87f">
         <name>_device</name>
         <value>0x80012248</value>
         <object_component_ref idref="oc-3bd"/>
      </symbol>
      <symbol id="sm-880">
         <name>write</name>
         <value>0x8000a120</value>
         <object_component_ref idref="oc-2bb"/>
      </symbol>
      <symbol id="sm-891">
         <name>__errno</name>
         <value>0x800122e0</value>
         <object_component_ref idref="oc-317"/>
      </symbol>
      <symbol id="sm-892">
         <name>errno</name>
         <value>0x800122e0</value>
         <object_component_ref idref="oc-317"/>
      </symbol>
      <symbol id="sm-893">
         <name>__c6xabi_errno_addr</name>
         <value>0x8000a2c0</value>
         <object_component_ref idref="oc-26b"/>
      </symbol>
      <symbol id="sm-8ae">
         <name>wcslen</name>
         <value>0x8000a280</value>
         <object_component_ref idref="oc-265"/>
      </symbol>
      <symbol id="sm-8bd">
         <name>__TI_doflush</name>
         <value>0x80009aa0</value>
         <object_component_ref idref="oc-2b5"/>
      </symbol>
      <symbol id="sm-8cb">
         <name>__TI_cleanup</name>
         <value>0x80009a00</value>
         <object_component_ref idref="oc-3ac"/>
      </symbol>
      <symbol id="sm-8e3">
         <name>fseek</name>
         <value>0x80008c00</value>
         <object_component_ref idref="oc-337"/>
      </symbol>
      <symbol id="sm-8f3">
         <name>lseek</name>
         <value>0x8000a060</value>
         <object_component_ref idref="oc-398"/>
      </symbol>
      <symbol id="sm-904">
         <name>HOSTclose</name>
         <value>0x80009960</value>
         <object_component_ref idref="oc-41f"/>
      </symbol>
      <symbol id="sm-914">
         <name>HOSTlseek</name>
         <value>0x80008d00</value>
         <object_component_ref idref="oc-431"/>
      </symbol>
      <symbol id="sm-928">
         <name>parmbuf</name>
         <value>0x80011fc0</value>
      </symbol>
      <symbol id="sm-929">
         <name>HOSTopen</name>
         <value>0x80008de0</value>
         <object_component_ref idref="oc-419"/>
      </symbol>
      <symbol id="sm-939">
         <name>HOSTread</name>
         <value>0x800094e0</value>
         <object_component_ref idref="oc-425"/>
      </symbol>
      <symbol id="sm-957">
         <name>HOSTrename</name>
         <value>0x80008320</value>
         <object_component_ref idref="oc-43d"/>
      </symbol>
      <symbol id="sm-96a">
         <name>HOSTunlink</name>
         <value>0x800095a0</value>
         <object_component_ref idref="oc-437"/>
      </symbol>
      <symbol id="sm-97a">
         <name>HOSTwrite</name>
         <value>0x80008ec0</value>
         <object_component_ref idref="oc-42b"/>
      </symbol>
      <symbol id="sm-9a0">
         <name>__TI_readmsg</name>
         <value>0x80009dc0</value>
         <object_component_ref idref="oc-476"/>
      </symbol>
      <symbol id="sm-9a1">
         <name>C$$IO$$</name>
         <value>0x80009f98</value>
         <object_component_ref idref="oc-470"/>
      </symbol>
      <symbol id="sm-9a2">
         <name>__CIOBUF_</name>
         <value>0x800125b0</value>
         <object_component_ref idref="oc-497"/>
      </symbol>
      <symbol id="sm-9a3">
         <name>__TI_writemsg</name>
         <value>0x80009f40</value>
         <object_component_ref idref="oc-470"/>
      </symbol>
      <symbol id="sm-9bc">
         <name>__TI_closefile</name>
         <value>0x80008800</value>
         <object_component_ref idref="oc-410"/>
      </symbol>
      <symbol id="sm-9e6">
         <name>finddevice</name>
         <value>0x80009be0</value>
         <object_component_ref idref="oc-4ab"/>
      </symbol>
      <symbol id="sm-9e7">
         <name>getdevice</name>
         <value>0x800085e0</value>
         <object_component_ref idref="oc-48b"/>
      </symbol>
      <symbol id="sm-9f9">
         <name>close</name>
         <value>0x80009160</value>
         <object_component_ref idref="oc-45e"/>
      </symbol>
      <symbol id="sm-a0a">
         <name>unlink</name>
         <value>0x80009ec0</value>
         <object_component_ref idref="oc-464"/>
      </symbol>
      <symbol id="sm-a0b">
         <name>__TI_STATIC_BASE</name>
         <value>0x800122e4</value>
      </symbol>
      <symbol id="sm-a0d">
         <name>__TI_TLS_INIT_Base</name>
         <value>0x0</value>
      </symbol>
      <symbol id="sm-a0e">
         <name>__TI_TLS_INIT_Limit</name>
         <value>0x0</value>
      </symbol>
      <symbol id="sm-a0f">
         <name>remove</name>
         <value>0x80009ec0</value>
      </symbol>
   </symbol_table>
   <title>Link successful</title>
</link_info>
